../Drivers/STM32L0xx_HAL_Driver/Src/stm32l0xx_ll_rcc.c:620:17:RCC_GetHCLKClockFreq	0	static
../Drivers/STM32L0xx_HAL_Driver/Src/stm32l0xx_ll_rcc.c:631:17:RCC_GetPCLK1ClockFreq	0	static
../Drivers/STM32L0xx_HAL_Driver/Src/stm32l0xx_ll_rcc.c:642:17:RCC_GetPCLK2ClockFreq	0	static
../Drivers/STM32L0xx_HAL_Driver/Src/stm32l0xx_ll_rcc.c:652:17:RCC_PLL_GetFreqDomain_SYS	8	static
../Drivers/STM32L0xx_HAL_Driver/Src/stm32l0xx_ll_rcc.c:577:17:RCC_GetSystemClockFreq	8	static
../Drivers/STM32L0xx_HAL_Driver/Src/stm32l0xx_ll_rcc.c:110:13:LL_RCC_DeInit	8	static,ignoring_inline_asm
../Drivers/STM32L0xx_HAL_Driver/Src/stm32l0xx_ll_rcc.c:220:6:LL_RCC_GetSystemClocksFreq	8	static
../Drivers/STM32L0xx_HAL_Driver/Src/stm32l0xx_ll_rcc.c:245:10:LL_RCC_GetUSARTClockFreq	8	static
../Drivers/STM32L0xx_HAL_Driver/Src/stm32l0xx_ll_rcc.c:342:10:LL_RCC_GetI2CClockFreq	8	static
../Drivers/STM32L0xx_HAL_Driver/Src/stm32l0xx_ll_rcc.c:421:10:LL_RCC_GetLPUARTClockFreq	8	static
../Drivers/STM32L0xx_HAL_Driver/Src/stm32l0xx_ll_rcc.c:472:10:LL_RCC_GetLPTIMClockFreq	8	static
