../Drivers/STM32L0xx_HAL_Driver/Inc/stm32l0xx_ll_usart.h:1613:22:LL_USART_SetBaudRate	16	static
../Drivers/STM32L0xx_HAL_Driver/Src/stm32l0xx_ll_usart.c:126:13:LL_USART_DeInit	0	static
../Drivers/STM32L0xx_HAL_Driver/Src/stm32l0xx_ll_usart.c:197:13:LL_USART_Init	16	static
../Drivers/STM32L0xx_HAL_Driver/Src/stm32l0xx_ll_usart.c:313:6:LL_USART_StructInit	0	static
../Drivers/STM32L0xx_HAL_Driver/Src/stm32l0xx_ll_usart.c:339:13:LL_USART_ClockInit	8	static
../Drivers/STM32L0xx_HAL_Driver/Src/stm32l0xx_ll_usart.c:397:6:LL_USART_ClockStructInit	0	static
