Archive member included to satisfy reference by file (symbol)

/opt/st/stm32cubeide_1.18.0/plugins/com.st.stm32cube.ide.mcu.externaltools.gnu-tools-for-stm32.13.3.rel1.linux64_1.0.0.202410170706/tools/bin/../lib/gcc/arm-none-eabi/13.3.1/../../../../arm-none-eabi/lib/thumb/v6-m/nofp/libc_nano.a(libc_a-exit.o)
                              /opt/st/stm32cubeide_1.18.0/plugins/com.st.stm32cube.ide.mcu.externaltools.gnu-tools-for-stm32.13.3.rel1.linux64_1.0.0.202410170706/tools/bin/../lib/gcc/arm-none-eabi/13.3.1/../../../../arm-none-eabi/lib/thumb/v6-m/nofp/crt0.o (exit)
/opt/st/stm32cubeide_1.18.0/plugins/com.st.stm32cube.ide.mcu.externaltools.gnu-tools-for-stm32.13.3.rel1.linux64_1.0.0.202410170706/tools/bin/../lib/gcc/arm-none-eabi/13.3.1/../../../../arm-none-eabi/lib/thumb/v6-m/nofp/libc_nano.a(libc_a-malloc.o)
                              ./mems/lis3dh.o (malloc)
/opt/st/stm32cubeide_1.18.0/plugins/com.st.stm32cube.ide.mcu.externaltools.gnu-tools-for-stm32.13.3.rel1.linux64_1.0.0.202410170706/tools/bin/../lib/gcc/arm-none-eabi/13.3.1/../../../../arm-none-eabi/lib/thumb/v6-m/nofp/libc_nano.a(libc_a-mallocr.o)
                              /opt/st/stm32cubeide_1.18.0/plugins/com.st.stm32cube.ide.mcu.externaltools.gnu-tools-for-stm32.13.3.rel1.linux64_1.0.0.202410170706/tools/bin/../lib/gcc/arm-none-eabi/13.3.1/../../../../arm-none-eabi/lib/thumb/v6-m/nofp/libc_nano.a(libc_a-malloc.o) (_malloc_r)
/opt/st/stm32cubeide_1.18.0/plugins/com.st.stm32cube.ide.mcu.externaltools.gnu-tools-for-stm32.13.3.rel1.linux64_1.0.0.202410170706/tools/bin/../lib/gcc/arm-none-eabi/13.3.1/../../../../arm-none-eabi/lib/thumb/v6-m/nofp/libc_nano.a(libc_a-mlock.o)
                              /opt/st/stm32cubeide_1.18.0/plugins/com.st.stm32cube.ide.mcu.externaltools.gnu-tools-for-stm32.13.3.rel1.linux64_1.0.0.202410170706/tools/bin/../lib/gcc/arm-none-eabi/13.3.1/../../../../arm-none-eabi/lib/thumb/v6-m/nofp/libc_nano.a(libc_a-mallocr.o) (__malloc_lock)
/opt/st/stm32cubeide_1.18.0/plugins/com.st.stm32cube.ide.mcu.externaltools.gnu-tools-for-stm32.13.3.rel1.linux64_1.0.0.202410170706/tools/bin/../lib/gcc/arm-none-eabi/13.3.1/../../../../arm-none-eabi/lib/thumb/v6-m/nofp/libc_nano.a(libc_a-rand.o)
                              ./instance/instance.o (rand)
/opt/st/stm32cubeide_1.18.0/plugins/com.st.stm32cube.ide.mcu.externaltools.gnu-tools-for-stm32.13.3.rel1.linux64_1.0.0.202410170706/tools/bin/../lib/gcc/arm-none-eabi/13.3.1/../../../../arm-none-eabi/lib/thumb/v6-m/nofp/libc_nano.a(libc_a-ctype_.o)
                              ./cmd/cmd.o (_ctype_)
/opt/st/stm32cubeide_1.18.0/plugins/com.st.stm32cube.ide.mcu.externaltools.gnu-tools-for-stm32.13.3.rel1.linux64_1.0.0.202410170706/tools/bin/../lib/gcc/arm-none-eabi/13.3.1/../../../../arm-none-eabi/lib/thumb/v6-m/nofp/libc_nano.a(libc_a-findfp.o)
                              /opt/st/stm32cubeide_1.18.0/plugins/com.st.stm32cube.ide.mcu.externaltools.gnu-tools-for-stm32.13.3.rel1.linux64_1.0.0.202410170706/tools/bin/../lib/gcc/arm-none-eabi/13.3.1/../../../../arm-none-eabi/lib/thumb/v6-m/nofp/libc_nano.a(libc_a-exit.o) (__stdio_exit_handler)
/opt/st/stm32cubeide_1.18.0/plugins/com.st.stm32cube.ide.mcu.externaltools.gnu-tools-for-stm32.13.3.rel1.linux64_1.0.0.202410170706/tools/bin/../lib/gcc/arm-none-eabi/13.3.1/../../../../arm-none-eabi/lib/thumb/v6-m/nofp/libc_nano.a(libc_a-fwalk.o)
                              /opt/st/stm32cubeide_1.18.0/plugins/com.st.stm32cube.ide.mcu.externaltools.gnu-tools-for-stm32.13.3.rel1.linux64_1.0.0.202410170706/tools/bin/../lib/gcc/arm-none-eabi/13.3.1/../../../../arm-none-eabi/lib/thumb/v6-m/nofp/libc_nano.a(libc_a-findfp.o) (_fwalk_sglue)
/opt/st/stm32cubeide_1.18.0/plugins/com.st.stm32cube.ide.mcu.externaltools.gnu-tools-for-stm32.13.3.rel1.linux64_1.0.0.202410170706/tools/bin/../lib/gcc/arm-none-eabi/13.3.1/../../../../arm-none-eabi/lib/thumb/v6-m/nofp/libc_nano.a(libc_a-sprintf.o)
                              ./cmd/cmd_fn.o (sprintf)
/opt/st/stm32cubeide_1.18.0/plugins/com.st.stm32cube.ide.mcu.externaltools.gnu-tools-for-stm32.13.3.rel1.linux64_1.0.0.202410170706/tools/bin/../lib/gcc/arm-none-eabi/13.3.1/../../../../arm-none-eabi/lib/thumb/v6-m/nofp/libc_nano.a(libc_a-sscanf.o)
                              ./cmd/cmd.o (sscanf)
/opt/st/stm32cubeide_1.18.0/plugins/com.st.stm32cube.ide.mcu.externaltools.gnu-tools-for-stm32.13.3.rel1.linux64_1.0.0.202410170706/tools/bin/../lib/gcc/arm-none-eabi/13.3.1/../../../../arm-none-eabi/lib/thumb/v6-m/nofp/libc_nano.a(libc_a-stdio.o)
                              /opt/st/stm32cubeide_1.18.0/plugins/com.st.stm32cube.ide.mcu.externaltools.gnu-tools-for-stm32.13.3.rel1.linux64_1.0.0.202410170706/tools/bin/../lib/gcc/arm-none-eabi/13.3.1/../../../../arm-none-eabi/lib/thumb/v6-m/nofp/libc_nano.a(libc_a-findfp.o) (__sread)
[...]
Memory Configuration

Name             Origin             Length             Attributes
RAM              0x20000000         0x00002000         xrw
FLASH            0x08000000         0x00008000         xr
*default*        0x00000000         0xffffffff

Linker script and memory map

LOAD /opt/st/stm32cubeide_1.18.0/plugins/com.st.stm32cube.ide.mcu.externaltools.gnu-tools-for-stm32.13.3.rel1.linux64_1.0.0.202410170706/tools/bin/../lib/gcc/arm-none-eabi/13.3.1/thumb/v6-m/nofp/crti.o
LOAD /opt/st/stm32cubeide_1.18.0/plugins/com.st.stm32cube.ide.mcu.externaltools.gnu-tools-for-stm32.13.3.rel1.linux64_1.0.0.202410170706/tools/bin/../lib/gcc/arm-none-eabi/13.3.1/thumb/v6-m/nofp/crtbegin.o
LOAD /opt/st/stm32cubeide_1.18.0/plugins/com.st.stm32cube.ide.mcu.externaltools.gnu-tools-for-stm32.13.3.rel1.linux64_1.0.0.202410170706/tools/bin/../lib/gcc/arm-none-eabi/13.3.1/../../../../arm-none-eabi/lib/thumb/v6-m/nofp/crt0.o
LOAD ./Core/Src/main.o
LOAD ./Core/Src/stm32l0xx_it.o
LOAD ./Core/Src/syscalls.o
LOAD ./Core/Src/sysmem.o
LOAD ./Core/Src/system_stm32l0xx.o
LOAD ./Core/Startup/startup_stm32l041g6uxs.o
LOAD ./Drivers/STM32L0xx_HAL_Driver/Src/stm32l0xx_ll_crc.o
LOAD ./Drivers/STM32L0xx_HAL_Driver/Src/stm32l0xx_ll_dma.o
LOAD ./Drivers/STM32L0xx_HAL_Driver/Src/stm32l0xx_ll_exti.o
LOAD ./Drivers/STM32L0xx_HAL_Driver/Src/stm32l0xx_ll_gpio.o
LOAD ./Drivers/STM32L0xx_HAL_Driver/Src/stm32l0xx_ll_i2c.o
LOAD ./Drivers/STM32L0xx_HAL_Driver/Src/stm32l0xx_ll_pwr.o
LOAD ./Drivers/STM32L0xx_HAL_Driver/Src/stm32l0xx_ll_rcc.o
LOAD ./Drivers/STM32L0xx_HAL_Driver/Src/stm32l0xx_ll_rtc.o
LOAD ./Drivers/STM32L0xx_HAL_Driver/Src/stm32l0xx_ll_spi.o
LOAD ./Drivers/STM32L0xx_HAL_Driver/Src/stm32l0xx_ll_usart.o
LOAD ./Drivers/STM32L0xx_HAL_Driver/Src/stm32l0xx_ll_utils.o
LOAD ./Port/deca_sleep.o
LOAD ./Port/deca_spi.o
LOAD ./Port/deca_uart.o
LOAD ./Port/port_platform.o
LOAD ./cmd/cmd.o
LOAD ./cmd/cmd_fn.o
LOAD ./cmd/cmd_uart_rx.o
LOAD ./config/config.o
LOAD ./deca_driver/deca_device.o
LOAD ./deca_driver/deca_params_init.o
LOAD ./instance/instance.o
LOAD ./mems/lis3dh.o
LOAD ./utils/translate.o
LOAD ./utils/tvc.o
START GROUP
LOAD /opt/st/stm32cubeide_1.18.0/plugins/com.st.stm32cube.ide.mcu.externaltools.gnu-tools-for-stm32.13.3.rel1.linux64_1.0.0.202410170706/tools/bin/../lib/gcc/arm-none-eabi/13.3.1/../../../../arm-none-eabi/lib/thumb/v6-m/nofp/libc_nano.a
LOAD /opt/st/stm32cubeide_1.18.0/plugins/com.st.stm32cube.ide.mcu.externaltools.gnu-tools-for-stm32.13.3.rel1.linux64_1.0.0.202410170706/tools/bin/../lib/gcc/arm-none-eabi/13.3.1/../../../../arm-none-eabi/lib/thumb/v6-m/nofp/libm.a
END GROUP
START GROUP
LOAD /opt/st/stm32cubeide_1.18.0/plugins/com.st.stm32cube.ide.mcu.externaltools.gnu-tools-for-stm32.13.3.rel1.linux64_1.0.0.202410170706/tools/bin/../lib/gcc/arm-none-eabi/13.3.1/thumb/v6-m/nofp/libgcc.a
LOAD /opt/st/stm32cubeide_1.18.0/plugins/com.st.stm32cube.ide.mcu.externaltools.gnu-tools-for-stm32.13.3.rel1.linux64_1.0.0.202410170706/tools/bin/../lib/gcc/arm-none-eabi/13.3.1/../../../../arm-none-eabi/lib/thumb/v6-m/nofp/libc_nano.a
END GROUP
START GROUP
LOAD /opt/st/stm32cubeide_1.18.0/plugins/com.st.stm32cube.ide.mcu.externaltools.gnu-tools-for-stm32.13.3.rel1.linux64_1.0.0.202410170706/tools/bin/../lib/gcc/arm-none-eabi/13.3.1/thumb/v6-m/nofp/libgcc.a
LOAD /opt/st/stm32cubeide_1.18.0/plugins/com.st.stm32cube.ide.mcu.externaltools.gnu-tools-for-stm32.13.3.rel1.linux64_1.0.0.202410170706/tools/bin/../lib/gcc/arm-none-eabi/13.3.1/../../../../arm-none-eabi/lib/thumb/v6-m/nofp/libc_nano.a
LOAD /opt/st/stm32cubeide_1.18.0/plugins/com.st.stm32cube.ide.mcu.externaltools.gnu-tools-for-stm32.13.3.rel1.linux64_1.0.0.202410170706/tools/bin/../lib/gcc/arm-none-eabi/13.3.1/../../../../arm-none-eabi/lib/thumb/v6-m/nofp/libnosys.a
END GROUP
START GROUP
LOAD /opt/st/stm32cubeide_1.18.0/plugins/com.st.stm32cube.ide.mcu.externaltools.gnu-tools-for-stm32.13.3.rel1.linux64_1.0.0.202410170706/tools/bin/../lib/gcc/arm-none-eabi/13.3.1/thumb/v6-m/nofp/libgcc.a
LOAD /opt/st/stm32cubeide_1.18.0/plugins/com.st.stm32cube.ide.mcu.externaltools.gnu-tools-for-stm32.13.3.rel1.linux64_1.0.0.202410170706/tools/bin/../lib/gcc/arm-none-eabi/13.3.1/../../../../arm-none-eabi/lib/thumb/v6-m/nofp/libc_nano.a
LOAD /opt/st/stm32cubeide_1.18.0/plugins/com.st.stm32cube.ide.mcu.externaltools.gnu-tools-for-stm32.13.3.rel1.linux64_1.0.0.202410170706/tools/bin/../lib/gcc/arm-none-eabi/13.3.1/../../../../arm-none-eabi/lib/thumb/v6-m/nofp/libnosys.a
END GROUP
LOAD /opt/st/stm32cubeide_1.18.0/plugins/com.st.stm32cube.ide.mcu.externaltools.gnu-tools-for-stm32.13.3.rel1.linux64_1.0.0.202410170706/tools/bin/../lib/gcc/arm-none-eabi/13.3.1/thumb/v6-m/nofp/crtend.o
LOAD /opt/st/stm32cubeide_1.18.0/plugins/com.st.stm32cube.ide.mcu.externaltools.gnu-tools-for-stm32.13.3.rel1.linux64_1.0.0.202410170706/tools/bin/../lib/gcc/arm-none-eabi/13.3.1/thumb/v6-m/nofp/crtn.o
                0x20002000                        _estack = (ORIGIN (RAM) + LENGTH (RAM))
                0x00000200                        _Min_Heap_Size = 0x200
                0x00000400                        _Min_Stack_Size = 0x400

.isr_vector     0x08000000       0xc0
                0x08000000                        . = ALIGN (0x4)
 *(.isr_vector)
 .isr_vector    0x08000000       0xc0 ./Core/Startup/startup_stm32l041g6uxs.o
                0x08000000                g_pfnVectors
                0x080000c0                        . = ALIGN (0x4)

.text           0x080000c0     0x4ce4
                0x080000c0                        . = ALIGN (0x4)
 *(.text)
 .text          0x080000c0       0x48 /opt/st/stm32cubeide_1.18.0/plugins/com.st.stm32cube.ide.mcu.externaltools.gnu-tools-for-stm32.13.3.rel1.linux64_1.0.0.202410170706/tools/bin/../lib/gcc/arm-none-eabi/13.3.1/thumb/v6-m/nofp/crtbegin.o
 .text          0x08000108       0x14 /opt/st/stm32cubeide_1.18.0/plugins/com.st.stm32cube.ide.mcu.externaltools.gnu-tools-for-stm32.13.3.rel1.linux64_1.0.0.202410170706/tools/bin/../lib/gcc/arm-none-eabi/13.3.1/../../../../arm-none-eabi/lib/thumb/v6-m/nofp/libc_nano.a(libc_a-strcmp.o)
                0x08000108                strcmp
 .text          0x0800011c        0xe /opt/st/stm32cubeide_1.18.0/plugins/com.st.stm32cube.ide.mcu.externaltools.gnu-tools-for-stm32.13.3.rel1.linux64_1.0.0.202410170706/tools/bin/../lib/gcc/arm-none-eabi/13.3.1/../../../../arm-none-eabi/lib/thumb/v6-m/nofp/libc_nano.a(libc_a-strlen.o)
                0x0800011c                strlen
 *fill*         0x0800012a        0x2 
 .text          0x0800012c       0x14 /opt/st/stm32cubeide_1.18.0/plugins/com.st.stm32cube.ide.mcu.externaltools.gnu-tools-for-stm32.13.3.rel1.linux64_1.0.0.202410170706/tools/bin/../lib/gcc/arm-none-eabi/13.3.1/thumb/v6-m/nofp/libgcc.a(_thumb1_case_shi.o)
                0x0800012c                __gnu_thumb1_case_shi
 .text          0x08000140      0x114 /opt/st/stm32cubeide_1.18.0/plugins/com.st.stm32cube.ide.mcu.externaltools.gnu-tools-for-stm32.13.3.rel1.linux64_1.0.0.202410170706/tools/bin/../lib/gcc/arm-none-eabi/13.3.1/thumb/v6-m/nofp/libgcc.a(_udivsi3.o)
                0x08000140                __udivsi3
                0x08000140                __aeabi_uidiv
                0x0800024c                __aeabi_uidivmod
 .text          0x08000254        0x4 /opt/st/stm32cubeide_1.18.0/plugins/com.st.stm32cube.ide.mcu.externaltools.gnu-tools-for-stm32.13.3.rel1.linux64_1.0.0.202410170706/tools/bin/../lib/gcc/arm-none-eabi/13.3.1/thumb/v6-m/nofp/libgcc.a(_dvmd_tls.o)
                0x08000254                __aeabi_ldiv0
                0x08000254                __aeabi_idiv0
 *(.text*)
 .text.MX_CRC_Init
                0x08000258       0x4c ./Core/Src/main.o
 .text.MX_IWDG_Init
                0x080002a4       0x44 ./Core/Src/main.o
 .text.MX_GPIO_Init
                0x080002e8      0x228 ./Core/Src/main.o
 .text.MX_RTC_Init
                0x08000510       0x60 ./Core/Src/main.o
 .text.MX_SPI1_Init
                0x08000570       0xd4 ./Core/Src/main.o
 .text.MX_USART2_UART_Init
                0x08000644      0x108 ./Core/Src/main.o
 .text.MX_I2C1_Init
                0x0800074c       0xe8 ./Core/Src/main.o
 .text.SystemClock_Config
                0x08000834      0x148 ./Core/Src/main.o
                0x08000834                SystemClock_Config
 .text.Error_Handler
                0x0800097c        0x4 ./Core/Src/main.o
                0x0800097c                Error_Handler
 .text.inittestapplication
                0x08000980       0x84 ./Core/Src/main.o
                0x08000980                inittestapplication
 .text.main     0x08000a04      0x110 ./Core/Src/main.o
                0x08000a04                main
 .text.NMI_Handler
                0x08000b14        0x2 ./Core/Src/stm32l0xx_it.o
                0x08000b14                NMI_Handler
 .text.HardFault_Handler
                0x08000b16        0x2 ./Core/Src/stm32l0xx_it.o
                0x08000b16                HardFault_Handler
 .text.SVC_Handler
                0x08000b18        0x2 ./Core/Src/stm32l0xx_it.o
                0x08000b18                SVC_Handler
 .text.PendSV_Handler
                0x08000b1a        0x2 ./Core/Src/stm32l0xx_it.o
                0x08000b1a                PendSV_Handler
 .text.SysTick_Handler
                0x08000b1c        0x8 ./Core/Src/stm32l0xx_it.o
                0x08000b1c                SysTick_Handler
 .text.RTC_IRQHandler
                0x08000b24       0x38 ./Core/Src/stm32l0xx_it.o
                0x08000b24                RTC_IRQHandler
 .text.EXTI0_1_IRQHandler
                0x08000b5c       0x1c ./Core/Src/stm32l0xx_it.o
                0x08000b5c                EXTI0_1_IRQHandler
 .text.EXTI2_3_IRQHandler
                0x08000b78       0x30 ./Core/Src/stm32l0xx_it.o
                0x08000b78                EXTI2_3_IRQHandler
 .text.EXTI4_15_IRQHandler
                0x08000ba8       0x1c ./Core/Src/stm32l0xx_it.o
                0x08000ba8                EXTI4_15_IRQHandler
 .text.USART2_IRQHandler
                0x08000bc4        0x8 ./Core/Src/stm32l0xx_it.o
                0x08000bc4                USART2_IRQHandler
 .text._sbrk    0x08000bcc       0x48 ./Core/Src/sysmem.o
                0x08000bcc                _sbrk
 .text.SystemInit
                0x08000c14        0x2 ./Core/Src/system_stm32l0xx.o
                0x08000c14                SystemInit
 *fill*         0x08000c16        0x2 
 .text.Reset_Handler
                0x08000c18       0x50 ./Core/Startup/startup_stm32l041g6uxs.o
                0x08000c18                Reset_Handler
 .text.Default_Handler
                0x08000c68        0x2 ./Core/Startup/startup_stm32l041g6uxs.o
                0x08000c68                ADC1_COMP_IRQHandler
                0x08000c68                PVD_IRQHandler
                0x08000c68                I2C1_IRQHandler
                0x08000c68                SPI1_IRQHandler
                0x08000c68                AES_LPUART1_IRQHandler
                0x08000c68                DMA1_Channel4_5_6_7_IRQHandler
                0x08000c68                RCC_IRQHandler
                0x08000c68                DMA1_Channel1_IRQHandler
                0x08000c68                Default_Handler
                0x08000c68                TIM22_IRQHandler
                0x08000c68                TIM21_IRQHandler
                0x08000c68                WWDG_IRQHandler
                0x08000c68                TIM2_IRQHandler
                0x08000c68                DMA1_Channel2_3_IRQHandler
                0x08000c68                FLASH_IRQHandler
                0x08000c68                LPTIM1_IRQHandler
 *fill*         0x08000c6a        0x2 
 .text.LL_EXTI_Init
                0x08000c6c       0xc8 ./Drivers/STM32L0xx_HAL_Driver/Src/stm32l0xx_ll_exti.o
                0x08000c6c                LL_EXTI_Init
 .text.LL_GPIO_Init
                0x08000d34       0xb8 ./Drivers/STM32L0xx_HAL_Driver/Src/stm32l0xx_ll_gpio.o
                0x08000d34                LL_GPIO_Init
 .text.LL_I2C_Init
                0x08000dec       0x78 ./Drivers/STM32L0xx_HAL_Driver/Src/stm32l0xx_ll_i2c.o
                0x08000dec                LL_I2C_Init
 .text.RCC_GetHCLKClockFreq
                0x08000e64       0x1c ./Drivers/STM32L0xx_HAL_Driver/Src/stm32l0xx_ll_rcc.o
 .text.RCC_GetPCLK1ClockFreq
                0x08000e80       0x1c ./Drivers/STM32L0xx_HAL_Driver/Src/stm32l0xx_ll_rcc.o
 .text.RCC_PLL_GetFreqDomain_SYS
                0x08000e9c       0x50 ./Drivers/STM32L0xx_HAL_Driver/Src/stm32l0xx_ll_rcc.o
 .text.RCC_GetSystemClockFreq
                0x08000eec       0x70 ./Drivers/STM32L0xx_HAL_Driver/Src/stm32l0xx_ll_rcc.o
 .text.LL_RCC_GetUSARTClockFreq
                0x08000f5c       0x88 ./Drivers/STM32L0xx_HAL_Driver/Src/stm32l0xx_ll_rcc.o
                0x08000f5c                LL_RCC_GetUSARTClockFreq
 .text.LL_RTC_EnterInitMode
                0x08000fe4       0x64 ./Drivers/STM32L0xx_HAL_Driver/Src/stm32l0xx_ll_rtc.o
                0x08000fe4                LL_RTC_EnterInitMode
 .text.LL_RTC_Init
                0x08001048       0x50 ./Drivers/STM32L0xx_HAL_Driver/Src/stm32l0xx_ll_rtc.o
                0x08001048                LL_RTC_Init
 .text.LL_SPI_Init
                0x08001098       0x64 ./Drivers/STM32L0xx_HAL_Driver/Src/stm32l0xx_ll_spi.o
                0x08001098                LL_SPI_Init
 .text.LL_USART_SetBaudRate
                0x080010fc       0x40 ./Drivers/STM32L0xx_HAL_Driver/Src/stm32l0xx_ll_usart.o
 .text.LL_USART_Init
                0x0800113c       0x80 ./Drivers/STM32L0xx_HAL_Driver/Src/stm32l0xx_ll_usart.o
                0x0800113c                LL_USART_Init
 .text.LL_Init1msTick
                0x080011bc       0x20 ./Drivers/STM32L0xx_HAL_Driver/Src/stm32l0xx_ll_utils.o
                0x080011bc                LL_Init1msTick
 .text.LL_mDelay
                0x080011dc       0x28 ./Drivers/STM32L0xx_HAL_Driver/Src/stm32l0xx_ll_utils.o
                0x080011dc                LL_mDelay
 .text.LL_SetSystemCoreClock
                0x08001204        0xc ./Drivers/STM32L0xx_HAL_Driver/Src/stm32l0xx_ll_utils.o
                0x08001204                LL_SetSystemCoreClock
 .text.deca_sleep
                0x08001210       0x16 ./Port/deca_sleep.o
                0x08001210                deca_sleep
 *fill*         0x08001226        0x2 
 .text.writetospi
                0x08001228       0x98 ./Port/deca_spi.o
                0x08001228                writetospi
 .text.readfromspi
                0x080012c0       0xd0 ./Port/deca_spi.o
                0x080012c0                readfromspi
 .text.__io_putchar
                0x08001390       0x28 ./Port/deca_uart.o
                0x08001390                __io_putchar
 .text._write   0x080013b8       0x1c ./Port/deca_uart.o
                0x080013b8                _write
 .text.deca_uart_rx_data_ready
                0x080013d4        0xc ./Port/deca_uart.o
                0x080013d4                deca_uart_rx_data_ready
 .text.UART_RxCpltCallback
                0x080013e0       0xb4 ./Port/deca_uart.o
                0x080013e0                UART_RxCpltCallback
 .text.port_tx_msg
                0x08001494        0xe ./Port/deca_uart.o
                0x08001494                port_tx_msg
 *fill*         0x080014a2        0x2 
 .text.deca_uart_receive
                0x080014a4       0x44 ./Port/deca_uart.o
                0x080014a4                deca_uart_receive
 .text.IncSysTick
                0x080014e8       0x10 ./Port/port_platform.o
                0x080014e8                IncSysTick
 .text.portGetTickCount
                0x080014f8        0xc ./Port/port_platform.o
                0x080014f8                portGetTickCount
 .text.port_set_dw1000_slowrate
                0x08001504       0x48 ./Port/port_platform.o
                0x08001504                port_set_dw1000_slowrate
 .text.port_set_dw1000_fastrate
                0x0800154c       0x44 ./Port/port_platform.o
                0x0800154c                port_set_dw1000_fastrate
 .text.decamutexon
                0x08001590        0x4 ./Port/port_platform.o
                0x08001590                decamutexon
 .text.decamutexoff
                0x08001594        0x2 ./Port/port_platform.o
                0x08001594                decamutexoff
 *fill*         0x08001596        0x2 
 .text.reset_DW1000
                0x08001598       0x44 ./Port/port_platform.o
                0x08001598                reset_DW1000
 .text.port_wakeup_dw1000
                0x080015dc       0x1c ./Port/port_platform.o
                0x080015dc                port_wakeup_dw1000
 .text.LEDS_INVERT
                0x080015f8       0x58 ./Port/port_platform.o
                0x080015f8                LEDS_INVERT
 .text.LEDS_OFF
                0x08001650       0x2c ./Port/port_platform.o
                0x08001650                LEDS_OFF
 .text.spi_device_init
                0x0800167c        0x4 ./Port/port_platform.o
                0x0800167c                spi_device_init
 .text.spi_transfer_pf
                0x08001680        0x4 ./Port/port_platform.o
                0x08001680                spi_transfer_pf
 .text.i2c_slave_read
                0x08001684       0x8c ./Port/port_platform.o
                0x08001684                i2c_slave_read
 .text.lis3dh_configure_int
                0x08001710       0x7e ./Port/port_platform.o
                0x08001710                lis3dh_configure_int
 *fill*         0x0800178e        0x2 
 .text.GPIO_EXTI3_Callback
                0x08001790        0xc ./Port/port_platform.o
                0x08001790                GPIO_EXTI3_Callback
 .text.GPIO_EXTI0_Callback
                0x0800179c        0xa ./Port/port_platform.o
                0x0800179c                GPIO_EXTI0_Callback
 *fill*         0x080017a6        0x2 
 .text.i2c_slave_write
                0x080017a8       0x58 ./Port/port_platform.o
                0x080017a8                i2c_slave_write
 .text.UART2_IRQHandler
                0x08001800      0x104 ./Port/port_platform.o
                0x08001800                UART2_IRQHandler
 .text.Restart  0x08001904       0x44 ./Port/port_platform.o
                0x08001904                Restart
 .text.SendButton
                0x08001948        0xa ./Port/port_platform.o
                0x08001948                SendButton
 .text.GPIO_EXTI4_15_Callback
                0x08001952        0x8 ./Port/port_platform.o
                0x08001952                GPIO_EXTI4_15_Callback
 *fill*         0x0800195a        0x2 
 .text.cmd_onERROR
                0x0800195c       0x64 ./cmd/cmd.o
 .text.command_parser
                0x080019c0       0xf4 ./cmd/cmd.o
                0x080019c0                command_parser
 .text.f_txCode
                0x08001ab4       0x10 ./cmd/cmd_fn.o
                0x08001ab4                f_txCode
 .text.f_nsSFD  0x08001ac4       0x10 ./cmd/cmd_fn.o
                0x08001ac4                f_nsSFD
 .text.f_phrMode
                0x08001ad4       0x10 ./cmd/cmd_fn.o
                0x08001ad4                f_phrMode
 .text.f_sfdTO  0x08001ae4       0x14 ./cmd/cmd_fn.o
                0x08001ae4                f_sfdTO
 .text.f_smartPowerEn
                0x08001af8       0x14 ./cmd/cmd_fn.o
                0x08001af8                f_smartPowerEn
 .text.f_interval_in_ms
                0x08001b0c       0x18 ./cmd/cmd_fn.o
                0x08001b0c                f_interval_in_ms
 .text.f_interval_slow_in_ms
                0x08001b24       0x18 ./cmd/cmd_fn.o
                0x08001b24                f_interval_slow_in_ms
 .text.f_randomness
                0x08001b3c        0xc ./cmd/cmd_fn.o
                0x08001b3c                f_randomness
 .text.f_tcwm   0x08001b48        0x8 ./cmd/cmd_fn.o
                0x08001b48                f_tcwm
 .text.f_tcfm   0x08001b50        0x8 ./cmd/cmd_fn.o
                0x08001b50                f_tcfm
 .text.f_chan   0x08001b58       0x1c ./cmd/cmd_fn.o
                0x08001b58                f_chan
 .text.f_prf    0x08001b74       0x1c ./cmd/cmd_fn.o
                0x08001b74                f_prf
 .text.f_plen   0x08001b90       0x1c ./cmd/cmd_fn.o
                0x08001b90                f_plen
 .text.f_rxPAC  0x08001bac       0x1c ./cmd/cmd_fn.o
                0x08001bac                f_rxPAC
 .text.f_dataRate
                0x08001bc8       0x1c ./cmd/cmd_fn.o
                0x08001bc8                f_dataRate
 .text.f_help_app
                0x08001be4       0x40 ./cmd/cmd_fn.o
                0x08001be4                f_help_app
 .text.f_restore
                0x08001c24       0x10 ./cmd/cmd_fn.o
                0x08001c24                f_restore
 .text.f_restart
                0x08001c34       0x10 ./cmd/cmd_fn.o
                0x08001c34                f_restart
 .text.f_save   0x08001c44       0x10 ./cmd/cmd_fn.o
                0x08001c44                f_save
 .text.f_decaTDoATag
                0x08001c54       0xe4 ./cmd/cmd_fn.o
                0x08001c54                f_decaTDoATag
 .text.f_jstat  0x08001d38      0x258 ./cmd/cmd_fn.o
                0x08001d38                f_jstat
 .text.f_stat   0x08001f90       0x20 ./cmd/cmd_fn.o
                0x08001f90                f_stat
 .text.waitForCommand
                0x08001fb0       0xe0 ./cmd/cmd_uart_rx.o
                0x08001fb0                waitForCommand
 .text.process_uartmsg
                0x08002090       0x4c ./cmd/cmd_uart_rx.o
                0x08002090                process_uartmsg
 .text.LockEeprom
                0x080020dc       0x24 ./config/config.o
 .text.UnlockEeprom
                0x08002100       0x34 ./config/config.o
 .text.EepromProgram
                0x08002134        0x6 ./config/config.o
 *fill*         0x0800213a        0x2 
 .text.CRC8_Calculate
                0x0800213c       0x2c ./config/config.o
 .text.save_bssConfig
                0x08002168       0x54 ./config/config.o
                0x08002168                save_bssConfig
 .text.load_bssConfig
                0x080021bc       0x40 ./config/config.o
                0x080021bc                load_bssConfig
 .text.get_pbssConfig
                0x080021fc        0xc ./config/config.o
                0x080021fc                get_pbssConfig
 .text.restore_nvm_fconfig
                0x08002208       0x14 ./config/config.o
                0x08002208                restore_nvm_fconfig
 .text.dwt_writetodevice
                0x0800221c       0x46 ./deca_driver/deca_device.o
                0x0800221c                dwt_writetodevice
 .text.dwt_writetxdata
                0x08002262       0x22 ./deca_driver/deca_device.o
                0x08002262                dwt_writetxdata
 .text.dwt_readfromdevice
                0x08002284       0x40 ./deca_driver/deca_device.o
                0x08002284                dwt_readfromdevice
 .text.dwt_read32bitoffsetreg
                0x080022c4       0x28 ./deca_driver/deca_device.o
                0x080022c4                dwt_read32bitoffsetreg
 .text.dwt_readdevid
                0x080022ec        0xc ./deca_driver/deca_device.o
                0x080022ec                dwt_readdevid
 .text.dwt_read16bitoffsetreg
                0x080022f8       0x20 ./deca_driver/deca_device.o
                0x080022f8                dwt_read16bitoffsetreg
 .text.dwt_read8bitoffsetreg
                0x08002318       0x1a ./deca_driver/deca_device.o
                0x08002318                dwt_read8bitoffsetreg
 .text.dwt_write8bitoffsetreg
                0x08002332       0x18 ./deca_driver/deca_device.o
                0x08002332                dwt_write8bitoffsetreg
 .text.dwt_write16bitoffsetreg
                0x0800234a       0x1c ./deca_driver/deca_device.o
                0x0800234a                dwt_write16bitoffsetreg
 .text.dwt_write32bitoffsetreg
                0x08002366       0x24 ./deca_driver/deca_device.o
                0x08002366                dwt_write32bitoffsetreg
 .text.dwt_configuretxrf
                0x0800238a       0x1a ./deca_driver/deca_device.o
                0x0800238a                dwt_configuretxrf
 .text.dwt_writetxfctrl
                0x080023a4       0x20 ./deca_driver/deca_device.o
                0x080023a4                dwt_writetxfctrl
 .text._dwt_otpread
                0x080023c4       0x2a ./deca_driver/deca_device.o
                0x080023c4                _dwt_otpread
 .text._dwt_aonarrayupload
                0x080023ee       0x18 ./deca_driver/deca_device.o
                0x080023ee                _dwt_aonarrayupload
 *fill*         0x08002406        0x2 
 .text.dwt_configuresleep
                0x08002408       0x24 ./deca_driver/deca_device.o
                0x08002408                dwt_configuresleep
 .text.dwt_entersleepaftertx
                0x0800242c       0x2c ./deca_driver/deca_device.o
                0x0800242c                dwt_entersleepaftertx
 .text._dwt_configlde
                0x08002458       0x3c ./deca_driver/deca_device.o
                0x08002458                _dwt_configlde
 .text.dwt_configure
                0x08002494      0x24c ./deca_driver/deca_device.o
                0x08002494                dwt_configure
 .text.dwt_setsmarttxpower
                0x080026e0       0x4c ./deca_driver/deca_device.o
                0x080026e0                dwt_setsmarttxpower
 .text.dwt_setcallbacks
                0x0800272c       0x14 ./deca_driver/deca_device.o
                0x0800272c                dwt_setcallbacks
 .text.dwt_setleds
                0x08002740       0x88 ./deca_driver/deca_device.o
                0x08002740                dwt_setleds
 .text._dwt_enableclocks
                0x080027c8       0xd0 ./deca_driver/deca_device.o
                0x080027c8                _dwt_enableclocks
 .text.dwt_otpread
                0x08002898       0x38 ./deca_driver/deca_device.o
                0x08002898                dwt_otpread
 .text._dwt_loaducodefromrom
                0x080028d0       0x22 ./deca_driver/deca_device.o
                0x080028d0                _dwt_loaducodefromrom
 .text._dwt_disablesequencing
                0x080028f2       0x14 ./deca_driver/deca_device.o
                0x080028f2                _dwt_disablesequencing
 *fill*         0x08002906        0x2 
 .text.dwt_starttx
                0x08002908       0x64 ./deca_driver/deca_device.o
                0x08002908                dwt_starttx
 .text.dwt_syncrxbufptrs
                0x0800296c       0x20 ./deca_driver/deca_device.o
                0x0800296c                dwt_syncrxbufptrs
 .text.dwt_forcetrxoff
                0x0800298c       0x58 ./deca_driver/deca_device.o
                0x0800298c                dwt_forcetrxoff
 .text.dwt_rxreset
                0x080029e4       0x18 ./deca_driver/deca_device.o
                0x080029e4                dwt_rxreset
 .text.dwt_isr  0x080029fc      0x158 ./deca_driver/deca_device.o
                0x080029fc                dwt_isr
 .text.dwt_softreset
                0x08002b54       0x40 ./deca_driver/deca_device.o
                0x08002b54                dwt_softreset
 .text.dwt_setxtaltrim
                0x08002b94       0x16 ./deca_driver/deca_device.o
                0x08002b94                dwt_setxtaltrim
 *fill*         0x08002baa        0x2 
 .text.dwt_initialise
                0x08002bac      0x1c8 ./deca_driver/deca_device.o
                0x08002bac                dwt_initialise
 .text.instance_txcallback
                0x08002d74        0x2 ./instance/instance.o
                0x08002d74                instance_txcallback
 .text.instance_rxgood
                0x08002d76        0x2 ./instance/instance.o
                0x08002d76                instance_rxgood
 .text.instance_rxtimeout
                0x08002d78        0x2 ./instance/instance.o
                0x08002d78                instance_rxtimeout
 .text.instance_rxerror
                0x08002d7a        0x2 ./instance/instance.o
                0x08002d7a                instance_rxerror
 .text.instance_init
                0x08002d7c       0xbc ./instance/instance.o
                0x08002d7c                instance_init
 .text.instance_config
                0x08002e38       0x40 ./instance/instance.o
                0x08002e38                instance_config
 .text.lis3dh_i2c_read
                0x08002e78       0x48 ./mems/lis3dh.o
 .text.lis3dh_spi_read
                0x08002ec0       0x9c ./mems/lis3dh.o
 .text.lis3dh_spi_write
                0x08002f5c       0x70 ./mems/lis3dh.o
 .text.lis3dh_i2c_write
                0x08002fcc       0x48 ./mems/lis3dh.o
 .text.lis3dh_reg_read
                0x08003014       0x24 ./mems/lis3dh.o
                0x08003014                lis3dh_reg_read
 .text.lis3dh_is_available
                0x08003038       0x36 ./mems/lis3dh.o
 .text.lis3dh_get_hpf_ref
                0x0800306e       0x36 ./mems/lis3dh.o
                0x0800306e                lis3dh_get_hpf_ref
 .text.lis3dh_reg_write
                0x080030a4       0x24 ./mems/lis3dh.o
                0x080030a4                lis3dh_reg_write
 .text.lis3dh_reset
                0x080030c8       0x80 ./mems/lis3dh.o
 .text.lis3dh_init_sensor
                0x08003148       0xe8 ./mems/lis3dh.o
                0x08003148                lis3dh_init_sensor
 .text.lis3dh_set_mode
                0x08003230       0xea ./mems/lis3dh.o
                0x08003230                lis3dh_set_mode
 .text.lis3dh_set_scale
                0x0800331a       0x50 ./mems/lis3dh.o
                0x0800331a                lis3dh_set_scale
 *fill*         0x0800336a        0x2 
 .text.lis3dh_enable_int
                0x0800336c      0x15c ./mems/lis3dh.o
                0x0800336c                lis3dh_enable_int
 .text.lis3dh_set_int_event_config
                0x080034c8      0x250 ./mems/lis3dh.o
                0x080034c8                lis3dh_set_int_event_config
 .text.lis3dh_config_hpf
                0x08003718       0xac ./mems/lis3dh.o
                0x08003718                lis3dh_config_hpf
 .text.lis3dh_powerdown
                0x080037c4       0x38 ./mems/lis3dh.o
                0x080037c4                lis3dh_powerdown
 .text.lis3dh_get_device
                0x080037fc        0xc ./mems/lis3dh.o
                0x080037fc                lis3dh_get_device
 .text.chan_to_deca
                0x08003808        0xe ./utils/translate.o
                0x08003808                chan_to_deca
 .text.deca_to_chan
                0x08003816        0x8 ./utils/translate.o
                0x08003816                deca_to_chan
 *fill*         0x0800381e        0x2 
 .text.bitrate_to_deca
                0x08003820       0x2c ./utils/translate.o
                0x08003820                bitrate_to_deca
 .text.deca_to_bitrate
                0x0800384c       0x28 ./utils/translate.o
                0x0800384c                deca_to_bitrate
 .text.prf_to_deca
                0x08003874       0x16 ./utils/translate.o
                0x08003874                prf_to_deca
 .text.deca_to_prf
                0x0800388a       0x16 ./utils/translate.o
                0x0800388a                deca_to_prf
 .text.pac_to_deca
                0x080038a0       0x2e ./utils/translate.o
                0x080038a0                pac_to_deca
 .text.deca_to_pac
                0x080038ce       0x2e ./utils/translate.o
                0x080038ce                deca_to_pac
 .text.plen_to_deca
                0x080038fc       0x5a ./utils/translate.o
                0x080038fc                plen_to_deca
 *fill*         0x08003956        0x2 
 .text.deca_to_plen
                0x08003958       0x40 ./utils/translate.o
                0x08003958                deca_to_plen
 .text.tvc_otp_read_txcfgref
                0x08003998       0xd0 ./utils/tvc.o
                0x08003998                tvc_otp_read_txcfgref
 .text.malloc   0x08003a68       0x14 /opt/st/stm32cubeide_1.18.0/plugins/com.st.stm32cube.ide.mcu.externaltools.gnu-tools-for-stm32.13.3.rel1.linux64_1.0.0.202410170706/tools/bin/../lib/gcc/arm-none-eabi/13.3.1/../../../../arm-none-eabi/lib/thumb/v6-m/nofp/libc_nano.a(libc_a-malloc.o)
                0x08003a68                malloc
 .text.free     0x08003a7c       0x14 /opt/st/stm32cubeide_1.18.0/plugins/com.st.stm32cube.ide.mcu.externaltools.gnu-tools-for-stm32.13.3.rel1.linux64_1.0.0.202410170706/tools/bin/../lib/gcc/arm-none-eabi/13.3.1/../../../../arm-none-eabi/lib/thumb/v6-m/nofp/libc_nano.a(libc_a-malloc.o)
                0x08003a7c                free
 .text.sbrk_aligned
                0x08003a90       0x44 /opt/st/stm32cubeide_1.18.0/plugins/com.st.stm32cube.ide.mcu.externaltools.gnu-tools-for-stm32.13.3.rel1.linux64_1.0.0.202410170706/tools/bin/../lib/gcc/arm-none-eabi/13.3.1/../../../../arm-none-eabi/lib/thumb/v6-m/nofp/libc_nano.a(libc_a-mallocr.o)
 .text._malloc_r
                0x08003ad4      0x100 /opt/st/stm32cubeide_1.18.0/plugins/com.st.stm32cube.ide.mcu.externaltools.gnu-tools-for-stm32.13.3.rel1.linux64_1.0.0.202410170706/tools/bin/../lib/gcc/arm-none-eabi/13.3.1/../../../../arm-none-eabi/lib/thumb/v6-m/nofp/libc_nano.a(libc_a-mallocr.o)
                0x08003ad4                _malloc_r
 .text.__malloc_lock
                0x08003bd4       0x10 /opt/st/stm32cubeide_1.18.0/plugins/com.st.stm32cube.ide.mcu.externaltools.gnu-tools-for-stm32.13.3.rel1.linux64_1.0.0.202410170706/tools/bin/../lib/gcc/arm-none-eabi/13.3.1/../../../../arm-none-eabi/lib/thumb/v6-m/nofp/libc_nano.a(libc_a-mlock.o)
                0x08003bd4                __malloc_lock
 .text.__malloc_unlock
                0x08003be4       0x10 /opt/st/stm32cubeide_1.18.0/plugins/com.st.stm32cube.ide.mcu.externaltools.gnu-tools-for-stm32.13.3.rel1.linux64_1.0.0.202410170706/tools/bin/../lib/gcc/arm-none-eabi/13.3.1/../../../../arm-none-eabi/lib/thumb/v6-m/nofp/libc_nano.a(libc_a-mlock.o)
                0x08003be4                __malloc_unlock
 .text.sprintf  0x08003bf4       0x44 /opt/st/stm32cubeide_1.18.0/plugins/com.st.stm32cube.ide.mcu.externaltools.gnu-tools-for-stm32.13.3.rel1.linux64_1.0.0.202410170706/tools/bin/../lib/gcc/arm-none-eabi/13.3.1/../../../../arm-none-eabi/lib/thumb/v6-m/nofp/libc_nano.a(libc_a-sprintf.o)
                0x08003bf4                sprintf
                0x08003bf4                siprintf
 .text.sscanf   0x08003c38       0x54 /opt/st/stm32cubeide_1.18.0/plugins/com.st.stm32cube.ide.mcu.externaltools.gnu-tools-for-stm32.13.3.rel1.linux64_1.0.0.202410170706/tools/bin/../lib/gcc/arm-none-eabi/13.3.1/../../../../arm-none-eabi/lib/thumb/v6-m/nofp/libc_nano.a(libc_a-sscanf.o)
                0x08003c38                sscanf
                0x08003c38                siscanf
 .text.__seofread
                0x08003c8c        0x4 /opt/st/stm32cubeide_1.18.0/plugins/com.st.stm32cube.ide.mcu.externaltools.gnu-tools-for-stm32.13.3.rel1.linux64_1.0.0.202410170706/tools/bin/../lib/gcc/arm-none-eabi/13.3.1/../../../../arm-none-eabi/lib/thumb/v6-m/nofp/libc_nano.a(libc_a-stdio.o)
                0x08003c8c                __seofread
 .text.memset   0x08003c90       0x10 /opt/st/stm32cubeide_1.18.0/plugins/com.st.stm32cube.ide.mcu.externaltools.gnu-tools-for-stm32.13.3.rel1.linux64_1.0.0.202410170706/tools/bin/../lib/gcc/arm-none-eabi/13.3.1/../../../../arm-none-eabi/lib/thumb/v6-m/nofp/libc_nano.a(libc_a-memset.o)
                0x08003c90                memset
 .text._sbrk_r  0x08003ca0       0x24 /opt/st/stm32cubeide_1.18.0/plugins/com.st.stm32cube.ide.mcu.externaltools.gnu-tools-for-stm32.13.3.rel1.linux64_1.0.0.202410170706/tools/bin/../lib/gcc/arm-none-eabi/13.3.1/../../../../arm-none-eabi/lib/thumb/v6-m/nofp/libc_nano.a(libc_a-sbrkr.o)
                0x08003ca0                _sbrk_r
 .text.__errno  0x08003cc4        0xc /opt/st/stm32cubeide_1.18.0/plugins/com.st.stm32cube.ide.mcu.externaltools.gnu-tools-for-stm32.13.3.rel1.linux64_1.0.0.202410170706/tools/bin/../lib/gcc/arm-none-eabi/13.3.1/../../../../arm-none-eabi/lib/thumb/v6-m/nofp/libc_nano.a(libc_a-errno.o)
                0x08003cc4                __errno
 .text.__libc_init_array
                0x08003cd0       0x48 /opt/st/stm32cubeide_1.18.0/plugins/com.st.stm32cube.ide.mcu.externaltools.gnu-tools-for-stm32.13.3.rel1.linux64_1.0.0.202410170706/tools/bin/../lib/gcc/arm-none-eabi/13.3.1/../../../../arm-none-eabi/lib/thumb/v6-m/nofp/libc_nano.a(libc_a-init.o)
                0x08003cd0                __libc_init_array
 .text.__retarget_lock_acquire_recursive
                0x08003d18        0x2 /opt/st/stm32cubeide_1.18.0/plugins/com.st.stm32cube.ide.mcu.externaltools.gnu-tools-for-stm32.13.3.rel1.linux64_1.0.0.202410170706/tools/bin/../lib/gcc/arm-none-eabi/13.3.1/../../../../arm-none-eabi/lib/thumb/v6-m/nofp/libc_nano.a(libc_a-lock.o)
                0x08003d18                __retarget_lock_acquire_recursive
 .text.__retarget_lock_release_recursive
                0x08003d1a        0x2 /opt/st/stm32cubeide_1.18.0/plugins/com.st.stm32cube.ide.mcu.externaltools.gnu-tools-for-stm32.13.3.rel1.linux64_1.0.0.202410170706/tools/bin/../lib/gcc/arm-none-eabi/13.3.1/../../../../arm-none-eabi/lib/thumb/v6-m/nofp/libc_nano.a(libc_a-lock.o)
                0x08003d1a                __retarget_lock_release_recursive
 .text.strcpy   0x08003d1c       0x10 /opt/st/stm32cubeide_1.18.0/plugins/com.st.stm32cube.ide.mcu.externaltools.gnu-tools-for-stm32.13.3.rel1.linux64_1.0.0.202410170706/tools/bin/../lib/gcc/arm-none-eabi/13.3.1/../../../../arm-none-eabi/lib/thumb/v6-m/nofp/libc_nano.a(libc_a-strcpy.o)
                0x08003d1c                strcpy
 .text.memcpy   0x08003d2c       0x12 /opt/st/stm32cubeide_1.18.0/plugins/com.st.stm32cube.ide.mcu.externaltools.gnu-tools-for-stm32.13.3.rel1.linux64_1.0.0.202410170706/tools/bin/../lib/gcc/arm-none-eabi/13.3.1/../../../../arm-none-eabi/lib/thumb/v6-m/nofp/libc_nano.a(libc_a-memcpy-stub.o)
                0x08003d2c                memcpy
 *fill*         0x08003d3e        0x2 
 .text._free_r  0x08003d40       0x94 /opt/st/stm32cubeide_1.18.0/plugins/com.st.stm32cube.ide.mcu.externaltools.gnu-tools-for-stm32.13.3.rel1.linux64_1.0.0.202410170706/tools/bin/../lib/gcc/arm-none-eabi/13.3.1/../../../../arm-none-eabi/lib/thumb/v6-m/nofp/libc_nano.a(libc_a-freer.o)
                0x08003d40                _free_r
 .text.__ssputs_r
                0x08003dd4       0xc0 /opt/st/stm32cubeide_1.18.0/plugins/com.st.stm32cube.ide.mcu.externaltools.gnu-tools-for-stm32.13.3.rel1.linux64_1.0.0.202410170706/tools/bin/../lib/gcc/arm-none-eabi/13.3.1/../../../../arm-none-eabi/lib/thumb/v6-m/nofp/libc_nano.a(libc_a-nano-svfprintf.o)
                0x08003dd4                __ssputs_r
 .text._svfprintf_r
                0x08003e94      0x1fc /opt/st/stm32cubeide_1.18.0/plugins/com.st.stm32cube.ide.mcu.externaltools.gnu-tools-for-stm32.13.3.rel1.linux64_1.0.0.202410170706/tools/bin/../lib/gcc/arm-none-eabi/13.3.1/../../../../arm-none-eabi/lib/thumb/v6-m/nofp/libc_nano.a(libc_a-nano-svfprintf.o)
                0x08003e94                _svfprintf_r
                0x08003e94                _svfiprintf_r
 .text._sungetc_r
                0x08004090       0x78 /opt/st/stm32cubeide_1.18.0/plugins/com.st.stm32cube.ide.mcu.externaltools.gnu-tools-for-stm32.13.3.rel1.linux64_1.0.0.202410170706/tools/bin/../lib/gcc/arm-none-eabi/13.3.1/../../../../arm-none-eabi/lib/thumb/v6-m/nofp/libc_nano.a(libc_a-nano-svfscanf.o)
                0x08004090                _sungetc_r
 .text.__ssrefill_r
                0x08004108       0x3e /opt/st/stm32cubeide_1.18.0/plugins/com.st.stm32cube.ide.mcu.externaltools.gnu-tools-for-stm32.13.3.rel1.linux64_1.0.0.202410170706/tools/bin/../lib/gcc/arm-none-eabi/13.3.1/../../../../arm-none-eabi/lib/thumb/v6-m/nofp/libc_nano.a(libc_a-nano-svfscanf.o)
                0x08004108                __ssrefill_r
 *fill*         0x08004146        0x2 
 .text.__ssvfscanf_r
                0x08004148      0x2c8 /opt/st/stm32cubeide_1.18.0/plugins/com.st.stm32cube.ide.mcu.externaltools.gnu-tools-for-stm32.13.3.rel1.linux64_1.0.0.202410170706/tools/bin/../lib/gcc/arm-none-eabi/13.3.1/../../../../arm-none-eabi/lib/thumb/v6-m/nofp/libc_nano.a(libc_a-nano-svfscanf.o)
                0x08004148                __ssvfscanf_r
                0x08004148                __ssvfiscanf_r
 .text._printf_common
                0x08004410       0xde /opt/st/stm32cubeide_1.18.0/plugins/com.st.stm32cube.ide.mcu.externaltools.gnu-tools-for-stm32.13.3.rel1.linux64_1.0.0.202410170706/tools/bin/../lib/gcc/arm-none-eabi/13.3.1/../../../../arm-none-eabi/lib/thumb/v6-m/nofp/libc_nano.a(libc_a-nano-vfprintf_i.o)
                0x08004410                _printf_common
 *fill*         0x080044ee        0x2 
 .text._printf_i
                0x080044f0      0x218 /opt/st/stm32cubeide_1.18.0/plugins/com.st.stm32cube.ide.mcu.externaltools.gnu-tools-for-stm32.13.3.rel1.linux64_1.0.0.202410170706/tools/bin/../lib/gcc/arm-none-eabi/13.3.1/../../../../arm-none-eabi/lib/thumb/v6-m/nofp/libc_nano.a(libc_a-nano-vfprintf_i.o)
                0x080044f0                _printf_i
 .text._scanf_chars
                0x08004708       0xc0 /opt/st/stm32cubeide_1.18.0/plugins/com.st.stm32cube.ide.mcu.externaltools.gnu-tools-for-stm32.13.3.rel1.linux64_1.0.0.202410170706/tools/bin/../lib/gcc/arm-none-eabi/13.3.1/../../../../arm-none-eabi/lib/thumb/v6-m/nofp/libc_nano.a(libc_a-nano-vfscanf_i.o)
                0x08004708                _scanf_chars
 .text._scanf_i
                0x080047c8      0x200 /opt/st/stm32cubeide_1.18.0/plugins/com.st.stm32cube.ide.mcu.externaltools.gnu-tools-for-stm32.13.3.rel1.linux64_1.0.0.202410170706/tools/bin/../lib/gcc/arm-none-eabi/13.3.1/../../../../arm-none-eabi/lib/thumb/v6-m/nofp/libc_nano.a(libc_a-nano-vfscanf_i.o)
                0x080047c8                _scanf_i
 .text.__sccl   0x080049c8       0x72 /opt/st/stm32cubeide_1.18.0/plugins/com.st.stm32cube.ide.mcu.externaltools.gnu-tools-for-stm32.13.3.rel1.linux64_1.0.0.202410170706/tools/bin/../lib/gcc/arm-none-eabi/13.3.1/../../../../arm-none-eabi/lib/thumb/v6-m/nofp/libc_nano.a(libc_a-sccl.o)
                0x080049c8                __sccl
 *fill*         0x08004a3a        0x2 
 .text.__submore
                0x08004a3c       0x7c /opt/st/stm32cubeide_1.18.0/plugins/com.st.stm32cube.ide.mcu.externaltools.gnu-tools-for-stm32.13.3.rel1.linux64_1.0.0.202410170706/tools/bin/../lib/gcc/arm-none-eabi/13.3.1/../../../../arm-none-eabi/lib/thumb/v6-m/nofp/libc_nano.a(libc_a-ungetc.o)
                0x08004a3c                __submore
 .text.memmove  0x08004ab8       0x24 /opt/st/stm32cubeide_1.18.0/plugins/com.st.stm32cube.ide.mcu.externaltools.gnu-tools-for-stm32.13.3.rel1.linux64_1.0.0.202410170706/tools/bin/../lib/gcc/arm-none-eabi/13.3.1/../../../../arm-none-eabi/lib/thumb/v6-m/nofp/libc_nano.a(libc_a-memmove.o)
                0x08004ab8                memmove
 .text.memchr   0x08004adc       0x16 /opt/st/stm32cubeide_1.18.0/plugins/com.st.stm32cube.ide.mcu.externaltools.gnu-tools-for-stm32.13.3.rel1.linux64_1.0.0.202410170706/tools/bin/../lib/gcc/arm-none-eabi/13.3.1/../../../../arm-none-eabi/lib/thumb/v6-m/nofp/libc_nano.a(libc_a-memchr-stub.o)
                0x08004adc                memchr
 .text._realloc_r
                0x08004af2       0x60 /opt/st/stm32cubeide_1.18.0/plugins/com.st.stm32cube.ide.mcu.externaltools.gnu-tools-for-stm32.13.3.rel1.linux64_1.0.0.202410170706/tools/bin/../lib/gcc/arm-none-eabi/13.3.1/../../../../arm-none-eabi/lib/thumb/v6-m/nofp/libc_nano.a(libc_a-reallocr.o)
                0x08004af2                _realloc_r
 *fill*         0x08004b52        0x2 
 .text._strtol_l.isra.0
                0x08004b54      0x114 /opt/st/stm32cubeide_1.18.0/plugins/com.st.stm32cube.ide.mcu.externaltools.gnu-tools-for-stm32.13.3.rel1.linux64_1.0.0.202410170706/tools/bin/../lib/gcc/arm-none-eabi/13.3.1/../../../../arm-none-eabi/lib/thumb/v6-m/nofp/libc_nano.a(libc_a-strtol.o)
 .text._strtol_r
                0x08004c68        0x8 /opt/st/stm32cubeide_1.18.0/plugins/com.st.stm32cube.ide.mcu.externaltools.gnu-tools-for-stm32.13.3.rel1.linux64_1.0.0.202410170706/tools/bin/../lib/gcc/arm-none-eabi/13.3.1/../../../../arm-none-eabi/lib/thumb/v6-m/nofp/libc_nano.a(libc_a-strtol.o)
                0x08004c68                _strtol_r
 .text._strtoul_l.isra.0
                0x08004c70      0x104 /opt/st/stm32cubeide_1.18.0/plugins/com.st.stm32cube.ide.mcu.externaltools.gnu-tools-for-stm32.13.3.rel1.linux64_1.0.0.202410170706/tools/bin/../lib/gcc/arm-none-eabi/13.3.1/../../../../arm-none-eabi/lib/thumb/v6-m/nofp/libc_nano.a(libc_a-strtoul.o)
 .text._strtoul_r
                0x08004d74        0x8 /opt/st/stm32cubeide_1.18.0/plugins/com.st.stm32cube.ide.mcu.externaltools.gnu-tools-for-stm32.13.3.rel1.linux64_1.0.0.202410170706/tools/bin/../lib/gcc/arm-none-eabi/13.3.1/../../../../arm-none-eabi/lib/thumb/v6-m/nofp/libc_nano.a(libc_a-strtoul.o)
                0x08004d74                _strtoul_r
 .text._malloc_usable_size_r
                0x08004d7c       0x10 /opt/st/stm32cubeide_1.18.0/plugins/com.st.stm32cube.ide.mcu.externaltools.gnu-tools-for-stm32.13.3.rel1.linux64_1.0.0.202410170706/tools/bin/../lib/gcc/arm-none-eabi/13.3.1/../../../../arm-none-eabi/lib/thumb/v6-m/nofp/libc_nano.a(libc_a-msizer.o)
                0x08004d7c                _malloc_usable_size_r
 *(.glue_7)
 .glue_7        0x08004d8c        0x0 linker stubs
 *(.glue_7t)
 .glue_7t       0x08004d8c        0x0 linker stubs
 *(.eh_frame)
 .eh_frame      0x08004d8c        0x0 /opt/st/stm32cubeide_1.18.0/plugins/com.st.stm32cube.ide.mcu.externaltools.gnu-tools-for-stm32.13.3.rel1.linux64_1.0.0.202410170706/tools/bin/../lib/gcc/arm-none-eabi/13.3.1/thumb/v6-m/nofp/crtbegin.o
 *(.init)
 .init          0x08004d8c        0x4 /opt/st/stm32cubeide_1.18.0/plugins/com.st.stm32cube.ide.mcu.externaltools.gnu-tools-for-stm32.13.3.rel1.linux64_1.0.0.202410170706/tools/bin/../lib/gcc/arm-none-eabi/13.3.1/thumb/v6-m/nofp/crti.o
                0x08004d8c                _init
 .init          0x08004d90        0x8 /opt/st/stm32cubeide_1.18.0/plugins/com.st.stm32cube.ide.mcu.externaltools.gnu-tools-for-stm32.13.3.rel1.linux64_1.0.0.202410170706/tools/bin/../lib/gcc/arm-none-eabi/13.3.1/thumb/v6-m/nofp/crtn.o
 *(.fini)
 .fini          0x08004d98        0x4 /opt/st/stm32cubeide_1.18.0/plugins/com.st.stm32cube.ide.mcu.externaltools.gnu-tools-for-stm32.13.3.rel1.linux64_1.0.0.202410170706/tools/bin/../lib/gcc/arm-none-eabi/13.3.1/thumb/v6-m/nofp/crti.o
                0x08004d98                _fini
 .fini          0x08004d9c        0x8 /opt/st/stm32cubeide_1.18.0/plugins/com.st.stm32cube.ide.mcu.externaltools.gnu-tools-for-stm32.13.3.rel1.linux64_1.0.0.202410170706/tools/bin/../lib/gcc/arm-none-eabi/13.3.1/thumb/v6-m/nofp/crtn.o
                0x08004da4                        . = ALIGN (0x4)
                0x08004da4                        _etext = .

.vfp11_veneer   0x08004da4        0x0
 .vfp11_veneer  0x08004da4        0x0 linker stubs

.v4_bx          0x08004da4        0x0
 .v4_bx         0x08004da4        0x0 linker stubs

.iplt           0x08004da4        0x0
 .iplt          0x08004da4        0x0 /opt/st/stm32cubeide_1.18.0/plugins/com.st.stm32cube.ide.mcu.externaltools.gnu-tools-for-stm32.13.3.rel1.linux64_1.0.0.202410170706/tools/bin/../lib/gcc/arm-none-eabi/13.3.1/thumb/v6-m/nofp/crtbegin.o

.rodata         0x08004da4      0x7a8
                0x08004da4                        . = ALIGN (0x4)
 *(.rodata)
 .rodata        0x08004da4        0xc /opt/st/stm32cubeide_1.18.0/plugins/com.st.stm32cube.ide.mcu.externaltools.gnu-tools-for-stm32.13.3.rel1.linux64_1.0.0.202410170706/tools/bin/../lib/gcc/arm-none-eabi/13.3.1/../../../../arm-none-eabi/lib/thumb/v6-m/nofp/libc_nano.a(libc_a-nano-vfscanf_i.o)
 *(.rodata*)
 .rodata.PLLMulTable
                0x08004db0        0x9 ./Core/Src/system_stm32l0xx.o
                0x08004db0                PLLMulTable
 *fill*         0x08004db9        0x3 
 .rodata.APBPrescTable
                0x08004dbc        0x8 ./Core/Src/system_stm32l0xx.o
                0x08004dbc                APBPrescTable
 .rodata.AHBPrescTable
                0x08004dc4       0x10 ./Core/Src/system_stm32l0xx.o
                0x08004dc4                AHBPrescTable
 .rodata.cmd_onERROR.str1.4
                0x08004dd4      0x2de ./cmd/cmd.o
                                  0xf (size before relaxing)
 .rodata.command_parser.str1.4
                0x080050b2       0x26 ./cmd/cmd.o
 .rodata.f_help_app.str1.4
                0x080050b2        0x6 ./cmd/cmd_fn.o
 .rodata.f_decaTDoATag.str1.4
                0x080050b2       0xbe ./cmd/cmd_fn.o
 .rodata.f_jstat.str1.4
                0x080050b2      0x121 ./cmd/cmd_fn.o
 .rodata.str1.4
                0x080050b2       0xaf ./cmd/cmd_fn.o
 *fill*         0x080050b2        0x2 
 .rodata.known_commands
                0x080050b4       0xfc ./cmd/cmd_fn.o
                0x080050b4                known_commands
 .rodata.CMD_FN_RET_OK
                0x080051b0        0x5 ./cmd/cmd_fn.o
                0x080051b0                CMD_FN_RET_OK
 .rodata.waitForCommand.str1.4
                0x080051b5       0x12 ./cmd/cmd_uart_rx.o
 *fill*         0x080051b5        0x3 
 .rodata._dwt_enableclocks
                0x080051b8       0x3c ./deca_driver/deca_device.o
 .rodata.lde_replicaCoeff
                0x080051f4       0x32 ./deca_driver/deca_params_init.o
                0x080051f4                lde_replicaCoeff
 *fill*         0x08005226        0x2 
 .rodata.digital_bb_config
                0x08005228       0x20 ./deca_driver/deca_params_init.o
                0x08005228                digital_bb_config
 .rodata.dtune1
                0x08005248        0x4 ./deca_driver/deca_params_init.o
                0x08005248                dtune1
 .rodata.sftsh  0x0800524c        0xc ./deca_driver/deca_params_init.o
                0x0800524c                sftsh
 .rodata.dwnsSFDlen
                0x08005258        0x3 ./deca_driver/deca_params_init.o
                0x08005258                dwnsSFDlen
 *fill*         0x0800525b        0x1 
 .rodata.agc_config
                0x0800525c        0x8 ./deca_driver/deca_params_init.o
                0x0800525c                agc_config
 .rodata.rx_config
                0x08005264        0x2 ./deca_driver/deca_params_init.o
                0x08005264                rx_config
 *fill*         0x08005266        0x2 
 .rodata.fs_pll_tune
                0x08005268        0x6 ./deca_driver/deca_params_init.o
                0x08005268                fs_pll_tune
 *fill*         0x0800526e        0x2 
 .rodata.fs_pll_cfg
                0x08005270       0x18 ./deca_driver/deca_params_init.o
                0x08005270                fs_pll_cfg
 .rodata.tx_config
                0x08005288       0x18 ./deca_driver/deca_params_init.o
                0x08005288                tx_config
 .rodata.chan_idx
                0x080052a0        0x8 ./deca_driver/deca_params_init.o
                0x080052a0                chan_idx
 .rodata.lis3dh_enable_int
                0x080052a8       0x18 ./mems/lis3dh.o
 .rodata.lis3dh_set_int_event_config
                0x080052c0       0x18 ./mems/lis3dh.o
 .rodata.deca_to_plen
                0x080052d8       0xc4 ./utils/translate.o
 .rodata.ref_goldenval
                0x0800539c       0x60 ./utils/tvc.o
 .rodata._ctype_
                0x080053fc      0x101 /opt/st/stm32cubeide_1.18.0/plugins/com.st.stm32cube.ide.mcu.externaltools.gnu-tools-for-stm32.13.3.rel1.linux64_1.0.0.202410170706/tools/bin/../lib/gcc/arm-none-eabi/13.3.1/../../../../arm-none-eabi/lib/thumb/v6-m/nofp/libc_nano.a(libc_a-ctype_.o)
                0x080053fc                _ctype_
 .rodata._svfprintf_r.str1.1
                0x080054fd       0x4e /opt/st/stm32cubeide_1.18.0/plugins/com.st.stm32cube.ide.mcu.externaltools.gnu-tools-for-stm32.13.3.rel1.linux64_1.0.0.202410170706/tools/bin/../lib/gcc/arm-none-eabi/13.3.1/../../../../arm-none-eabi/lib/thumb/v6-m/nofp/libc_nano.a(libc_a-nano-svfprintf.o)
                                 0x11 (size before relaxing)
 .rodata.__ssvfscanf_r.str1.1
                0x0800554b        0x4 /opt/st/stm32cubeide_1.18.0/plugins/com.st.stm32cube.ide.mcu.externaltools.gnu-tools-for-stm32.13.3.rel1.linux64_1.0.0.202410170706/tools/bin/../lib/gcc/arm-none-eabi/13.3.1/../../../../arm-none-eabi/lib/thumb/v6-m/nofp/libc_nano.a(libc_a-nano-svfscanf.o)
 .rodata._printf_i.str1.1
                0x0800554b       0x22 /opt/st/stm32cubeide_1.18.0/plugins/com.st.stm32cube.ide.mcu.externaltools.gnu-tools-for-stm32.13.3.rel1.linux64_1.0.0.202410170706/tools/bin/../lib/gcc/arm-none-eabi/13.3.1/../../../../arm-none-eabi/lib/thumb/v6-m/nofp/libc_nano.a(libc_a-nano-vfprintf_i.o)
 .rodata._scanf_i.str1.1
                0x0800554b       0x12 /opt/st/stm32cubeide_1.18.0/plugins/com.st.stm32cube.ide.mcu.externaltools.gnu-tools-for-stm32.13.3.rel1.linux64_1.0.0.202410170706/tools/bin/../lib/gcc/arm-none-eabi/13.3.1/../../../../arm-none-eabi/lib/thumb/v6-m/nofp/libc_nano.a(libc_a-nano-vfscanf_i.o)
 .rodata.str1.1
                0x0800554b        0x9 /opt/st/stm32cubeide_1.18.0/plugins/com.st.stm32cube.ide.mcu.externaltools.gnu-tools-for-stm32.13.3.rel1.linux64_1.0.0.202410170706/tools/bin/../lib/gcc/arm-none-eabi/13.3.1/../../../../arm-none-eabi/lib/thumb/v6-m/nofp/libc_nano.a(libc_a-nano-vfscanf_i.o)
                0x08005570                        . = ALIGN (0x4)
 *fill*         0x0800554b        0x1 

.default_config
                0x08005600       0x63
 .default_config
                0x08005600       0x63 ./config/config.o
                0x08005600                defaultFConfig

.ARM.extab      0x08005663        0x1
                0x08005664                        . = ALIGN (0x4)
 *fill*         0x08005663        0x1 
 *(.ARM.extab* .gnu.linkonce.armextab.*)
                0x08005664                        . = ALIGN (0x4)

.ARM            0x08005664        0x0
                0x08005664                        . = ALIGN (0x4)
                0x08005664                        __exidx_start = .
 *(.ARM.exidx*)
                0x08005664                        __exidx_end = .
                0x08005664                        . = ALIGN (0x4)

.preinit_array  0x08005664        0x0
                0x08005664                        . = ALIGN (0x4)
                0x08005664                        PROVIDE (__preinit_array_start = .)
 *(.preinit_array*)
                0x08005664                        PROVIDE (__preinit_array_end = .)
                0x08005664                        . = ALIGN (0x4)

.init_array     0x08005664        0x4
                0x08005664                        . = ALIGN (0x4)
                0x08005664                        PROVIDE (__init_array_start = .)
 *(SORT_BY_NAME(.init_array.*))
 *(.init_array*)
 .init_array    0x08005664        0x4 /opt/st/stm32cubeide_1.18.0/plugins/com.st.stm32cube.ide.mcu.externaltools.gnu-tools-for-stm32.13.3.rel1.linux64_1.0.0.202410170706/tools/bin/../lib/gcc/arm-none-eabi/13.3.1/thumb/v6-m/nofp/crtbegin.o
                0x08005668                        PROVIDE (__init_array_end = .)
                0x08005668                        . = ALIGN (0x4)

.fini_array     0x08005668        0x4
                0x08005668                        . = ALIGN (0x4)
                [!provide]                        PROVIDE (__fini_array_start = .)
 *(SORT_BY_NAME(.fini_array.*))
 *(.fini_array*)
 .fini_array    0x08005668        0x4 /opt/st/stm32cubeide_1.18.0/plugins/com.st.stm32cube.ide.mcu.externaltools.gnu-tools-for-stm32.13.3.rel1.linux64_1.0.0.202410170706/tools/bin/../lib/gcc/arm-none-eabi/13.3.1/thumb/v6-m/nofp/crtbegin.o
                [!provide]                        PROVIDE (__fini_array_end = .)
                0x0800566c                        . = ALIGN (0x4)
                0x0800566c                        _sidata = LOADADDR (.data)

.rel.dyn        0x0800566c        0x0
 .rel.iplt      0x0800566c        0x0 /opt/st/stm32cubeide_1.18.0/plugins/com.st.stm32cube.ide.mcu.externaltools.gnu-tools-for-stm32.13.3.rel1.linux64_1.0.0.202410170706/tools/bin/../lib/gcc/arm-none-eabi/13.3.1/thumb/v6-m/nofp/crtbegin.o

.data           0x20000000       0x64 load address 0x0800566c
                0x20000000                        . = ALIGN (0x4)
                0x20000000                        _sdata = .
 *(.data)
 *(.data*)
 .data.tx_frame
                0x20000000        0xc ./Core/Src/main.o
 .data.SystemCoreClock
                0x2000000c        0x4 ./Core/Src/system_stm32l0xx.o
                0x2000000c                SystemCoreClock
 .data.pdw1000local
                0x20000010        0x4 ./deca_driver/deca_device.o
 .data._impure_ptr
                0x20000014        0x4 /opt/st/stm32cubeide_1.18.0/plugins/com.st.stm32cube.ide.mcu.externaltools.gnu-tools-for-stm32.13.3.rel1.linux64_1.0.0.202410170706/tools/bin/../lib/gcc/arm-none-eabi/13.3.1/../../../../arm-none-eabi/lib/thumb/v6-m/nofp/libc_nano.a(libc_a-impure.o)
                0x20000014                _impure_ptr
 .data._impure_data
                0x20000018       0x4c /opt/st/stm32cubeide_1.18.0/plugins/com.st.stm32cube.ide.mcu.externaltools.gnu-tools-for-stm32.13.3.rel1.linux64_1.0.0.202410170706/tools/bin/../lib/gcc/arm-none-eabi/13.3.1/../../../../arm-none-eabi/lib/thumb/v6-m/nofp/libc_nano.a(libc_a-impure.o)
                0x20000018                _impure_data
 *(.RamFunc)
 *(.RamFunc*)
                0x20000064                        . = ALIGN (0x4)
                0x20000064                        _edata = .

.igot.plt       0x20000064        0x0 load address 0x080056d0
 .igot.plt      0x20000064        0x0 /opt/st/stm32cubeide_1.18.0/plugins/com.st.stm32cube.ide.mcu.externaltools.gnu-tools-for-stm32.13.3.rel1.linux64_1.0.0.202410170706/tools/bin/../lib/gcc/arm-none-eabi/13.3.1/thumb/v6-m/nofp/crtbegin.o

.fConfig        0x20000100      0x100 load address 0x080056d0
 .fConfig       0x20000100      0x100 ./config/config.o
                0x20000100                FConfig
                0x20000200                        . = ALIGN (0x4)

.bss            0x20000200      0x4dc load address 0x080057d0
                0x20000200                        _sbss = .
                0x20000200                        __bss_start__ = _sbss
 *(.bss)
 .bss           0x20000200       0x1c /opt/st/stm32cubeide_1.18.0/plugins/com.st.stm32cube.ide.mcu.externaltools.gnu-tools-for-stm32.13.3.rel1.linux64_1.0.0.202410170706/tools/bin/../lib/gcc/arm-none-eabi/13.3.1/thumb/v6-m/nofp/crtbegin.o
 *(.bss*)
 .bss.app       0x2000021c       0x10 ./Core/Src/main.o
                0x2000021c                app
 .bss.__sbrk_heap_end
                0x2000022c        0x4 ./Core/Src/sysmem.o
 .bss.uart_rx_data_ready
                0x20000230        0x1 ./Port/deca_uart.o
 *fill*         0x20000231        0x3 
 .bss.rx_buf_index
                0x20000234        0x4 ./Port/deca_uart.o
 .bss.rx_buf    0x20000238      0x100 ./Port/deca_uart.o
 .bss.SysTickCount
                0x20000338        0x4 ./Port/port_platform.o
                0x20000338                SysTickCount
 .bss.SerialData
                0x2000033c        0x1 ./Port/port_platform.o
                0x2000033c                SerialData
 .bss.gMotionDetInt
                0x2000033d        0x1 ./Port/port_platform.o
 *fill*         0x2000033e        0x2 
 .bss.cmdBuf.0  0x20000340       0x40 ./cmd/cmd_uart_rx.o
 .bss.cmdLen.1  0x20000380        0x1 ./cmd/cmd_uart_rx.o
 *fill*         0x20000381        0x1 
 .bss.local_buff_length
                0x20000382        0x2 ./cmd/cmd_uart_rx.o
 .bss.local_buff
                0x20000384       0x40 ./cmd/cmd_uart_rx.o
 *fill*         0x200003c4       0x3c 
 .bss.tmpConfig
                0x20000400       0x63 ./config/config.o
 *fill*         0x20000463        0x1 
 .bss.dw1000local
                0x20000464       0x38 ./deca_driver/deca_device.o
 .bss.instance_data
                0x2000049c       0x24 ./instance/instance.o
                0x2000049c                instance_data
 .bss.ref       0x200004c0       0x10 ./instance/instance.o
 .bss.mosi.0    0x200004d0       0x40 ./mems/lis3dh.o
 .bss.miso.1    0x20000510       0x40 ./mems/lis3dh.o
 .bss.mosi.2    0x20000550       0x40 ./mems/lis3dh.o
 .bss.sensor    0x20000590        0x4 ./mems/lis3dh.o
 .bss.__malloc_sbrk_start
                0x20000594        0x4 /opt/st/stm32cubeide_1.18.0/plugins/com.st.stm32cube.ide.mcu.externaltools.gnu-tools-for-stm32.13.3.rel1.linux64_1.0.0.202410170706/tools/bin/../lib/gcc/arm-none-eabi/13.3.1/../../../../arm-none-eabi/lib/thumb/v6-m/nofp/libc_nano.a(libc_a-mallocr.o)
                0x20000594                __malloc_sbrk_start
 .bss.__malloc_free_list
                0x20000598        0x4 /opt/st/stm32cubeide_1.18.0/plugins/com.st.stm32cube.ide.mcu.externaltools.gnu-tools-for-stm32.13.3.rel1.linux64_1.0.0.202410170706/tools/bin/../lib/gcc/arm-none-eabi/13.3.1/../../../../arm-none-eabi/lib/thumb/v6-m/nofp/libc_nano.a(libc_a-mallocr.o)
                0x20000598                __malloc_free_list
 .bss.__sf      0x2000059c      0x138 /opt/st/stm32cubeide_1.18.0/plugins/com.st.stm32cube.ide.mcu.externaltools.gnu-tools-for-stm32.13.3.rel1.linux64_1.0.0.202410170706/tools/bin/../lib/gcc/arm-none-eabi/13.3.1/../../../../arm-none-eabi/lib/thumb/v6-m/nofp/libc_nano.a(libc_a-findfp.o)
                0x2000059c                __sf
 .bss.errno     0x200006d4        0x4 /opt/st/stm32cubeide_1.18.0/plugins/com.st.stm32cube.ide.mcu.externaltools.gnu-tools-for-stm32.13.3.rel1.linux64_1.0.0.202410170706/tools/bin/../lib/gcc/arm-none-eabi/13.3.1/../../../../arm-none-eabi/lib/thumb/v6-m/nofp/libc_nano.a(libc_a-reent.o)
                0x200006d4                errno
 .bss.__lock___malloc_recursive_mutex
                0x200006d8        0x1 /opt/st/stm32cubeide_1.18.0/plugins/com.st.stm32cube.ide.mcu.externaltools.gnu-tools-for-stm32.13.3.rel1.linux64_1.0.0.202410170706/tools/bin/../lib/gcc/arm-none-eabi/13.3.1/../../../../arm-none-eabi/lib/thumb/v6-m/nofp/libc_nano.a(libc_a-lock.o)
                0x200006d8                __lock___malloc_recursive_mutex
 *(COMMON)
                0x200006dc                        . = ALIGN (0x4)
 *fill*         0x200006d9        0x3 
                0x200006dc                        _ebss = .
                0x200006dc                        __bss_end__ = _ebss

._user_heap_stack
                0x200006dc      0x604 load address 0x080057d0
                0x200006e0                        . = ALIGN (0x8)
 *fill*         0x200006dc        0x4 
                [!provide]                        PROVIDE (end = .)
                0x200006e0                        PROVIDE (_end = .)
                0x200008e0                        . = (. + _Min_Heap_Size)
 *fill*         0x200006e0      0x200 
                0x20000ce0                        . = (. + _Min_Stack_Size)
 *fill*         0x200008e0      0x400 
                0x20000ce0                        . = ALIGN (0x8)

/DISCARD/
 libc.a(*)
 libm.a(*)
 libgcc.a(*)

.ARM.attributes
                0x00000000       0x28
 *(.ARM.attributes)
 .ARM.attributes
                0x00000000       0x1e /opt/st/stm32cubeide_1.18.0/plugins/com.st.stm32cube.ide.mcu.externaltools.gnu-tools-for-stm32.13.3.rel1.linux64_1.0.0.202410170706/tools/bin/../lib/gcc/arm-none-eabi/13.3.1/thumb/v6-m/nofp/crti.o
 .ARM.attributes
                0x0000001e       0x2c /opt/st/stm32cubeide_1.18.0/plugins/com.st.stm32cube.ide.mcu.externaltools.gnu-tools-for-stm32.13.3.rel1.linux64_1.0.0.202410170706/tools/bin/../lib/gcc/arm-none-eabi/13.3.1/thumb/v6-m/nofp/crtbegin.o
 .ARM.attributes
                0x0000004a       0x2c ./Core/Src/main.o
 .ARM.attributes
                0x00000076       0x2c ./Core/Src/stm32l0xx_it.o
 .ARM.attributes
                0x000000a2       0x2c ./Core/Src/sysmem.o
 .ARM.attributes
                0x000000ce       0x2c ./Core/Src/system_stm32l0xx.o
 .ARM.attributes
                0x000000fa       0x22 ./Core/Startup/startup_stm32l041g6uxs.o
 .ARM.attributes
                0x0000011c       0x2c ./Drivers/STM32L0xx_HAL_Driver/Src/stm32l0xx_ll_exti.o
 .ARM.attributes
                0x00000148       0x2c ./Drivers/STM32L0xx_HAL_Driver/Src/stm32l0xx_ll_gpio.o
 .ARM.attributes
                0x00000174       0x2c ./Drivers/STM32L0xx_HAL_Driver/Src/stm32l0xx_ll_i2c.o
 .ARM.attributes
                0x000001a0       0x2c ./Drivers/STM32L0xx_HAL_Driver/Src/stm32l0xx_ll_rcc.o
 .ARM.attributes
                0x000001cc       0x2c ./Drivers/STM32L0xx_HAL_Driver/Src/stm32l0xx_ll_rtc.o
 .ARM.attributes
                0x000001f8       0x2c ./Drivers/STM32L0xx_HAL_Driver/Src/stm32l0xx_ll_spi.o
 .ARM.attributes
                0x00000224       0x2c ./Drivers/STM32L0xx_HAL_Driver/Src/stm32l0xx_ll_usart.o
 .ARM.attributes
                0x00000250       0x2c ./Drivers/STM32L0xx_HAL_Driver/Src/stm32l0xx_ll_utils.o
 .ARM.attributes
                0x0000027c       0x2c ./Port/deca_sleep.o
 .ARM.attributes
                0x000002a8       0x2c ./Port/deca_spi.o
 .ARM.attributes
                0x000002d4       0x2c ./Port/deca_uart.o
 .ARM.attributes
                0x00000300       0x2c ./Port/port_platform.o
 .ARM.attributes
                0x0000032c       0x2c ./cmd/cmd.o
 .ARM.attributes
                0x00000358       0x2c ./cmd/cmd_fn.o
 .ARM.attributes
                0x00000384       0x2c ./cmd/cmd_uart_rx.o
 .ARM.attributes
                0x000003b0       0x2c ./config/config.o
 .ARM.attributes
                0x000003dc       0x2c ./deca_driver/deca_device.o
 .ARM.attributes
                0x00000408       0x2c ./deca_driver/deca_params_init.o
 .ARM.attributes
                0x00000434       0x2c ./instance/instance.o
 .ARM.attributes
                0x00000460       0x2c ./mems/lis3dh.o
 .ARM.attributes
                0x0000048c       0x2c ./utils/translate.o
 .ARM.attributes
                0x000004b8       0x2c ./utils/tvc.o
 .ARM.attributes
                0x000004e4       0x2c /opt/st/stm32cubeide_1.18.0/plugins/com.st.stm32cube.ide.mcu.externaltools.gnu-tools-for-stm32.13.3.rel1.linux64_1.0.0.202410170706/tools/bin/../lib/gcc/arm-none-eabi/13.3.1/../../../../arm-none-eabi/lib/thumb/v6-m/nofp/libc_nano.a(libc_a-malloc.o)
 .ARM.attributes
                0x00000510       0x2c /opt/st/stm32cubeide_1.18.0/plugins/com.st.stm32cube.ide.mcu.externaltools.gnu-tools-for-stm32.13.3.rel1.linux64_1.0.0.202410170706/tools/bin/../lib/gcc/arm-none-eabi/13.3.1/../../../../arm-none-eabi/lib/thumb/v6-m/nofp/libc_nano.a(libc_a-mallocr.o)
 .ARM.attributes
                0x0000053c       0x2c /opt/st/stm32cubeide_1.18.0/plugins/com.st.stm32cube.ide.mcu.externaltools.gnu-tools-for-stm32.13.3.rel1.linux64_1.0.0.202410170706/tools/bin/../lib/gcc/arm-none-eabi/13.3.1/../../../../arm-none-eabi/lib/thumb/v6-m/nofp/libc_nano.a(libc_a-mlock.o)
 .ARM.attributes
                0x00000568       0x2c /opt/st/stm32cubeide_1.18.0/plugins/com.st.stm32cube.ide.mcu.externaltools.gnu-tools-for-stm32.13.3.rel1.linux64_1.0.0.202410170706/tools/bin/../lib/gcc/arm-none-eabi/13.3.1/../../../../arm-none-eabi/lib/thumb/v6-m/nofp/libc_nano.a(libc_a-ctype_.o)
 .ARM.attributes
                0x00000594       0x2c /opt/st/stm32cubeide_1.18.0/plugins/com.st.stm32cube.ide.mcu.externaltools.gnu-tools-for-stm32.13.3.rel1.linux64_1.0.0.202410170706/tools/bin/../lib/gcc/arm-none-eabi/13.3.1/../../../../arm-none-eabi/lib/thumb/v6-m/nofp/libc_nano.a(libc_a-findfp.o)
 .ARM.attributes
                0x000005c0       0x2c /opt/st/stm32cubeide_1.18.0/plugins/com.st.stm32cube.ide.mcu.externaltools.gnu-tools-for-stm32.13.3.rel1.linux64_1.0.0.202410170706/tools/bin/../lib/gcc/arm-none-eabi/13.3.1/../../../../arm-none-eabi/lib/thumb/v6-m/nofp/libc_nano.a(libc_a-sprintf.o)
 .ARM.attributes
                0x000005ec       0x2c /opt/st/stm32cubeide_1.18.0/plugins/com.st.stm32cube.ide.mcu.externaltools.gnu-tools-for-stm32.13.3.rel1.linux64_1.0.0.202410170706/tools/bin/../lib/gcc/arm-none-eabi/13.3.1/../../../../arm-none-eabi/lib/thumb/v6-m/nofp/libc_nano.a(libc_a-sscanf.o)
 .ARM.attributes
                0x00000618       0x2c /opt/st/stm32cubeide_1.18.0/plugins/com.st.stm32cube.ide.mcu.externaltools.gnu-tools-for-stm32.13.3.rel1.linux64_1.0.0.202410170706/tools/bin/../lib/gcc/arm-none-eabi/13.3.1/../../../../arm-none-eabi/lib/thumb/v6-m/nofp/libc_nano.a(libc_a-stdio.o)
 .ARM.attributes
                0x00000644       0x2c /opt/st/stm32cubeide_1.18.0/plugins/com.st.stm32cube.ide.mcu.externaltools.gnu-tools-for-stm32.13.3.rel1.linux64_1.0.0.202410170706/tools/bin/../lib/gcc/arm-none-eabi/13.3.1/../../../../arm-none-eabi/lib/thumb/v6-m/nofp/libc_nano.a(libc_a-memset.o)
 .ARM.attributes
                0x00000670       0x2c /opt/st/stm32cubeide_1.18.0/plugins/com.st.stm32cube.ide.mcu.externaltools.gnu-tools-for-stm32.13.3.rel1.linux64_1.0.0.202410170706/tools/bin/../lib/gcc/arm-none-eabi/13.3.1/../../../../arm-none-eabi/lib/thumb/v6-m/nofp/libc_nano.a(libc_a-reent.o)
 .ARM.attributes
                0x0000069c       0x2c /opt/st/stm32cubeide_1.18.0/plugins/com.st.stm32cube.ide.mcu.externaltools.gnu-tools-for-stm32.13.3.rel1.linux64_1.0.0.202410170706/tools/bin/../lib/gcc/arm-none-eabi/13.3.1/../../../../arm-none-eabi/lib/thumb/v6-m/nofp/libc_nano.a(libc_a-impure.o)
 .ARM.attributes
                0x000006c8       0x2c /opt/st/stm32cubeide_1.18.0/plugins/com.st.stm32cube.ide.mcu.externaltools.gnu-tools-for-stm32.13.3.rel1.linux64_1.0.0.202410170706/tools/bin/../lib/gcc/arm-none-eabi/13.3.1/../../../../arm-none-eabi/lib/thumb/v6-m/nofp/libc_nano.a(libc_a-sbrkr.o)
 .ARM.attributes
                0x000006f4       0x2c /opt/st/stm32cubeide_1.18.0/plugins/com.st.stm32cube.ide.mcu.externaltools.gnu-tools-for-stm32.13.3.rel1.linux64_1.0.0.202410170706/tools/bin/../lib/gcc/arm-none-eabi/13.3.1/../../../../arm-none-eabi/lib/thumb/v6-m/nofp/libc_nano.a(libc_a-errno.o)
 .ARM.attributes
                0x00000720       0x2c /opt/st/stm32cubeide_1.18.0/plugins/com.st.stm32cube.ide.mcu.externaltools.gnu-tools-for-stm32.13.3.rel1.linux64_1.0.0.202410170706/tools/bin/../lib/gcc/arm-none-eabi/13.3.1/../../../../arm-none-eabi/lib/thumb/v6-m/nofp/libc_nano.a(libc_a-init.o)
 .ARM.attributes
                0x0000074c       0x2c /opt/st/stm32cubeide_1.18.0/plugins/com.st.stm32cube.ide.mcu.externaltools.gnu-tools-for-stm32.13.3.rel1.linux64_1.0.0.202410170706/tools/bin/../lib/gcc/arm-none-eabi/13.3.1/../../../../arm-none-eabi/lib/thumb/v6-m/nofp/libc_nano.a(libc_a-lock.o)
 .ARM.attributes
                0x00000778       0x1c /opt/st/stm32cubeide_1.18.0/plugins/com.st.stm32cube.ide.mcu.externaltools.gnu-tools-for-stm32.13.3.rel1.linux64_1.0.0.202410170706/tools/bin/../lib/gcc/arm-none-eabi/13.3.1/../../../../arm-none-eabi/lib/thumb/v6-m/nofp/libc_nano.a(libc_a-strcmp.o)
 .ARM.attributes
                0x00000794       0x2c /opt/st/stm32cubeide_1.18.0/plugins/com.st.stm32cube.ide.mcu.externaltools.gnu-tools-for-stm32.13.3.rel1.linux64_1.0.0.202410170706/tools/bin/../lib/gcc/arm-none-eabi/13.3.1/../../../../arm-none-eabi/lib/thumb/v6-m/nofp/libc_nano.a(libc_a-strcpy.o)
 .ARM.attributes
                0x000007c0       0x2c /opt/st/stm32cubeide_1.18.0/plugins/com.st.stm32cube.ide.mcu.externaltools.gnu-tools-for-stm32.13.3.rel1.linux64_1.0.0.202410170706/tools/bin/../lib/gcc/arm-none-eabi/13.3.1/../../../../arm-none-eabi/lib/thumb/v6-m/nofp/libc_nano.a(libc_a-memcpy-stub.o)
 .ARM.attributes
                0x000007ec       0x1c /opt/st/stm32cubeide_1.18.0/plugins/com.st.stm32cube.ide.mcu.externaltools.gnu-tools-for-stm32.13.3.rel1.linux64_1.0.0.202410170706/tools/bin/../lib/gcc/arm-none-eabi/13.3.1/../../../../arm-none-eabi/lib/thumb/v6-m/nofp/libc_nano.a(libc_a-strlen.o)
 .ARM.attributes
                0x00000808       0x2c /opt/st/stm32cubeide_1.18.0/plugins/com.st.stm32cube.ide.mcu.externaltools.gnu-tools-for-stm32.13.3.rel1.linux64_1.0.0.202410170706/tools/bin/../lib/gcc/arm-none-eabi/13.3.1/../../../../arm-none-eabi/lib/thumb/v6-m/nofp/libc_nano.a(libc_a-freer.o)
 .ARM.attributes
                0x00000834       0x2c /opt/st/stm32cubeide_1.18.0/plugins/com.st.stm32cube.ide.mcu.externaltools.gnu-tools-for-stm32.13.3.rel1.linux64_1.0.0.202410170706/tools/bin/../lib/gcc/arm-none-eabi/13.3.1/../../../../arm-none-eabi/lib/thumb/v6-m/nofp/libc_nano.a(libc_a-nano-svfprintf.o)
 .ARM.attributes
                0x00000860       0x2c /opt/st/stm32cubeide_1.18.0/plugins/com.st.stm32cube.ide.mcu.externaltools.gnu-tools-for-stm32.13.3.rel1.linux64_1.0.0.202410170706/tools/bin/../lib/gcc/arm-none-eabi/13.3.1/../../../../arm-none-eabi/lib/thumb/v6-m/nofp/libc_nano.a(libc_a-nano-svfscanf.o)
 .ARM.attributes
                0x0000088c       0x2c /opt/st/stm32cubeide_1.18.0/plugins/com.st.stm32cube.ide.mcu.externaltools.gnu-tools-for-stm32.13.3.rel1.linux64_1.0.0.202410170706/tools/bin/../lib/gcc/arm-none-eabi/13.3.1/../../../../arm-none-eabi/lib/thumb/v6-m/nofp/libc_nano.a(libc_a-nano-vfprintf_i.o)
 .ARM.attributes
                0x000008b8       0x2c /opt/st/stm32cubeide_1.18.0/plugins/com.st.stm32cube.ide.mcu.externaltools.gnu-tools-for-stm32.13.3.rel1.linux64_1.0.0.202410170706/tools/bin/../lib/gcc/arm-none-eabi/13.3.1/../../../../arm-none-eabi/lib/thumb/v6-m/nofp/libc_nano.a(libc_a-nano-vfscanf_i.o)
 .ARM.attributes
                0x000008e4       0x2c /opt/st/stm32cubeide_1.18.0/plugins/com.st.stm32cube.ide.mcu.externaltools.gnu-tools-for-stm32.13.3.rel1.linux64_1.0.0.202410170706/tools/bin/../lib/gcc/arm-none-eabi/13.3.1/../../../../arm-none-eabi/lib/thumb/v6-m/nofp/libc_nano.a(libc_a-sccl.o)
 .ARM.attributes
                0x00000910       0x2c /opt/st/stm32cubeide_1.18.0/plugins/com.st.stm32cube.ide.mcu.externaltools.gnu-tools-for-stm32.13.3.rel1.linux64_1.0.0.202410170706/tools/bin/../lib/gcc/arm-none-eabi/13.3.1/../../../../arm-none-eabi/lib/thumb/v6-m/nofp/libc_nano.a(libc_a-ungetc.o)
 .ARM.attributes
                0x0000093c       0x2c /opt/st/stm32cubeide_1.18.0/plugins/com.st.stm32cube.ide.mcu.externaltools.gnu-tools-for-stm32.13.3.rel1.linux64_1.0.0.202410170706/tools/bin/../lib/gcc/arm-none-eabi/13.3.1/../../../../arm-none-eabi/lib/thumb/v6-m/nofp/libc_nano.a(libc_a-memmove.o)
 .ARM.attributes
                0x00000968       0x2c /opt/st/stm32cubeide_1.18.0/plugins/com.st.stm32cube.ide.mcu.externaltools.gnu-tools-for-stm32.13.3.rel1.linux64_1.0.0.202410170706/tools/bin/../lib/gcc/arm-none-eabi/13.3.1/../../../../arm-none-eabi/lib/thumb/v6-m/nofp/libc_nano.a(libc_a-memchr-stub.o)
 .ARM.attributes
                0x00000994       0x2c /opt/st/stm32cubeide_1.18.0/plugins/com.st.stm32cube.ide.mcu.externaltools.gnu-tools-for-stm32.13.3.rel1.linux64_1.0.0.202410170706/tools/bin/../lib/gcc/arm-none-eabi/13.3.1/../../../../arm-none-eabi/lib/thumb/v6-m/nofp/libc_nano.a(libc_a-reallocr.o)
 .ARM.attributes
                0x000009c0       0x2c /opt/st/stm32cubeide_1.18.0/plugins/com.st.stm32cube.ide.mcu.externaltools.gnu-tools-for-stm32.13.3.rel1.linux64_1.0.0.202410170706/tools/bin/../lib/gcc/arm-none-eabi/13.3.1/../../../../arm-none-eabi/lib/thumb/v6-m/nofp/libc_nano.a(libc_a-strtol.o)
 .ARM.attributes
                0x000009ec       0x2c /opt/st/stm32cubeide_1.18.0/plugins/com.st.stm32cube.ide.mcu.externaltools.gnu-tools-for-stm32.13.3.rel1.linux64_1.0.0.202410170706/tools/bin/../lib/gcc/arm-none-eabi/13.3.1/../../../../arm-none-eabi/lib/thumb/v6-m/nofp/libc_nano.a(libc_a-strtoul.o)
 .ARM.attributes
                0x00000a18       0x2c /opt/st/stm32cubeide_1.18.0/plugins/com.st.stm32cube.ide.mcu.externaltools.gnu-tools-for-stm32.13.3.rel1.linux64_1.0.0.202410170706/tools/bin/../lib/gcc/arm-none-eabi/13.3.1/../../../../arm-none-eabi/lib/thumb/v6-m/nofp/libc_nano.a(libc_a-msizer.o)
 .ARM.attributes
                0x00000a44       0x1e /opt/st/stm32cubeide_1.18.0/plugins/com.st.stm32cube.ide.mcu.externaltools.gnu-tools-for-stm32.13.3.rel1.linux64_1.0.0.202410170706/tools/bin/../lib/gcc/arm-none-eabi/13.3.1/thumb/v6-m/nofp/libgcc.a(_thumb1_case_shi.o)
 .ARM.attributes
                0x00000a62       0x1e /opt/st/stm32cubeide_1.18.0/plugins/com.st.stm32cube.ide.mcu.externaltools.gnu-tools-for-stm32.13.3.rel1.linux64_1.0.0.202410170706/tools/bin/../lib/gcc/arm-none-eabi/13.3.1/thumb/v6-m/nofp/libgcc.a(_udivsi3.o)
 .ARM.attributes
                0x00000a80       0x1e /opt/st/stm32cubeide_1.18.0/plugins/com.st.stm32cube.ide.mcu.externaltools.gnu-tools-for-stm32.13.3.rel1.linux64_1.0.0.202410170706/tools/bin/../lib/gcc/arm-none-eabi/13.3.1/thumb/v6-m/nofp/libgcc.a(_dvmd_tls.o)
 .ARM.attributes
                0x00000a9e       0x1e /opt/st/stm32cubeide_1.18.0/plugins/com.st.stm32cube.ide.mcu.externaltools.gnu-tools-for-stm32.13.3.rel1.linux64_1.0.0.202410170706/tools/bin/../lib/gcc/arm-none-eabi/13.3.1/thumb/v6-m/nofp/crtn.o
OUTPUT(my1004c.elf elf32-littlearm)
LOAD linker stubs
LOAD /opt/st/stm32cubeide_1.18.0/plugins/com.st.stm32cube.ide.mcu.externaltools.gnu-tools-for-stm32.13.3.rel1.linux64_1.0.0.202410170706/tools/bin/../lib/gcc/arm-none-eabi/13.3.1/../../../../arm-none-eabi/lib/thumb/v6-m/nofp/libc.a
LOAD /opt/st/stm32cubeide_1.18.0/plugins/com.st.stm32cube.ide.mcu.externaltools.gnu-tools-for-stm32.13.3.rel1.linux64_1.0.0.202410170706/tools/bin/../lib/gcc/arm-none-eabi/13.3.1/../../../../arm-none-eabi/lib/thumb/v6-m/nofp/libm.a
LOAD /opt/st/stm32cubeide_1.18.0/plugins/com.st.stm32cube.ide.mcu.externaltools.gnu-tools-for-stm32.13.3.rel1.linux64_1.0.0.202410170706/tools/bin/../lib/gcc/arm-none-eabi/13.3.1/thumb/v6-m/nofp/libgcc.a

.debug_info     0x00000000    0x179ee
 .debug_info    0x00000000     0x31c8 ./Core/Src/main.o
 .debug_info    0x000031c8      0x65a ./Core/Src/stm32l0xx_it.o
 .debug_info    0x00003822      0x17f ./Core/Src/sysmem.o
 .debug_info    0x000039a1      0x306 ./Core/Src/system_stm32l0xx.o
 .debug_info    0x00003ca7       0x30 ./Core/Startup/startup_stm32l041g6uxs.o
 .debug_info    0x00003cd7      0x4d1 ./Drivers/STM32L0xx_HAL_Driver/Src/stm32l0xx_ll_exti.o
 .debug_info    0x000041a8      0x786 ./Drivers/STM32L0xx_HAL_Driver/Src/stm32l0xx_ll_gpio.o
 .debug_info    0x0000492e      0x6ed ./Drivers/STM32L0xx_HAL_Driver/Src/stm32l0xx_ll_i2c.o
 .debug_info    0x0000501b      0xa5d ./Drivers/STM32L0xx_HAL_Driver/Src/stm32l0xx_ll_rcc.o
 .debug_info    0x00005a78     0x17b4 ./Drivers/STM32L0xx_HAL_Driver/Src/stm32l0xx_ll_rtc.o
 .debug_info    0x0000722c      0x49b ./Drivers/STM32L0xx_HAL_Driver/Src/stm32l0xx_ll_spi.o
 .debug_info    0x000076c7      0x749 ./Drivers/STM32L0xx_HAL_Driver/Src/stm32l0xx_ll_usart.o
 .debug_info    0x00007e10      0xb5a ./Drivers/STM32L0xx_HAL_Driver/Src/stm32l0xx_ll_utils.o
 .debug_info    0x0000896a      0x136 ./Port/deca_sleep.o
 .debug_info    0x00008aa0      0x7db ./Port/deca_spi.o
 .debug_info    0x0000927b      0x55f ./Port/deca_uart.o
 .debug_info    0x000097da     0x32e9 ./Port/port_platform.o
 .debug_info    0x0000cac3      0x6f8 ./cmd/cmd.o
 .debug_info    0x0000d1bb     0x1346 ./cmd/cmd_fn.o
 .debug_info    0x0000e501      0x3f8 ./cmd/cmd_uart_rx.o
 .debug_info    0x0000e8f9      0x82b ./config/config.o
 .debug_info    0x0000f124     0x4542 ./deca_driver/deca_device.o
 .debug_info    0x00013666      0x2bc ./deca_driver/deca_params_init.o
 .debug_info    0x00013922      0xea1 ./instance/instance.o
 .debug_info    0x000147c3     0x291c ./mems/lis3dh.o
 .debug_info    0x000170df      0x223 ./utils/translate.o
 .debug_info    0x00017302      0x6ec ./utils/tvc.o

.debug_abbrev   0x00000000     0x3dd7
 .debug_abbrev  0x00000000      0x4bd ./Core/Src/main.o
 .debug_abbrev  0x000004bd      0x1ed ./Core/Src/stm32l0xx_it.o
 .debug_abbrev  0x000006aa       0xeb ./Core/Src/sysmem.o
 .debug_abbrev  0x00000795      0x138 ./Core/Src/system_stm32l0xx.o
 .debug_abbrev  0x000008cd       0x24 ./Core/Startup/startup_stm32l041g6uxs.o
 .debug_abbrev  0x000008f1      0x1b4 ./Drivers/STM32L0xx_HAL_Driver/Src/stm32l0xx_ll_exti.o
 .debug_abbrev  0x00000aa5      0x21d ./Drivers/STM32L0xx_HAL_Driver/Src/stm32l0xx_ll_gpio.o
 .debug_abbrev  0x00000cc2      0x1d0 ./Drivers/STM32L0xx_HAL_Driver/Src/stm32l0xx_ll_i2c.o
 .debug_abbrev  0x00000e92      0x2bf ./Drivers/STM32L0xx_HAL_Driver/Src/stm32l0xx_ll_rcc.o
 .debug_abbrev  0x00001151      0x331 ./Drivers/STM32L0xx_HAL_Driver/Src/stm32l0xx_ll_rtc.o
 .debug_abbrev  0x00001482      0x1e7 ./Drivers/STM32L0xx_HAL_Driver/Src/stm32l0xx_ll_spi.o
 .debug_abbrev  0x00001669      0x2a0 ./Drivers/STM32L0xx_HAL_Driver/Src/stm32l0xx_ll_usart.o
 .debug_abbrev  0x00001909      0x316 ./Drivers/STM32L0xx_HAL_Driver/Src/stm32l0xx_ll_utils.o
 .debug_abbrev  0x00001c1f       0xc4 ./Port/deca_sleep.o
 .debug_abbrev  0x00001ce3      0x209 ./Port/deca_spi.o
 .debug_abbrev  0x00001eec      0x288 ./Port/deca_uart.o
 .debug_abbrev  0x00002174      0x5a9 ./Port/port_platform.o
 .debug_abbrev  0x0000271d      0x243 ./cmd/cmd.o
 .debug_abbrev  0x00002960      0x291 ./cmd/cmd_fn.o
 .debug_abbrev  0x00002bf1      0x1a1 ./cmd/cmd_uart_rx.o
 .debug_abbrev  0x00002d92      0x33c ./config/config.o
 .debug_abbrev  0x000030ce      0x307 ./deca_driver/deca_device.o
 .debug_abbrev  0x000033d5       0x96 ./deca_driver/deca_params_init.o
 .debug_abbrev  0x0000346b      0x3a1 ./instance/instance.o
 .debug_abbrev  0x0000380c      0x309 ./mems/lis3dh.o
 .debug_abbrev  0x00003b15       0x8d ./utils/translate.o
 .debug_abbrev  0x00003ba2      0x235 ./utils/tvc.o

.debug_loclists
                0x00000000     0x82c4
 .debug_loclists
                0x00000000      0x779 ./Core/Src/main.o
 .debug_loclists
                0x00000779       0x8e ./Core/Src/stm32l0xx_it.o
 .debug_loclists
                0x00000807       0x6d ./Core/Src/sysmem.o
 .debug_loclists
                0x00000874      0x127 ./Core/Src/system_stm32l0xx.o
 .debug_loclists
                0x0000099b      0x1d3 ./Drivers/STM32L0xx_HAL_Driver/Src/stm32l0xx_ll_exti.o
 .debug_loclists
                0x00000b6e      0x242 ./Drivers/STM32L0xx_HAL_Driver/Src/stm32l0xx_ll_gpio.o
 .debug_loclists
                0x00000db0      0x19e ./Drivers/STM32L0xx_HAL_Driver/Src/stm32l0xx_ll_i2c.o
 .debug_loclists
                0x00000f4e      0x33d ./Drivers/STM32L0xx_HAL_Driver/Src/stm32l0xx_ll_rcc.o
 .debug_loclists
                0x0000128b      0xbea ./Drivers/STM32L0xx_HAL_Driver/Src/stm32l0xx_ll_rtc.o
 .debug_loclists
                0x00001e75      0x115 ./Drivers/STM32L0xx_HAL_Driver/Src/stm32l0xx_ll_spi.o
 .debug_loclists
                0x00001f8a      0x362 ./Drivers/STM32L0xx_HAL_Driver/Src/stm32l0xx_ll_usart.o
 .debug_loclists
                0x000022ec      0x4a6 ./Drivers/STM32L0xx_HAL_Driver/Src/stm32l0xx_ll_utils.o
 .debug_loclists
                0x00002792       0x3b ./Port/deca_sleep.o
 .debug_loclists
                0x000027cd      0x33e ./Port/deca_spi.o
 .debug_loclists
                0x00002b0b      0x19c ./Port/deca_uart.o
 .debug_loclists
                0x00002ca7      0xd4e ./Port/port_platform.o
 .debug_loclists
                0x000039f5      0x12a ./cmd/cmd.o
 .debug_loclists
                0x00003b1f      0x7d1 ./cmd/cmd_fn.o
 .debug_loclists
                0x000042f0      0x178 ./cmd/cmd_uart_rx.o
 .debug_loclists
                0x00004468       0xf3 ./config/config.o
 .debug_loclists
                0x0000455b     0x1bd3 ./deca_driver/deca_device.o
 .debug_loclists
                0x0000612e      0x2a4 ./instance/instance.o
 .debug_loclists
                0x000063d2     0x16e9 ./mems/lis3dh.o
 .debug_loclists
                0x00007abb      0x38b ./utils/translate.o
 .debug_loclists
                0x00007e46      0x47e ./utils/tvc.o

.debug_aranges  0x00000000      0xca8
 .debug_aranges
                0x00000000       0x70 ./Core/Src/main.o
 .debug_aranges
                0x00000070       0x68 ./Core/Src/stm32l0xx_it.o
 .debug_aranges
                0x000000d8       0x20 ./Core/Src/sysmem.o
 .debug_aranges
                0x000000f8       0x28 ./Core/Src/system_stm32l0xx.o
 .debug_aranges
                0x00000120       0x28 ./Core/Startup/startup_stm32l041g6uxs.o
 .debug_aranges
                0x00000148       0x30 ./Drivers/STM32L0xx_HAL_Driver/Src/stm32l0xx_ll_exti.o
 .debug_aranges
                0x00000178       0x30 ./Drivers/STM32L0xx_HAL_Driver/Src/stm32l0xx_ll_gpio.o
 .debug_aranges
                0x000001a8       0x30 ./Drivers/STM32L0xx_HAL_Driver/Src/stm32l0xx_ll_i2c.o
 .debug_aranges
                0x000001d8       0x70 ./Drivers/STM32L0xx_HAL_Driver/Src/stm32l0xx_ll_rcc.o
 .debug_aranges
                0x00000248       0x88 ./Drivers/STM32L0xx_HAL_Driver/Src/stm32l0xx_ll_rtc.o
 .debug_aranges
                0x000002d0       0x30 ./Drivers/STM32L0xx_HAL_Driver/Src/stm32l0xx_ll_spi.o
 .debug_aranges
                0x00000300       0x48 ./Drivers/STM32L0xx_HAL_Driver/Src/stm32l0xx_ll_usart.o
 .debug_aranges
                0x00000348       0x60 ./Drivers/STM32L0xx_HAL_Driver/Src/stm32l0xx_ll_utils.o
 .debug_aranges
                0x000003a8       0x20 ./Port/deca_sleep.o
 .debug_aranges
                0x000003c8       0x38 ./Port/deca_spi.o
 .debug_aranges
                0x00000400       0x48 ./Port/deca_uart.o
 .debug_aranges
                0x00000448      0x140 ./Port/port_platform.o
 .debug_aranges
                0x00000588       0x28 ./cmd/cmd.o
 .debug_aranges
                0x000005b0       0xc8 ./cmd/cmd_fn.o
 .debug_aranges
                0x00000678       0x28 ./cmd/cmd_uart_rx.o
 .debug_aranges
                0x000006a0       0x58 ./config/config.o
 .debug_aranges
                0x000006f8      0x358 ./deca_driver/deca_device.o
 .debug_aranges
                0x00000a50       0x18 ./deca_driver/deca_params_init.o
 .debug_aranges
                0x00000a68       0x70 ./instance/instance.o
 .debug_aranges
                0x00000ad8      0x120 ./mems/lis3dh.o
 .debug_aranges
                0x00000bf8       0x68 ./utils/translate.o
 .debug_aranges
                0x00000c60       0x48 ./utils/tvc.o

.debug_rnglists
                0x00000000      0xb0a
 .debug_rnglists
                0x00000000       0x86 ./Core/Src/main.o
 .debug_rnglists
                0x00000086       0x49 ./Core/Src/stm32l0xx_it.o
 .debug_rnglists
                0x000000cf       0x13 ./Core/Src/sysmem.o
 .debug_rnglists
                0x000000e2       0x1a ./Core/Src/system_stm32l0xx.o
 .debug_rnglists
                0x000000fc       0x19 ./Core/Startup/startup_stm32l041g6uxs.o
 .debug_rnglists
                0x00000115       0x5c ./Drivers/STM32L0xx_HAL_Driver/Src/stm32l0xx_ll_exti.o
 .debug_rnglists
                0x00000171       0x45 ./Drivers/STM32L0xx_HAL_Driver/Src/stm32l0xx_ll_gpio.o
 .debug_rnglists
                0x000001b6       0x2b ./Drivers/STM32L0xx_HAL_Driver/Src/stm32l0xx_ll_i2c.o
 .debug_rnglists
                0x000001e1       0x52 ./Drivers/STM32L0xx_HAL_Driver/Src/stm32l0xx_ll_rcc.o
 .debug_rnglists
                0x00000233       0x7d ./Drivers/STM32L0xx_HAL_Driver/Src/stm32l0xx_ll_rtc.o
 .debug_rnglists
                0x000002b0       0x2b ./Drivers/STM32L0xx_HAL_Driver/Src/stm32l0xx_ll_spi.o
 .debug_rnglists
                0x000002db       0x4a ./Drivers/STM32L0xx_HAL_Driver/Src/stm32l0xx_ll_usart.o
 .debug_rnglists
                0x00000325       0x6a ./Drivers/STM32L0xx_HAL_Driver/Src/stm32l0xx_ll_utils.o
 .debug_rnglists
                0x0000038f       0x13 ./Port/deca_sleep.o
 .debug_rnglists
                0x000003a2       0x57 ./Port/deca_spi.o
 .debug_rnglists
                0x000003f9       0x32 ./Port/deca_uart.o
 .debug_rnglists
                0x0000042b      0x121 ./Port/port_platform.o
 .debug_rnglists
                0x0000054c       0x1a ./cmd/cmd.o
 .debug_rnglists
                0x00000566       0x93 ./cmd/cmd_fn.o
 .debug_rnglists
                0x000005f9       0x1a ./cmd/cmd_uart_rx.o
 .debug_rnglists
                0x00000613       0x49 ./config/config.o
 .debug_rnglists
                0x0000065c      0x28b ./deca_driver/deca_device.o
 .debug_rnglists
                0x000008e7       0x61 ./instance/instance.o
 .debug_rnglists
                0x00000948      0x146 ./mems/lis3dh.o
 .debug_rnglists
                0x00000a8e       0x49 ./utils/translate.o
 .debug_rnglists
                0x00000ad7       0x33 ./utils/tvc.o

.debug_macro    0x00000000    0x14a58
 .debug_macro   0x00000000      0x3b1 ./Core/Src/main.o
 .debug_macro   0x000003b1      0xaf0 ./Core/Src/main.o
 .debug_macro   0x00000ea1       0x2e ./Core/Src/main.o
 .debug_macro   0x00000ecf       0x28 ./Core/Src/main.o
 .debug_macro   0x00000ef7       0x22 ./Core/Src/main.o
 .debug_macro   0x00000f19       0x8e ./Core/Src/main.o
 .debug_macro   0x00000fa7       0x51 ./Core/Src/main.o
 .debug_macro   0x00000ff8      0x103 ./Core/Src/main.o
 .debug_macro   0x000010fb       0x6a ./Core/Src/main.o
 .debug_macro   0x00001165      0x1df ./Core/Src/main.o
 .debug_macro   0x00001344       0x1c ./Core/Src/main.o
 .debug_macro   0x00001360       0x22 ./Core/Src/main.o
 .debug_macro   0x00001382       0xaf ./Core/Src/main.o
 .debug_macro   0x00001431      0x3ad ./Core/Src/main.o
 .debug_macro   0x000017de     0x8398 ./Core/Src/main.o
 .debug_macro   0x00009b76       0x66 ./Core/Src/main.o
 .debug_macro   0x00009bdc       0x59 ./Core/Src/main.o
 .debug_macro   0x00009c35      0x24d ./Core/Src/main.o
 .debug_macro   0x00009e82       0x6a ./Core/Src/main.o
 .debug_macro   0x00009eec      0x3b4 ./Core/Src/main.o
 .debug_macro   0x0000a2a0       0xbb ./Core/Src/main.o
 .debug_macro   0x0000a35b      0x14b ./Core/Src/main.o
 .debug_macro   0x0000a4a6      0x108 ./Core/Src/main.o
 .debug_macro   0x0000a5ae       0x16 ./Core/Src/main.o
 .debug_macro   0x0000a5c4       0x2a ./Core/Src/main.o
 .debug_macro   0x0000a5ee       0xce ./Core/Src/main.o
 .debug_macro   0x0000a6bc      0x303 ./Core/Src/main.o
 .debug_macro   0x0000a9bf      0x421 ./Core/Src/main.o
 .debug_macro   0x0000ade0      0x129 ./Core/Src/main.o
 .debug_macro   0x0000af09      0x2f7 ./Core/Src/main.o
 .debug_macro   0x0000b200      0x12d ./Core/Src/main.o
 .debug_macro   0x0000b32d       0xca ./Core/Src/main.o
 .debug_macro   0x0000b3f7       0xd0 ./Core/Src/main.o
 .debug_macro   0x0000b4c7       0x22 ./Core/Src/main.o
 .debug_macro   0x0000b4e9       0x61 ./Core/Src/main.o
 .debug_macro   0x0000b54a       0x24 ./Core/Src/main.o
 .debug_macro   0x0000b56e       0x43 ./Core/Src/main.o
 .debug_macro   0x0000b5b1       0x34 ./Core/Src/main.o
 .debug_macro   0x0000b5e5       0x16 ./Core/Src/main.o
 .debug_macro   0x0000b5fb       0x9e ./Core/Src/main.o
 .debug_macro   0x0000b699      0x370 ./Core/Src/main.o
 .debug_macro   0x0000ba09      0x112 ./Core/Src/main.o
 .debug_macro   0x0000bb1b       0x10 ./Core/Src/main.o
 .debug_macro   0x0000bb2b       0x16 ./Core/Src/main.o
 .debug_macro   0x0000bb41       0x4a ./Core/Src/main.o
 .debug_macro   0x0000bb8b       0x34 ./Core/Src/main.o
 .debug_macro   0x0000bbbf       0x10 ./Core/Src/main.o
 .debug_macro   0x0000bbcf       0x58 ./Core/Src/main.o
 .debug_macro   0x0000bc27       0x8e ./Core/Src/main.o
 .debug_macro   0x0000bcb5       0x1c ./Core/Src/main.o
 .debug_macro   0x0000bcd1      0x185 ./Core/Src/main.o
 .debug_macro   0x0000be56       0x16 ./Core/Src/main.o
 .debug_macro   0x0000be6c       0x16 ./Core/Src/main.o
 .debug_macro   0x0000be82      0x146 ./Core/Src/main.o
 .debug_macro   0x0000bfc8       0x16 ./Core/Src/main.o
 .debug_macro   0x0000bfde       0x3c ./Core/Src/main.o
 .debug_macro   0x0000c01a       0x20 ./Core/Src/main.o
 .debug_macro   0x0000c03a       0x10 ./Core/Src/main.o
 .debug_macro   0x0000c04a       0x1c ./Core/Src/main.o
 .debug_macro   0x0000c066       0x52 ./Core/Src/main.o
 .debug_macro   0x0000c0b8       0x22 ./Core/Src/main.o
 .debug_macro   0x0000c0da       0x10 ./Core/Src/main.o
 .debug_macro   0x0000c0ea       0x52 ./Core/Src/main.o
 .debug_macro   0x0000c13c       0xc1 ./Core/Src/main.o
 .debug_macro   0x0000c1fd       0x1c ./Core/Src/main.o
 .debug_macro   0x0000c219       0x3d ./Core/Src/main.o
 .debug_macro   0x0000c256       0x2e ./Core/Src/main.o
 .debug_macro   0x0000c284       0xe1 ./Core/Src/main.o
 .debug_macro   0x0000c365       0x94 ./Core/Src/main.o
 .debug_macro   0x0000c3f9       0x16 ./Core/Src/main.o
 .debug_macro   0x0000c40f     0x1863 ./Core/Src/main.o
 .debug_macro   0x0000dc72      0x2d2 ./Core/Src/main.o
 .debug_macro   0x0000df44       0x70 ./Core/Src/main.o
 .debug_macro   0x0000dfb4       0x46 ./Core/Src/main.o
 .debug_macro   0x0000dffa       0x16 ./Core/Src/main.o
 .debug_macro   0x0000e010       0x1c ./Core/Src/main.o
 .debug_macro   0x0000e02c      0x16a ./Core/Src/stm32l0xx_it.o
 .debug_macro   0x0000e196      0x112 ./Core/Src/sysmem.o
 .debug_macro   0x0000e2a8      0x23c ./Core/Src/sysmem.o
 .debug_macro   0x0000e4e4       0xba ./Core/Src/system_stm32l0xx.o
 .debug_macro   0x0000e59e       0xe1 ./Drivers/STM32L0xx_HAL_Driver/Src/stm32l0xx_ll_exti.o
 .debug_macro   0x0000e67f      0x102 ./Drivers/STM32L0xx_HAL_Driver/Src/stm32l0xx_ll_exti.o
 .debug_macro   0x0000e781       0xfc ./Drivers/STM32L0xx_HAL_Driver/Src/stm32l0xx_ll_gpio.o
 .debug_macro   0x0000e87d      0x127 ./Drivers/STM32L0xx_HAL_Driver/Src/stm32l0xx_ll_gpio.o
 .debug_macro   0x0000e9a4       0xfc ./Drivers/STM32L0xx_HAL_Driver/Src/stm32l0xx_ll_i2c.o
 .debug_macro   0x0000eaa0      0x247 ./Drivers/STM32L0xx_HAL_Driver/Src/stm32l0xx_ll_i2c.o
 .debug_macro   0x0000ece7       0xe7 ./Drivers/STM32L0xx_HAL_Driver/Src/stm32l0xx_ll_rcc.o
 .debug_macro   0x0000edce      0x3ae ./Drivers/STM32L0xx_HAL_Driver/Src/stm32l0xx_ll_rcc.o
 .debug_macro   0x0000f17c      0x156 ./Drivers/STM32L0xx_HAL_Driver/Src/stm32l0xx_ll_rtc.o
 .debug_macro   0x0000f2d2      0x41b ./Drivers/STM32L0xx_HAL_Driver/Src/stm32l0xx_ll_rtc.o
 .debug_macro   0x0000f6ed      0x123 ./Drivers/STM32L0xx_HAL_Driver/Src/stm32l0xx_ll_spi.o
 .debug_macro   0x0000f810      0x123 ./Drivers/STM32L0xx_HAL_Driver/Src/stm32l0xx_ll_spi.o
 .debug_macro   0x0000f933      0x12f ./Drivers/STM32L0xx_HAL_Driver/Src/stm32l0xx_ll_usart.o
 .debug_macro   0x0000fa62      0x2f1 ./Drivers/STM32L0xx_HAL_Driver/Src/stm32l0xx_ll_usart.o
 .debug_macro   0x0000fd53      0x162 ./Drivers/STM32L0xx_HAL_Driver/Src/stm32l0xx_ll_utils.o
 .debug_macro   0x0000feb5      0x2e4 ./Port/deca_sleep.o
 .debug_macro   0x00010199      0x2f6 ./Port/deca_sleep.o
 .debug_macro   0x0001048f       0x10 ./Port/deca_sleep.o
 .debug_macro   0x0001049f      0x2ff ./Port/deca_spi.o
 .debug_macro   0x0001079e       0x10 ./Port/deca_spi.o
 .debug_macro   0x000107ae      0x319 ./Port/deca_uart.o
 .debug_macro   0x00010ac7       0x6a ./Port/deca_uart.o
 .debug_macro   0x00010b31      0x398 ./Port/port_platform.o
 .debug_macro   0x00010ec9       0x7c ./Port/port_platform.o
 .debug_macro   0x00010f45       0x17 ./Port/port_platform.o
 .debug_macro   0x00010f5c      0x118 ./Port/port_platform.o