Archive member included to satisfy reference by file (symbol)

/opt/st/stm32cubeide_1.18.0/plugins/com.st.stm32cube.ide.mcu.externaltools.gnu-tools-for-stm32.13.3.rel1.linux64_1.0.0.202410170706/tools/bin/../lib/gcc/arm-none-eabi/13.3.1/../../../../arm-none-eabi/lib/thumb/v6-m/nofp/libc_nano.a(libc_a-exit.o)
                              /opt/st/stm32cubeide_1.18.0/plugins/com.st.stm32cube.ide.mcu.externaltools.gnu-tools-for-stm32.13.3.rel1.linux64_1.0.0.202410170706/tools/bin/../lib/gcc/arm-none-eabi/13.3.1/../../../../arm-none-eabi/lib/thumb/v6-m/nofp/crt0.o (exit)
/opt/st/stm32cubeide_1.18.0/plugins/com.st.stm32cube.ide.mcu.externaltools.gnu-tools-for-stm32.13.3.rel1.linux64_1.0.0.202410170706/tools/bin/../lib/gcc/arm-none-eabi/13.3.1/../../../../arm-none-eabi/lib/thumb/v6-m/nofp/libc_nano.a(libc_a-malloc.o)
                              ./mems/lis3dh.o (malloc)
/opt/st/stm32cubeide_1.18.0/plugins/com.st.stm32cube.ide.mcu.externaltools.gnu-tools-for-stm32.13.3.rel1.linux64_1.0.0.202410170706/tools/bin/../lib/gcc/arm-none-eabi/13.3.1/../../../../arm-none-eabi/lib/thumb/v6-m/nofp/libc_nano.a(libc_a-mallocr.o)
                              /opt/st/stm32cubeide_1.18.0/plugins/com.st.stm32cube.ide.mcu.externaltools.gnu-tools-for-stm32.13.3.rel1.linux64_1.0.0.202410170706/tools/bin/../lib/gcc/arm-none-eabi/13.3.1/../../../../arm-none-eabi/lib/thumb/v6-m/nofp/libc_nano.a(libc_a-malloc.o) (_malloc_r)
/opt/st/stm32cubeide_1.18.0/plugins/com.st.stm32cube.ide.mcu.externaltools.gnu-tools-for-stm32.13.3.rel1.linux64_1.0.0.202410170706/tools/bin/../lib/gcc/arm-none-eabi/13.3.1/../../../../arm-none-eabi/lib/thumb/v6-m/nofp/libc_nano.a(libc_a-mlock.o)
                              /opt/st/stm32cubeide_1.18.0/plugins/com.st.stm32cube.ide.mcu.externaltools.gnu-tools-for-stm32.13.3.rel1.linux64_1.0.0.202410170706/tools/bin/../lib/gcc/arm-none-eabi/13.3.1/../../../../arm-none-eabi/lib/thumb/v6-m/nofp/libc_nano.a(libc_a-mallocr.o) (__malloc_lock)
/opt/st/stm32cubeide_1.18.0/plugins/com.st.stm32cube.ide.mcu.externaltools.gnu-tools-for-stm32.13.3.rel1.linux64_1.0.0.202410170706/tools/bin/../lib/gcc/arm-none-eabi/13.3.1/../../../../arm-none-eabi/lib/thumb/v6-m/nofp/libc_nano.a(libc_a-rand.o)
                              ./instance/instance.o (rand)
/opt/st/stm32cubeide_1.18.0/plugins/com.st.stm32cube.ide.mcu.externaltools.gnu-tools-for-stm32.13.3.rel1.linux64_1.0.0.202410170706/tools/bin/../lib/gcc/arm-none-eabi/13.3.1/../../../../arm-none-eabi/lib/thumb/v6-m/nofp/libc_nano.a(libc_a-ctype_.o)
                              ./cmd/cmd.o (_ctype_)
/opt/st/stm32cubeide_1.18.0/plugins/com.st.stm32cube.ide.mcu.externaltools.gnu-tools-for-stm32.13.3.rel1.linux64_1.0.0.202410170706/tools/bin/../lib/gcc/arm-none-eabi/13.3.1/../../../../arm-none-eabi/lib/thumb/v6-m/nofp/libc_nano.a(libc_a-findfp.o)
                              /opt/st/stm32cubeide_1.18.0/plugins/com.st.stm32cube.ide.mcu.externaltools.gnu-tools-for-stm32.13.3.rel1.linux64_1.0.0.202410170706/tools/bin/../lib/gcc/arm-none-eabi/13.3.1/../../../../arm-none-eabi/lib/thumb/v6-m/nofp/libc_nano.a(libc_a-exit.o) (__stdio_exit_handler)
/opt/st/stm32cubeide_1.18.0/plugins/com.st.stm32cube.ide.mcu.externaltools.gnu-tools-for-stm32.13.3.rel1.linux64_1.0.0.202410170706/tools/bin/../lib/gcc/arm-none-eabi/13.3.1/../../../../arm-none-eabi/lib/thumb/v6-m/nofp/libc_nano.a(libc_a-fwalk.o)
                              /opt/st/stm32cubeide_1.18.0/plugins/com.st.stm32cube.ide.mcu.externaltools.gnu-tools-for-stm32.13.3.rel1.linux64_1.0.0.202410170706/tools/bin/../lib/gcc/arm-none-eabi/13.3.1/../../../../arm-none-eabi/lib/thumb/v6-m/nofp/libc_nano.a(libc_a-findfp.o) (_fwalk_sglue)
/opt/st/stm32cubeide_1.18.0/plugins/com.st.stm32cube.ide.mcu.externaltools.gnu-tools-for-stm32.13.3.rel1.linux64_1.0.0.202410170706/tools/bin/../lib/gcc/arm-none-eabi/13.3.1/../../../../arm-none-eabi/lib/thumb/v6-m/nofp/libc_nano.a(libc_a-sprintf.o)
                              ./cmd/cmd_fn.o (sprintf)
/opt/st/stm32cubeide_1.18.0/plugins/com.st.stm32cube.ide.mcu.externaltools.gnu-tools-for-stm32.13.3.rel1.linux64_1.0.0.202410170706/tools/bin/../lib/gcc/arm-none-eabi/13.3.1/../../../../arm-none-eabi/lib/thumb/v6-m/nofp/libc_nano.a(libc_a-sscanf.o)
                              ./cmd/cmd.o (sscanf)
/opt/st/stm32cubeide_1.18.0/plugins/com.st.stm32cube.ide.mcu.externaltools.gnu-tools-for-stm32.13.3.rel1.linux64_1.0.0.202410170706/tools/bin/../lib/gcc/arm-none-eabi/13.3.1/../../../../arm-none-eabi/lib/thumb/v6-m/nofp/libc_nano.a(libc_a-stdio.o)
                              /opt/st/stm32cubeide_1.18.0/plugins/com.st.stm32cube.ide.mcu.externaltools.gnu-tools-for-stm32.13.3.rel1.linux64_1.0.0.202410170706/tools/bin/../lib/gcc/arm-none-eabi/13.3.1/../../../../arm-none-eabi/lib/thumb/v6-m/nofp/libc_nano.a(libc_a-findfp.o) (__sread)
[...]
Memory Configuration

Name             Origin             Length             Attributes
RAM              0x20000000         0x00002000         xrw
FLASH            0x08000000         0x00008000         xr
EEPROM           0x08080000         0x00000400         xr
*default*        0x00000000         0xffffffff

Linker script and memory map

LOAD /opt/st/stm32cubeide_1.18.0/plugins/com.st.stm32cube.ide.mcu.externaltools.gnu-tools-for-stm32.13.3.rel1.linux64_1.0.0.202410170706/tools/bin/../lib/gcc/arm-none-eabi/13.3.1/thumb/v6-m/nofp/crti.o
LOAD /opt/st/stm32cubeide_1.18.0/plugins/com.st.stm32cube.ide.mcu.externaltools.gnu-tools-for-stm32.13.3.rel1.linux64_1.0.0.202410170706/tools/bin/../lib/gcc/arm-none-eabi/13.3.1/thumb/v6-m/nofp/crtbegin.o
LOAD /opt/st/stm32cubeide_1.18.0/plugins/com.st.stm32cube.ide.mcu.externaltools.gnu-tools-for-stm32.13.3.rel1.linux64_1.0.0.202410170706/tools/bin/../lib/gcc/arm-none-eabi/13.3.1/../../../../arm-none-eabi/lib/thumb/v6-m/nofp/crt0.o
LOAD ./Core/Src/main.o
LOAD ./Core/Src/stm32l0xx_it.o
LOAD ./Core/Src/syscalls.o
LOAD ./Core/Src/sysmem.o
LOAD ./Core/Src/system_stm32l0xx.o
LOAD ./Core/Startup/startup_stm32l041g6uxs.o
LOAD ./Drivers/STM32L0xx_HAL_Driver/Src/stm32l0xx_ll_crc.o
LOAD ./Drivers/STM32L0xx_HAL_Driver/Src/stm32l0xx_ll_dma.o
LOAD ./Drivers/STM32L0xx_HAL_Driver/Src/stm32l0xx_ll_exti.o
LOAD ./Drivers/STM32L0xx_HAL_Driver/Src/stm32l0xx_ll_gpio.o
LOAD ./Drivers/STM32L0xx_HAL_Driver/Src/stm32l0xx_ll_i2c.o
LOAD ./Drivers/STM32L0xx_HAL_Driver/Src/stm32l0xx_ll_pwr.o
LOAD ./Drivers/STM32L0xx_HAL_Driver/Src/stm32l0xx_ll_rcc.o
LOAD ./Drivers/STM32L0xx_HAL_Driver/Src/stm32l0xx_ll_rtc.o
LOAD ./Drivers/STM32L0xx_HAL_Driver/Src/stm32l0xx_ll_spi.o
LOAD ./Drivers/STM32L0xx_HAL_Driver/Src/stm32l0xx_ll_usart.o
LOAD ./Drivers/STM32L0xx_HAL_Driver/Src/stm32l0xx_ll_utils.o
LOAD ./Port/deca_sleep.o
LOAD ./Port/deca_spi.o
LOAD ./Port/deca_uart.o
LOAD ./Port/port_platform.o
LOAD ./cmd/cmd.o
LOAD ./cmd/cmd_fn.o
LOAD ./cmd/cmd_uart_rx.o
LOAD ./config/config.o
LOAD ./deca_driver/deca_device.o
LOAD ./deca_driver/deca_params_init.o
LOAD ./instance/instance.o
LOAD ./mems/lis3dh.o
LOAD ./utils/translate.o
LOAD ./utils/tvc.o
START GROUP
LOAD /opt/st/stm32cubeide_1.18.0/plugins/com.st.stm32cube.ide.mcu.externaltools.gnu-tools-for-stm32.13.3.rel1.linux64_1.0.0.202410170706/tools/bin/../lib/gcc/arm-none-eabi/13.3.1/../../../../arm-none-eabi/lib/thumb/v6-m/nofp/libc_nano.a
LOAD /opt/st/stm32cubeide_1.18.0/plugins/com.st.stm32cube.ide.mcu.externaltools.gnu-tools-for-stm32.13.3.rel1.linux64_1.0.0.202410170706/tools/bin/../lib/gcc/arm-none-eabi/13.3.1/../../../../arm-none-eabi/lib/thumb/v6-m/nofp/libm.a
END GROUP
START GROUP
LOAD /opt/st/stm32cubeide_1.18.0/plugins/com.st.stm32cube.ide.mcu.externaltools.gnu-tools-for-stm32.13.3.rel1.linux64_1.0.0.202410170706/tools/bin/../lib/gcc/arm-none-eabi/13.3.1/thumb/v6-m/nofp/libgcc.a
LOAD /opt/st/stm32cubeide_1.18.0/plugins/com.st.stm32cube.ide.mcu.externaltools.gnu-tools-for-stm32.13.3.rel1.linux64_1.0.0.202410170706/tools/bin/../lib/gcc/arm-none-eabi/13.3.1/../../../../arm-none-eabi/lib/thumb/v6-m/nofp/libc_nano.a
END GROUP
START GROUP
LOAD /opt/st/stm32cubeide_1.18.0/plugins/com.st.stm32cube.ide.mcu.externaltools.gnu-tools-for-stm32.13.3.rel1.linux64_1.0.0.202410170706/tools/bin/../lib/gcc/arm-none-eabi/13.3.1/thumb/v6-m/nofp/libgcc.a
LOAD /opt/st/stm32cubeide_1.18.0/plugins/com.st.stm32cube.ide.mcu.externaltools.gnu-tools-for-stm32.13.3.rel1.linux64_1.0.0.202410170706/tools/bin/../lib/gcc/arm-none-eabi/13.3.1/../../../../arm-none-eabi/lib/thumb/v6-m/nofp/libc_nano.a
LOAD /opt/st/stm32cubeide_1.18.0/plugins/com.st.stm32cube.ide.mcu.externaltools.gnu-tools-for-stm32.13.3.rel1.linux64_1.0.0.202410170706/tools/bin/../lib/gcc/arm-none-eabi/13.3.1/../../../../arm-none-eabi/lib/thumb/v6-m/nofp/libnosys.a
END GROUP
START GROUP
LOAD /opt/st/stm32cubeide_1.18.0/plugins/com.st.stm32cube.ide.mcu.externaltools.gnu-tools-for-stm32.13.3.rel1.linux64_1.0.0.202410170706/tools/bin/../lib/gcc/arm-none-eabi/13.3.1/thumb/v6-m/nofp/libgcc.a
LOAD /opt/st/stm32cubeide_1.18.0/plugins/com.st.stm32cube.ide.mcu.externaltools.gnu-tools-for-stm32.13.3.rel1.linux64_1.0.0.202410170706/tools/bin/../lib/gcc/arm-none-eabi/13.3.1/../../../../arm-none-eabi/lib/thumb/v6-m/nofp/libc_nano.a
LOAD /opt/st/stm32cubeide_1.18.0/plugins/com.st.stm32cube.ide.mcu.externaltools.gnu-tools-for-stm32.13.3.rel1.linux64_1.0.0.202410170706/tools/bin/../lib/gcc/arm-none-eabi/13.3.1/../../../../arm-none-eabi/lib/thumb/v6-m/nofp/libnosys.a
END GROUP
LOAD /opt/st/stm32cubeide_1.18.0/plugins/com.st.stm32cube.ide.mcu.externaltools.gnu-tools-for-stm32.13.3.rel1.linux64_1.0.0.202410170706/tools/bin/../lib/gcc/arm-none-eabi/13.3.1/thumb/v6-m/nofp/crtend.o
LOAD /opt/st/stm32cubeide_1.18.0/plugins/com.st.stm32cube.ide.mcu.externaltools.gnu-tools-for-stm32.13.3.rel1.linux64_1.0.0.202410170706/tools/bin/../lib/gcc/arm-none-eabi/13.3.1/thumb/v6-m/nofp/crtn.o
                0x20002000                        _estack = (ORIGIN (RAM) + LENGTH (RAM))
                0x00000200                        _Min_Heap_Size = 0x200
                0x00000400                        _Min_Stack_Size = 0x400

.isr_vector     0x08000000       0xc0
                0x08000000                        . = ALIGN (0x4)
 *(.isr_vector)
 .isr_vector    0x08000000       0xc0 ./Core/Startup/startup_stm32l041g6uxs.o
                0x08000000                g_pfnVectors
                0x080000c0                        . = ALIGN (0x4)

.default_config_page
                0x08000100       0x64
                0x08000100                        . = ALIGN (0x4)
 *(.default_config)
 .default_config
                0x08000100       0x63 ./config/config.o
                0x08000100                defaultFConfig
                0x08000164                        . = ALIGN (0x4)
 *fill*         0x08000163        0x1 

.fconfig_page   0x08080000      0x100
                0x08080000                        . = ALIGN (0x4)
 *(.fConfig)
 .fConfig       0x08080000      0x100 ./config/config.o
                0x08080000                FConfig
                0x08080100                        . = ALIGN (0x4)

.text           0x08000164     0x4bc8
                0x08000164                        . = ALIGN (0x4)
 *(.text)
 .text          0x08000164       0x48 /opt/st/stm32cubeide_1.18.0/plugins/com.st.stm32cube.ide.mcu.externaltools.gnu-tools-for-stm32.13.3.rel1.linux64_1.0.0.202410170706/tools/bin/../lib/gcc/arm-none-eabi/13.3.1/thumb/v6-m/nofp/crtbegin.o
 .text          0x080001ac       0x14 /opt/st/stm32cubeide_1.18.0/plugins/com.st.stm32cube.ide.mcu.externaltools.gnu-tools-for-stm32.13.3.rel1.linux64_1.0.0.202410170706/tools/bin/../lib/gcc/arm-none-eabi/13.3.1/../../../../arm-none-eabi/lib/thumb/v6-m/nofp/libc_nano.a(libc_a-strcmp.o)
                0x080001ac                strcmp
 .text          0x080001c0        0xe /opt/st/stm32cubeide_1.18.0/plugins/com.st.stm32cube.ide.mcu.externaltools.gnu-tools-for-stm32.13.3.rel1.linux64_1.0.0.202410170706/tools/bin/../lib/gcc/arm-none-eabi/13.3.1/../../../../arm-none-eabi/lib/thumb/v6-m/nofp/libc_nano.a(libc_a-strlen.o)
                0x080001c0                strlen
 *fill*         0x080001ce        0x2 
 .text          0x080001d0       0x14 /opt/st/stm32cubeide_1.18.0/plugins/com.st.stm32cube.ide.mcu.externaltools.gnu-tools-for-stm32.13.3.rel1.linux64_1.0.0.202410170706/tools/bin/../lib/gcc/arm-none-eabi/13.3.1/thumb/v6-m/nofp/libgcc.a(_thumb1_case_shi.o)
                0x080001d0                __gnu_thumb1_case_shi
 .text          0x080001e4      0x114 /opt/st/stm32cubeide_1.18.0/plugins/com.st.stm32cube.ide.mcu.externaltools.gnu-tools-for-stm32.13.3.rel1.linux64_1.0.0.202410170706/tools/bin/../lib/gcc/arm-none-eabi/13.3.1/thumb/v6-m/nofp/libgcc.a(_udivsi3.o)
                0x080001e4                __udivsi3
                0x080001e4                __aeabi_uidiv
                0x080002f0                __aeabi_uidivmod
 .text          0x080002f8        0x4 /opt/st/stm32cubeide_1.18.0/plugins/com.st.stm32cube.ide.mcu.externaltools.gnu-tools-for-stm32.13.3.rel1.linux64_1.0.0.202410170706/tools/bin/../lib/gcc/arm-none-eabi/13.3.1/thumb/v6-m/nofp/libgcc.a(_dvmd_tls.o)
                0x080002f8                __aeabi_ldiv0
                0x080002f8                __aeabi_idiv0
 *(.text*)
 .text.MX_CRC_Init
                0x080002fc       0x4c ./Core/Src/main.o
 .text.MX_GPIO_Init
                0x08000348      0x21c ./Core/Src/main.o
 .text.MX_RTC_Init
                0x08000564       0x60 ./Core/Src/main.o
 .text.MX_SPI1_Init
                0x080005c4       0xd4 ./Core/Src/main.o
 .text.MX_USART2_UART_Init
                0x08000698      0x108 ./Core/Src/main.o
 .text.MX_I2C1_Init
                0x080007a0       0xe8 ./Core/Src/main.o
 .text.SystemClock_Config
                0x08000888      0x148 ./Core/Src/main.o
                0x08000888                SystemClock_Config
 .text.Error_Handler
                0x080009d0        0x4 ./Core/Src/main.o
                0x080009d0                Error_Handler
 .text.inittestapplication
                0x080009d4       0x84 ./Core/Src/main.o
                0x080009d4                inittestapplication
 .text.main     0x08000a58       0xe4 ./Core/Src/main.o
                0x08000a58                main
 .text.NMI_Handler
                0x08000b3c        0x2 ./Core/Src/stm32l0xx_it.o
                0x08000b3c                NMI_Handler
 .text.HardFault_Handler
                0x08000b3e        0x2 ./Core/Src/stm32l0xx_it.o
                0x08000b3e                HardFault_Handler
 .text.SVC_Handler
                0x08000b40        0x2 ./Core/Src/stm32l0xx_it.o
                0x08000b40                SVC_Handler
 .text.PendSV_Handler
                0x08000b42        0x2 ./Core/Src/stm32l0xx_it.o
                0x08000b42                PendSV_Handler
 .text.SysTick_Handler
                0x08000b44        0x8 ./Core/Src/stm32l0xx_it.o
                0x08000b44                SysTick_Handler
 .text.RTC_IRQHandler
                0x08000b4c       0x38 ./Core/Src/stm32l0xx_it.o
                0x08000b4c                RTC_IRQHandler
 .text.EXTI0_1_IRQHandler
                0x08000b84       0x1c ./Core/Src/stm32l0xx_it.o
                0x08000b84                EXTI0_1_IRQHandler
 .text.EXTI2_3_IRQHandler
                0x08000ba0       0x30 ./Core/Src/stm32l0xx_it.o
                0x08000ba0                EXTI2_3_IRQHandler
 .text.USART2_IRQHandler
                0x08000bd0        0x8 ./Core/Src/stm32l0xx_it.o
                0x08000bd0                USART2_IRQHandler
 .text._sbrk    0x08000bd8       0x48 ./Core/Src/sysmem.o
                0x08000bd8                _sbrk
 .text.SystemInit
                0x08000c20        0x2 ./Core/Src/system_stm32l0xx.o
                0x08000c20                SystemInit
 *fill*         0x08000c22        0x2 
 .text.Reset_Handler
                0x08000c24       0x50 ./Core/Startup/startup_stm32l041g6uxs.o
                0x08000c24                Reset_Handler
 .text.Default_Handler
                0x08000c74        0x2 ./Core/Startup/startup_stm32l041g6uxs.o
                0x08000c74                ADC1_COMP_IRQHandler
                0x08000c74                PVD_IRQHandler
                0x08000c74                I2C1_IRQHandler
                0x08000c74                SPI1_IRQHandler
                0x08000c74                AES_LPUART1_IRQHandler
                0x08000c74                DMA1_Channel4_5_6_7_IRQHandler
                0x08000c74                EXTI4_15_IRQHandler
                0x08000c74                RCC_IRQHandler
                0x08000c74                DMA1_Channel1_IRQHandler
                0x08000c74                Default_Handler
                0x08000c74                TIM22_IRQHandler
                0x08000c74                TIM21_IRQHandler
                0x08000c74                WWDG_IRQHandler
                0x08000c74                TIM2_IRQHandler
                0x08000c74                DMA1_Channel2_3_IRQHandler
                0x08000c74                FLASH_IRQHandler
                0x08000c74                LPTIM1_IRQHandler
 *fill*         0x08000c76        0x2 
 .text.LL_EXTI_Init
                0x08000c78       0xc8 ./Drivers/STM32L0xx_HAL_Driver/Src/stm32l0xx_ll_exti.o
                0x08000c78                LL_EXTI_Init
 .text.LL_GPIO_Init
                0x08000d40       0xb8 ./Drivers/STM32L0xx_HAL_Driver/Src/stm32l0xx_ll_gpio.o
                0x08000d40                LL_GPIO_Init
 .text.LL_I2C_Init
                0x08000df8       0x78 ./Drivers/STM32L0xx_HAL_Driver/Src/stm32l0xx_ll_i2c.o
                0x08000df8                LL_I2C_Init
 .text.RCC_GetHCLKClockFreq
                0x08000e70       0x1c ./Drivers/STM32L0xx_HAL_Driver/Src/stm32l0xx_ll_rcc.o
 .text.RCC_GetPCLK1ClockFreq
                0x08000e8c       0x1c ./Drivers/STM32L0xx_HAL_Driver/Src/stm32l0xx_ll_rcc.o
 .text.RCC_PLL_GetFreqDomain_SYS
                0x08000ea8       0x50 ./Drivers/STM32L0xx_HAL_Driver/Src/stm32l0xx_ll_rcc.o
 .text.RCC_GetSystemClockFreq
                0x08000ef8       0x70 ./Drivers/STM32L0xx_HAL_Driver/Src/stm32l0xx_ll_rcc.o
 .text.LL_RCC_GetUSARTClockFreq
                0x08000f68       0x88 ./Drivers/STM32L0xx_HAL_Driver/Src/stm32l0xx_ll_rcc.o
                0x08000f68                LL_RCC_GetUSARTClockFreq
 .text.LL_RTC_EnterInitMode
                0x08000ff0       0x64 ./Drivers/STM32L0xx_HAL_Driver/Src/stm32l0xx_ll_rtc.o
                0x08000ff0                LL_RTC_EnterInitMode
 .text.LL_RTC_Init
                0x08001054       0x50 ./Drivers/STM32L0xx_HAL_Driver/Src/stm32l0xx_ll_rtc.o
                0x08001054                LL_RTC_Init
 .text.LL_SPI_Init
                0x080010a4       0x64 ./Drivers/STM32L0xx_HAL_Driver/Src/stm32l0xx_ll_spi.o
                0x080010a4                LL_SPI_Init
 .text.LL_USART_SetBaudRate
                0x08001108       0x40 ./Drivers/STM32L0xx_HAL_Driver/Src/stm32l0xx_ll_usart.o
 .text.LL_USART_Init
                0x08001148       0x80 ./Drivers/STM32L0xx_HAL_Driver/Src/stm32l0xx_ll_usart.o
                0x08001148                LL_USART_Init
 .text.LL_Init1msTick
                0x080011c8       0x20 ./Drivers/STM32L0xx_HAL_Driver/Src/stm32l0xx_ll_utils.o
                0x080011c8                LL_Init1msTick
 .text.LL_mDelay
                0x080011e8       0x28 ./Drivers/STM32L0xx_HAL_Driver/Src/stm32l0xx_ll_utils.o
                0x080011e8                LL_mDelay
 .text.LL_SetSystemCoreClock
                0x08001210        0xc ./Drivers/STM32L0xx_HAL_Driver/Src/stm32l0xx_ll_utils.o
                0x08001210                LL_SetSystemCoreClock
 .text.deca_sleep
                0x0800121c       0x16 ./Port/deca_sleep.o
                0x0800121c                deca_sleep
 *fill*         0x08001232        0x2 
 .text.writetospi
                0x08001234       0x98 ./Port/deca_spi.o
                0x08001234                writetospi
 .text.readfromspi
                0x080012cc       0xd0 ./Port/deca_spi.o
                0x080012cc                readfromspi
 .text.__io_putchar
                0x0800139c       0x28 ./Port/deca_uart.o
                0x0800139c                __io_putchar
 .text._write   0x080013c4       0x1c ./Port/deca_uart.o
                0x080013c4                _write
 .text.deca_uart_rx_data_ready
                0x080013e0        0xc ./Port/deca_uart.o
                0x080013e0                deca_uart_rx_data_ready
 .text.UART_RxCpltCallback
                0x080013ec       0xb4 ./Port/deca_uart.o
                0x080013ec                UART_RxCpltCallback
 .text.port_tx_msg
                0x080014a0        0xe ./Port/deca_uart.o
                0x080014a0                port_tx_msg
 *fill*         0x080014ae        0x2 
 .text.deca_uart_receive
                0x080014b0       0x44 ./Port/deca_uart.o
                0x080014b0                deca_uart_receive
 .text.IncSysTick
                0x080014f4       0x10 ./Port/port_platform.o
                0x080014f4                IncSysTick
 .text.portGetTickCount
                0x08001504        0xc ./Port/port_platform.o
                0x08001504                portGetTickCount
 .text.port_set_dw1000_slowrate
                0x08001510       0x48 ./Port/port_platform.o
                0x08001510                port_set_dw1000_slowrate
 .text.port_set_dw1000_fastrate
                0x08001558       0x44 ./Port/port_platform.o
                0x08001558                port_set_dw1000_fastrate
 .text.decamutexon
                0x0800159c        0x4 ./Port/port_platform.o
                0x0800159c                decamutexon
 .text.decamutexoff
                0x080015a0        0x2 ./Port/port_platform.o
                0x080015a0                decamutexoff
 *fill*         0x080015a2        0x2 
 .text.reset_DW1000
                0x080015a4       0x44 ./Port/port_platform.o
                0x080015a4                reset_DW1000
 .text.port_wakeup_dw1000
                0x080015e8       0x1c ./Port/port_platform.o
                0x080015e8                port_wakeup_dw1000
 .text.LEDS_INVERT
                0x08001604       0x58 ./Port/port_platform.o
                0x08001604                LEDS_INVERT
 .text.LEDS_OFF
                0x0800165c       0x2c ./Port/port_platform.o
                0x0800165c                LEDS_OFF
 .text.spi_device_init
                0x08001688        0x4 ./Port/port_platform.o
                0x08001688                spi_device_init
 .text.spi_transfer_pf
                0x0800168c        0x4 ./Port/port_platform.o
                0x0800168c                spi_transfer_pf
 .text.i2c_slave_read
                0x08001690       0x8c ./Port/port_platform.o
                0x08001690                i2c_slave_read
 .text.lis3dh_configure_int
                0x0800171c       0x7e ./Port/port_platform.o
                0x0800171c                lis3dh_configure_int
 *fill*         0x0800179a        0x2 
 .text.GPIO_EXTI3_Callback
                0x0800179c        0xc ./Port/port_platform.o
                0x0800179c                GPIO_EXTI3_Callback
 .text.GPIO_EXTI0_Callback
                0x080017a8        0xa ./Port/port_platform.o
                0x080017a8                GPIO_EXTI0_Callback
 *fill*         0x080017b2        0x2 
 .text.i2c_slave_write
                0x080017b4       0x58 ./Port/port_platform.o
                0x080017b4                i2c_slave_write
 .text.UART2_IRQHandler
                0x0800180c      0x104 ./Port/port_platform.o
                0x0800180c                UART2_IRQHandler
 .text.Restart  0x08001910       0x38 ./Port/port_platform.o
                0x08001910                Restart
 .text.cmd_onERROR
                0x08001948       0x64 ./cmd/cmd.o
 .text.command_parser
                0x080019ac       0xf4 ./cmd/cmd.o
                0x080019ac                command_parser
 .text.f_txCode
                0x08001aa0       0x10 ./cmd/cmd_fn.o
                0x08001aa0                f_txCode
 .text.f_nsSFD  0x08001ab0       0x10 ./cmd/cmd_fn.o
                0x08001ab0                f_nsSFD
 .text.f_phrMode
                0x08001ac0       0x10 ./cmd/cmd_fn.o
                0x08001ac0                f_phrMode
 .text.f_sfdTO  0x08001ad0       0x14 ./cmd/cmd_fn.o
                0x08001ad0                f_sfdTO
 .text.f_smartPowerEn
                0x08001ae4       0x14 ./cmd/cmd_fn.o
                0x08001ae4                f_smartPowerEn
 .text.f_interval_in_ms
                0x08001af8       0x18 ./cmd/cmd_fn.o
                0x08001af8                f_interval_in_ms
 .text.f_interval_slow_in_ms
                0x08001b10       0x18 ./cmd/cmd_fn.o
                0x08001b10                f_interval_slow_in_ms
 .text.f_randomness
                0x08001b28        0xc ./cmd/cmd_fn.o
                0x08001b28                f_randomness
 .text.f_tcwm   0x08001b34        0x8 ./cmd/cmd_fn.o
                0x08001b34                f_tcwm
 .text.f_tcfm   0x08001b3c        0x8 ./cmd/cmd_fn.o
                0x08001b3c                f_tcfm
 .text.f_chan   0x08001b44       0x1c ./cmd/cmd_fn.o
                0x08001b44                f_chan
 .text.f_prf    0x08001b60       0x1c ./cmd/cmd_fn.o
                0x08001b60                f_prf
 .text.f_plen   0x08001b7c       0x1c ./cmd/cmd_fn.o
                0x08001b7c                f_plen
 .text.f_rxPAC  0x08001b98       0x1c ./cmd/cmd_fn.o
                0x08001b98                f_rxPAC
 .text.f_dataRate
                0x08001bb4       0x1c ./cmd/cmd_fn.o
                0x08001bb4                f_dataRate
 .text.f_help_app
                0x08001bd0       0x40 ./cmd/cmd_fn.o
                0x08001bd0                f_help_app
 .text.f_restore
                0x08001c10       0x10 ./cmd/cmd_fn.o
                0x08001c10                f_restore
 .text.f_restart
                0x08001c20       0x10 ./cmd/cmd_fn.o
                0x08001c20                f_restart
 .text.f_save   0x08001c30       0x10 ./cmd/cmd_fn.o
                0x08001c30                f_save
 .text.f_decaTDoATag
                0x08001c40       0xe4 ./cmd/cmd_fn.o
                0x08001c40                f_decaTDoATag
 .text.f_jstat  0x08001d24      0x258 ./cmd/cmd_fn.o
                0x08001d24                f_jstat
 .text.f_stat   0x08001f7c       0x20 ./cmd/cmd_fn.o
                0x08001f7c                f_stat
 .text.waitForCommand
                0x08001f9c       0xe0 ./cmd/cmd_uart_rx.o
                0x08001f9c                waitForCommand
 .text.process_uartmsg
                0x0800207c       0x4c ./cmd/cmd_uart_rx.o
                0x0800207c                process_uartmsg
 .text.LockEeprom
                0x080020c8       0x24 ./config/config.o
 .text.UnlockEeprom
                0x080020ec       0x34 ./config/config.o
 .text.EepromProgram
                0x08002120        0x6 ./config/config.o
 *fill*         0x08002126        0x2 
 .text.CRC8_Calculate
                0x08002128       0x2c ./config/config.o
 .text.save_bssConfig
                0x08002154       0x54 ./config/config.o
                0x08002154                save_bssConfig
 .text.load_bssConfig
                0x080021a8       0x40 ./config/config.o
                0x080021a8                load_bssConfig
 .text.get_pbssConfig
                0x080021e8        0xc ./config/config.o
                0x080021e8                get_pbssConfig
 .text.restore_nvm_fconfig
                0x080021f4       0x14 ./config/config.o
                0x080021f4                restore_nvm_fconfig
 .text.dwt_writetodevice
                0x08002208       0x46 ./deca_driver/deca_device.o
                0x08002208                dwt_writetodevice
 .text.dwt_writetxdata
                0x0800224e       0x22 ./deca_driver/deca_device.o
                0x0800224e                dwt_writetxdata
 .text.dwt_readfromdevice
                0x08002270       0x40 ./deca_driver/deca_device.o
                0x08002270                dwt_readfromdevice
 .text.dwt_read32bitoffsetreg
                0x080022b0       0x28 ./deca_driver/deca_device.o
                0x080022b0                dwt_read32bitoffsetreg
 .text.dwt_readdevid
                0x080022d8        0xc ./deca_driver/deca_device.o
                0x080022d8                dwt_readdevid
 .text.dwt_read16bitoffsetreg
                0x080022e4       0x20 ./deca_driver/deca_device.o
                0x080022e4                dwt_read16bitoffsetreg
 .text.dwt_read8bitoffsetreg
                0x08002304       0x1a ./deca_driver/deca_device.o
                0x08002304                dwt_read8bitoffsetreg
 .text.dwt_write8bitoffsetreg
                0x0800231e       0x18 ./deca_driver/deca_device.o
                0x0800231e                dwt_write8bitoffsetreg
 .text.dwt_write16bitoffsetreg
                0x08002336       0x1c ./deca_driver/deca_device.o
                0x08002336                dwt_write16bitoffsetreg
 .text.dwt_write32bitoffsetreg
                0x08002352       0x24 ./deca_driver/deca_device.o
                0x08002352                dwt_write32bitoffsetreg
 .text.dwt_configuretxrf
                0x08002376       0x1a ./deca_driver/deca_device.o
                0x08002376                dwt_configuretxrf
 .text.dwt_writetxfctrl
                0x08002390       0x20 ./deca_driver/deca_device.o
                0x08002390                dwt_writetxfctrl
 .text._dwt_otpread
                0x080023b0       0x2a ./deca_driver/deca_device.o
                0x080023b0                _dwt_otpread
 .text._dwt_aonarrayupload
                0x080023da       0x18 ./deca_driver/deca_device.o
                0x080023da                _dwt_aonarrayupload
 *fill*         0x080023f2        0x2 
 .text.dwt_configuresleep
                0x080023f4       0x24 ./deca_driver/deca_device.o
                0x080023f4                dwt_configuresleep
 .text.dwt_entersleepaftertx
                0x08002418       0x2c ./deca_driver/deca_device.o
                0x08002418                dwt_entersleepaftertx
 .text._dwt_configlde
                0x08002444       0x3c ./deca_driver/deca_device.o
                0x08002444                _dwt_configlde
 .text.dwt_configure
                0x08002480      0x24c ./deca_driver/deca_device.o
                0x08002480                dwt_configure
 .text.dwt_setsmarttxpower
                0x080026cc       0x4c ./deca_driver/deca_device.o
                0x080026cc                dwt_setsmarttxpower
 .text.dwt_setcallbacks
                0x08002718       0x14 ./deca_driver/deca_device.o
                0x08002718                dwt_setcallbacks
 .text.dwt_setleds
                0x0800272c       0x88 ./deca_driver/deca_device.o
                0x0800272c                dwt_setleds
 .text._dwt_enableclocks
                0x080027b4       0xd0 ./deca_driver/deca_device.o
                0x080027b4                _dwt_enableclocks
 .text.dwt_otpread
                0x08002884       0x38 ./deca_driver/deca_device.o
                0x08002884                dwt_otpread
 .text._dwt_loaducodefromrom
                0x080028bc       0x22 ./deca_driver/deca_device.o
                0x080028bc                _dwt_loaducodefromrom
 .text._dwt_disablesequencing
                0x080028de       0x14 ./deca_driver/deca_device.o
                0x080028de                _dwt_disablesequencing
 .text.dwt_syncrxbufptrs
                0x080028f2       0x20 ./deca_driver/deca_device.o
                0x080028f2                dwt_syncrxbufptrs
 *fill*         0x08002912        0x2 
 .text.dwt_forcetrxoff
                0x08002914       0x58 ./deca_driver/deca_device.o
                0x08002914                dwt_forcetrxoff
 .text.dwt_rxreset
                0x0800296c       0x18 ./deca_driver/deca_device.o
                0x0800296c                dwt_rxreset
 .text.dwt_isr  0x08002984      0x158 ./deca_driver/deca_device.o
                0x08002984                dwt_isr
 .text.dwt_softreset
                0x08002adc       0x40 ./deca_driver/deca_device.o
                0x08002adc                dwt_softreset
 .text.dwt_setxtaltrim
                0x08002b1c       0x16 ./deca_driver/deca_device.o
                0x08002b1c                dwt_setxtaltrim
 *fill*         0x08002b32        0x2 
 .text.dwt_initialise
                0x08002b34      0x1c8 ./deca_driver/deca_device.o
                0x08002b34                dwt_initialise
 .text.instance_txcallback
                0x08002cfc        0x2 ./instance/instance.o
                0x08002cfc                instance_txcallback
 .text.instance_rxgood
                0x08002cfe        0x2 ./instance/instance.o
                0x08002cfe                instance_rxgood
 .text.instance_rxtimeout
                0x08002d00        0x2 ./instance/instance.o
                0x08002d00                instance_rxtimeout
 .text.instance_rxerror
                0x08002d02        0x2 ./instance/instance.o
                0x08002d02                instance_rxerror
 .text.instance_init
                0x08002d04       0xbc ./instance/instance.o
                0x08002d04                instance_init
 .text.instance_config
                0x08002dc0       0x40 ./instance/instance.o
                0x08002dc0                instance_config
 .text.lis3dh_i2c_read
                0x08002e00       0x48 ./mems/lis3dh.o
 .text.lis3dh_spi_read
                0x08002e48       0x9c ./mems/lis3dh.o
 .text.lis3dh_spi_write
                0x08002ee4       0x70 ./mems/lis3dh.o
 .text.lis3dh_i2c_write
                0x08002f54       0x48 ./mems/lis3dh.o
 .text.lis3dh_reg_read
                0x08002f9c       0x24 ./mems/lis3dh.o
                0x08002f9c                lis3dh_reg_read
 .text.lis3dh_is_available
                0x08002fc0       0x36 ./mems/lis3dh.o
 .text.lis3dh_get_hpf_ref
                0x08002ff6       0x36 ./mems/lis3dh.o
                0x08002ff6                lis3dh_get_hpf_ref
 .text.lis3dh_reg_write
                0x0800302c       0x24 ./mems/lis3dh.o
                0x0800302c                lis3dh_reg_write
 .text.lis3dh_reset
                0x08003050       0x80 ./mems/lis3dh.o
 .text.lis3dh_init_sensor
                0x080030d0       0xe8 ./mems/lis3dh.o
                0x080030d0                lis3dh_init_sensor
 .text.lis3dh_set_mode
                0x080031b8       0xea ./mems/lis3dh.o
                0x080031b8                lis3dh_set_mode
 .text.lis3dh_set_scale
                0x080032a2       0x50 ./mems/lis3dh.o
                0x080032a2                lis3dh_set_scale
 *fill*         0x080032f2        0x2 
 .text.lis3dh_enable_int
                0x080032f4      0x15c ./mems/lis3dh.o
                0x080032f4                lis3dh_enable_int
 .text.lis3dh_set_int_event_config
                0x08003450      0x250 ./mems/lis3dh.o
                0x08003450                lis3dh_set_int_event_config
 .text.lis3dh_config_hpf
                0x080036a0       0xac ./mems/lis3dh.o
                0x080036a0                lis3dh_config_hpf
 .text.lis3dh_powerdown
                0x0800374c       0x38 ./mems/lis3dh.o
                0x0800374c                lis3dh_powerdown
 .text.lis3dh_get_device
                0x08003784        0xc ./mems/lis3dh.o
                0x08003784                lis3dh_get_device
 .text.chan_to_deca
                0x08003790        0xe ./utils/translate.o
                0x08003790                chan_to_deca
 .text.deca_to_chan
                0x0800379e        0x8 ./utils/translate.o
                0x0800379e                deca_to_chan
 *fill*         0x080037a6        0x2 
 .text.bitrate_to_deca
                0x080037a8       0x2c ./utils/translate.o
                0x080037a8                bitrate_to_deca
 .text.deca_to_bitrate
                0x080037d4       0x28 ./utils/translate.o
                0x080037d4                deca_to_bitrate
 .text.prf_to_deca
                0x080037fc       0x16 ./utils/translate.o
                0x080037fc                prf_to_deca
 .text.deca_to_prf
                0x08003812       0x16 ./utils/translate.o
                0x08003812                deca_to_prf
 .text.pac_to_deca
                0x08003828       0x2e ./utils/translate.o
                0x08003828                pac_to_deca
 .text.deca_to_pac
                0x08003856       0x2e ./utils/translate.o
                0x08003856                deca_to_pac
 .text.plen_to_deca
                0x08003884       0x5a ./utils/translate.o
                0x08003884                plen_to_deca
 *fill*         0x080038de        0x2 
 .text.deca_to_plen
                0x080038e0       0x40 ./utils/translate.o
                0x080038e0                deca_to_plen
 .text.tvc_otp_read_txcfgref
                0x08003920       0xd0 ./utils/tvc.o
                0x08003920                tvc_otp_read_txcfgref
 .text.malloc   0x080039f0       0x14 /opt/st/stm32cubeide_1.18.0/plugins/com.st.stm32cube.ide.mcu.externaltools.gnu-tools-for-stm32.13.3.rel1.linux64_1.0.0.202410170706/tools/bin/../lib/gcc/arm-none-eabi/13.3.1/../../../../arm-none-eabi/lib/thumb/v6-m/nofp/libc_nano.a(libc_a-malloc.o)
                0x080039f0                malloc
 .text.free     0x08003a04       0x14 /opt/st/stm32cubeide_1.18.0/plugins/com.st.stm32cube.ide.mcu.externaltools.gnu-tools-for-stm32.13.3.rel1.linux64_1.0.0.202410170706/tools/bin/../lib/gcc/arm-none-eabi/13.3.1/../../../../arm-none-eabi/lib/thumb/v6-m/nofp/libc_nano.a(libc_a-malloc.o)
                0x08003a04                free
 .text.sbrk_aligned
                0x08003a18       0x44 /opt/st/stm32cubeide_1.18.0/plugins/com.st.stm32cube.ide.mcu.externaltools.gnu-tools-for-stm32.13.3.rel1.linux64_1.0.0.202410170706/tools/bin/../lib/gcc/arm-none-eabi/13.3.1/../../../../arm-none-eabi/lib/thumb/v6-m/nofp/libc_nano.a(libc_a-mallocr.o)
 .text._malloc_r
                0x08003a5c      0x100 /opt/st/stm32cubeide_1.18.0/plugins/com.st.stm32cube.ide.mcu.externaltools.gnu-tools-for-stm32.13.3.rel1.linux64_1.0.0.202410170706/tools/bin/../lib/gcc/arm-none-eabi/13.3.1/../../../../arm-none-eabi/lib/thumb/v6-m/nofp/libc_nano.a(libc_a-mallocr.o)
                0x08003a5c                _malloc_r
 .text.__malloc_lock
                0x08003b5c       0x10 /opt/st/stm32cubeide_1.18.0/plugins/com.st.stm32cube.ide.mcu.externaltools.gnu-tools-for-stm32.13.3.rel1.linux64_1.0.0.202410170706/tools/bin/../lib/gcc/arm-none-eabi/13.3.1/../../../../arm-none-eabi/lib/thumb/v6-m/nofp/libc_nano.a(libc_a-mlock.o)
                0x08003b5c                __malloc_lock
 .text.__malloc_unlock
                0x08003b6c       0x10 /opt/st/stm32cubeide_1.18.0/plugins/com.st.stm32cube.ide.mcu.externaltools.gnu-tools-for-stm32.13.3.rel1.linux64_1.0.0.202410170706/tools/bin/../lib/gcc/arm-none-eabi/13.3.1/../../../../arm-none-eabi/lib/thumb/v6-m/nofp/libc_nano.a(libc_a-mlock.o)
                0x08003b6c                __malloc_unlock
 .text.sprintf  0x08003b7c       0x44 /opt/st/stm32cubeide_1.18.0/plugins/com.st.stm32cube.ide.mcu.externaltools.gnu-tools-for-stm32.13.3.rel1.linux64_1.0.0.202410170706/tools/bin/../lib/gcc/arm-none-eabi/13.3.1/../../../../arm-none-eabi/lib/thumb/v6-m/nofp/libc_nano.a(libc_a-sprintf.o)
                0x08003b7c                sprintf
                0x08003b7c                siprintf
 .text.sscanf   0x08003bc0       0x54 /opt/st/stm32cubeide_1.18.0/plugins/com.st.stm32cube.ide.mcu.externaltools.gnu-tools-for-stm32.13.3.rel1.linux64_1.0.0.202410170706/tools/bin/../lib/gcc/arm-none-eabi/13.3.1/../../../../arm-none-eabi/lib/thumb/v6-m/nofp/libc_nano.a(libc_a-sscanf.o)
                0x08003bc0                sscanf
                0x08003bc0                siscanf
 .text.__seofread
                0x08003c14        0x4 /opt/st/stm32cubeide_1.18.0/plugins/com.st.stm32cube.ide.mcu.externaltools.gnu-tools-for-stm32.13.3.rel1.linux64_1.0.0.202410170706/tools/bin/../lib/gcc/arm-none-eabi/13.3.1/../../../../arm-none-eabi/lib/thumb/v6-m/nofp/libc_nano.a(libc_a-stdio.o)
                0x08003c14                __seofread
 .text.memset   0x08003c18       0x10 /opt/st/stm32cubeide_1.18.0/plugins/com.st.stm32cube.ide.mcu.externaltools.gnu-tools-for-stm32.13.3.rel1.linux64_1.0.0.202410170706/tools/bin/../lib/gcc/arm-none-eabi/13.3.1/../../../../arm-none-eabi/lib/thumb/v6-m/nofp/libc_nano.a(libc_a-memset.o)
                0x08003c18                memset
 .text._sbrk_r  0x08003c28       0x24 /opt/st/stm32cubeide_1.18.0/plugins/com.st.stm32cube.ide.mcu.externaltools.gnu-tools-for-stm32.13.3.rel1.linux64_1.0.0.202410170706/tools/bin/../lib/gcc/arm-none-eabi/13.3.1/../../../../arm-none-eabi/lib/thumb/v6-m/nofp/libc_nano.a(libc_a-sbrkr.o)
                0x08003c28                _sbrk_r
 .text.__errno  0x08003c4c        0xc /opt/st/stm32cubeide_1.18.0/plugins/com.st.stm32cube.ide.mcu.externaltools.gnu-tools-for-stm32.13.3.rel1.linux64_1.0.0.202410170706/tools/bin/../lib/gcc/arm-none-eabi/13.3.1/../../../../arm-none-eabi/lib/thumb/v6-m/nofp/libc_nano.a(libc_a-errno.o)
                0x08003c4c                __errno
 .text.__libc_init_array
                0x08003c58       0x48 /opt/st/stm32cubeide_1.18.0/plugins/com.st.stm32cube.ide.mcu.externaltools.gnu-tools-for-stm32.13.3.rel1.linux64_1.0.0.202410170706/tools/bin/../lib/gcc/arm-none-eabi/13.3.1/../../../../arm-none-eabi/lib/thumb/v6-m/nofp/libc_nano.a(libc_a-init.o)
                0x08003c58                __libc_init_array
 .text.__retarget_lock_acquire_recursive
                0x08003ca0        0x2 /opt/st/stm32cubeide_1.18.0/plugins/com.st.stm32cube.ide.mcu.externaltools.gnu-tools-for-stm32.13.3.rel1.linux64_1.0.0.202410170706/tools/bin/../lib/gcc/arm-none-eabi/13.3.1/../../../../arm-none-eabi/lib/thumb/v6-m/nofp/libc_nano.a(libc_a-lock.o)
                0x08003ca0                __retarget_lock_acquire_recursive
 .text.__retarget_lock_release_recursive
                0x08003ca2        0x2 /opt/st/stm32cubeide_1.18.0/plugins/com.st.stm32cube.ide.mcu.externaltools.gnu-tools-for-stm32.13.3.rel1.linux64_1.0.0.202410170706/tools/bin/../lib/gcc/arm-none-eabi/13.3.1/../../../../arm-none-eabi/lib/thumb/v6-m/nofp/libc_nano.a(libc_a-lock.o)
                0x08003ca2                __retarget_lock_release_recursive
 .text.strcpy   0x08003ca4       0x10 /opt/st/stm32cubeide_1.18.0/plugins/com.st.stm32cube.ide.mcu.externaltools.gnu-tools-for-stm32.13.3.rel1.linux64_1.0.0.202410170706/tools/bin/../lib/gcc/arm-none-eabi/13.3.1/../../../../arm-none-eabi/lib/thumb/v6-m/nofp/libc_nano.a(libc_a-strcpy.o)
                0x08003ca4                strcpy
 .text.memcpy   0x08003cb4       0x12 /opt/st/stm32cubeide_1.18.0/plugins/com.st.stm32cube.ide.mcu.externaltools.gnu-tools-for-stm32.13.3.rel1.linux64_1.0.0.202410170706/tools/bin/../lib/gcc/arm-none-eabi/13.3.1/../../../../arm-none-eabi/lib/thumb/v6-m/nofp/libc_nano.a(libc_a-memcpy-stub.o)
                0x08003cb4                memcpy
 *fill*         0x08003cc6        0x2 
 .text._free_r  0x08003cc8       0x94 /opt/st/stm32cubeide_1.18.0/plugins/com.st.stm32cube.ide.mcu.externaltools.gnu-tools-for-stm32.13.3.rel1.linux64_1.0.0.202410170706/tools/bin/../lib/gcc/arm-none-eabi/13.3.1/../../../../arm-none-eabi/lib/thumb/v6-m/nofp/libc_nano.a(libc_a-freer.o)
                0x08003cc8                _free_r
 .text.__ssputs_r
                0x08003d5c       0xc0 /opt/st/stm32cubeide_1.18.0/plugins/com.st.stm32cube.ide.mcu.externaltools.gnu-tools-for-stm32.13.3.rel1.linux64_1.0.0.202410170706/tools/bin/../lib/gcc/arm-none-eabi/13.3.1/../../../../arm-none-eabi/lib/thumb/v6-m/nofp/libc_nano.a(libc_a-nano-svfprintf.o)
                0x08003d5c                __ssputs_r
 .text._svfprintf_r
                0x08003e1c      0x1fc /opt/st/stm32cubeide_1.18.0/plugins/com.st.stm32cube.ide.mcu.externaltools.gnu-tools-for-stm32.13.3.rel1.linux64_1.0.0.202410170706/tools/bin/../lib/gcc/arm-none-eabi/13.3.1/../../../../arm-none-eabi/lib/thumb/v6-m/nofp/libc_nano.a(libc_a-nano-svfprintf.o)
                0x08003e1c                _svfprintf_r
                0x08003e1c                _svfiprintf_r
 .text._sungetc_r
                0x08004018       0x78 /opt/st/stm32cubeide_1.18.0/plugins/com.st.stm32cube.ide.mcu.externaltools.gnu-tools-for-stm32.13.3.rel1.linux64_1.0.0.202410170706/tools/bin/../lib/gcc/arm-none-eabi/13.3.1/../../../../arm-none-eabi/lib/thumb/v6-m/nofp/libc_nano.a(libc_a-nano-svfscanf.o)
                0x08004018                _sungetc_r
 .text.__ssrefill_r
                0x08004090       0x3e /opt/st/stm32cubeide_1.18.0/plugins/com.st.stm32cube.ide.mcu.externaltools.gnu-tools-for-stm32.13.3.rel1.linux64_1.0.0.202410170706/tools/bin/../lib/gcc/arm-none-eabi/13.3.1/../../../../arm-none-eabi/lib/thumb/v6-m/nofp/libc_nano.a(libc_a-nano-svfscanf.o)
                0x08004090                __ssrefill_r
 *fill*         0x080040ce        0x2 
 .text.__ssvfscanf_r
                0x080040d0      0x2c8 /opt/st/stm32cubeide_1.18.0/plugins/com.st.stm32cube.ide.mcu.externaltools.gnu-tools-for-stm32.13.3.rel1.linux64_1.0.0.202410170706/tools/bin/../lib/gcc/arm-none-eabi/13.3.1/../../../../arm-none-eabi/lib/thumb/v6-m/nofp/libc_nano.a(libc_a-nano-svfscanf.o)
                0x080040d0                __ssvfscanf_r
                0x080040d0                __ssvfiscanf_r
 .text._printf_common
                0x08004398       0xde /opt/st/stm32cubeide_1.18.0/plugins/com.st.stm32cube.ide.mcu.externaltools.gnu-tools-for-stm32.13.3.rel1.linux64_1.0.0.202410170706/tools/bin/../lib/gcc/arm-none-eabi/13.3.1/../../../../arm-none-eabi/lib/thumb/v6-m/nofp/libc_nano.a(libc_a-nano-vfprintf_i.o)
                0x08004398                _printf_common
 *fill*         0x08004476        0x2 
 .text._printf_i
                0x08004478      0x218 /opt/st/stm32cubeide_1.18.0/plugins/com.st.stm32cube.ide.mcu.externaltools.gnu-tools-for-stm32.13.3.rel1.linux64_1.0.0.202410170706/tools/bin/../lib/gcc/arm-none-eabi/13.3.1/../../../../arm-none-eabi/lib/thumb/v6-m/nofp/libc_nano.a(libc_a-nano-vfprintf_i.o)
                0x08004478                _printf_i
 .text._scanf_chars
                0x08004690       0xc0 /opt/st/stm32cubeide_1.18.0/plugins/com.st.stm32cube.ide.mcu.externaltools.gnu-tools-for-stm32.13.3.rel1.linux64_1.0.0.202410170706/tools/bin/../lib/gcc/arm-none-eabi/13.3.1/../../../../arm-none-eabi/lib/thumb/v6-m/nofp/libc_nano.a(libc_a-nano-vfscanf_i.o)
                0x08004690                _scanf_chars
 .text._scanf_i
                0x08004750      0x200 /opt/st/stm32cubeide_1.18.0/plugins/com.st.stm32cube.ide.mcu.externaltools.gnu-tools-for-stm32.13.3.rel1.linux64_1.0.0.202410170706/tools/bin/../lib/gcc/arm-none-eabi/13.3.1/../../../../arm-none-eabi/lib/thumb/v6-m/nofp/libc_nano.a(libc_a-nano-vfscanf_i.o)
                0x08004750                _scanf_i
 .text.__sccl   0x08004950       0x72 /opt/st/stm32cubeide_1.18.0/plugins/com.st.stm32cube.ide.mcu.externaltools.gnu-tools-for-stm32.13.3.rel1.linux64_1.0.0.202410170706/tools/bin/../lib/gcc/arm-none-eabi/13.3.1/../../../../arm-none-eabi/lib/thumb/v6-m/nofp/libc_nano.a(libc_a-sccl.o)
                0x08004950                __sccl
 *fill*         0x080049c2        0x2 
 .text.__submore
                0x080049c4       0x7c /opt/st/stm32cubeide_1.18.0/plugins/com.st.stm32cube.ide.mcu.externaltools.gnu-tools-for-stm32.13.3.rel1.linux64_1.0.0.202410170706/tools/bin/../lib/gcc/arm-none-eabi/13.3.1/../../../../arm-none-eabi/lib/thumb/v6-m/nofp/libc_nano.a(libc_a-ungetc.o)
                0x080049c4                __submore
 .text.memmove  0x08004a40       0x24 /opt/st/stm32cubeide_1.18.0/plugins/com.st.stm32cube.ide.mcu.externaltools.gnu-tools-for-stm32.13.3.rel1.linux64_1.0.0.202410170706/tools/bin/../lib/gcc/arm-none-eabi/13.3.1/../../../../arm-none-eabi/lib/thumb/v6-m/nofp/libc_nano.a(libc_a-memmove.o)
                0x08004a40                memmove
 .text.memchr   0x08004a64       0x16 /opt/st/stm32cubeide_1.18.0/plugins/com.st.stm32cube.ide.mcu.externaltools.gnu-tools-for-stm32.13.3.rel1.linux64_1.0.0.202410170706/tools/bin/../lib/gcc/arm-none-eabi/13.3.1/../../../../arm-none-eabi/lib/thumb/v6-m/nofp/libc_nano.a(libc_a-memchr-stub.o)
                0x08004a64                memchr
 .text._realloc_r
                0x08004a7a       0x60 /opt/st/stm32cubeide_1.18.0/plugins/com.st.stm32cube.ide.mcu.externaltools.gnu-tools-for-stm32.13.3.rel1.linux64_1.0.0.202410170706/tools/bin/../lib/gcc/arm-none-eabi/13.3.1/../../../../arm-none-eabi/lib/thumb/v6-m/nofp/libc_nano.a(libc_a-reallocr.o)
                0x08004a7a                _realloc_r
 *fill*         0x08004ada        0x2 
 .text._strtol_l.isra.0
                0x08004adc      0x114 /opt/st/stm32cubeide_1.18.0/plugins/com.st.stm32cube.ide.mcu.externaltools.gnu-tools-for-stm32.13.3.rel1.linux64_1.0.0.202410170706/tools/bin/../lib/gcc/arm-none-eabi/13.3.1/../../../../arm-none-eabi/lib/thumb/v6-m/nofp/libc_nano.a(libc_a-strtol.o)
 .text._strtol_r
                0x08004bf0        0x8 /opt/st/stm32cubeide_1.18.0/plugins/com.st.stm32cube.ide.mcu.externaltools.gnu-tools-for-stm32.13.3.rel1.linux64_1.0.0.202410170706/tools/bin/../lib/gcc/arm-none-eabi/13.3.1/../../../../arm-none-eabi/lib/thumb/v6-m/nofp/libc_nano.a(libc_a-strtol.o)
                0x08004bf0                _strtol_r
 .text._strtoul_l.isra.0
                0x08004bf8      0x104 /opt/st/stm32cubeide_1.18.0/plugins/com.st.stm32cube.ide.mcu.externaltools.gnu-tools-for-stm32.13.3.rel1.linux64_1.0.0.202410170706/tools/bin/../lib/gcc/arm-none-eabi/13.3.1/../../../../arm-none-eabi/lib/thumb/v6-m/nofp/libc_nano.a(libc_a-strtoul.o)
 .text._strtoul_r
                0x08004cfc        0x8 /opt/st/stm32cubeide_1.18.0/plugins/com.st.stm32cube.ide.mcu.externaltools.gnu-tools-for-stm32.13.3.rel1.linux64_1.0.0.202410170706/tools/bin/../lib/gcc/arm-none-eabi/13.3.1/../../../../arm-none-eabi/lib/thumb/v6-m/nofp/libc_nano.a(libc_a-strtoul.o)
                0x08004cfc                _strtoul_r
 .text._malloc_usable_size_r
                0x08004d04       0x10 /opt/st/stm32cubeide_1.18.0/plugins/com.st.stm32cube.ide.mcu.externaltools.gnu-tools-for-stm32.13.3.rel1.linux64_1.0.0.202410170706/tools/bin/../lib/gcc/arm-none-eabi/13.3.1/../../../../arm-none-eabi/lib/thumb/v6-m/nofp/libc_nano.a(libc_a-msizer.o)
                0x08004d04                _malloc_usable_size_r
 *(.glue_7)
 .glue_7        0x08004d14        0x0 linker stubs
 *(.glue_7t)
 .glue_7t       0x08004d14        0x0 linker stubs
 *(.eh_frame)
 .eh_frame      0x08004d14        0x0 /opt/st/stm32cubeide_1.18.0/plugins/com.st.stm32cube.ide.mcu.externaltools.gnu-tools-for-stm32.13.3.rel1.linux64_1.0.0.202410170706/tools/bin/../lib/gcc/arm-none-eabi/13.3.1/thumb/v6-m/nofp/crtbegin.o
 *(.init)
 .init          0x08004d14        0x4 /opt/st/stm32cubeide_1.18.0/plugins/com.st.stm32cube.ide.mcu.externaltools.gnu-tools-for-stm32.13.3.rel1.linux64_1.0.0.202410170706/tools/bin/../lib/gcc/arm-none-eabi/13.3.1/thumb/v6-m/nofp/crti.o
                0x08004d14                _init
 .init          0x08004d18        0x8 /opt/st/stm32cubeide_1.18.0/plugins/com.st.stm32cube.ide.mcu.externaltools.gnu-tools-for-stm32.13.3.rel1.linux64_1.0.0.202410170706/tools/bin/../lib/gcc/arm-none-eabi/13.3.1/thumb/v6-m/nofp/crtn.o
 *(.fini)
 .fini          0x08004d20        0x4 /opt/st/stm32cubeide_1.18.0/plugins/com.st.stm32cube.ide.mcu.externaltools.gnu-tools-for-stm32.13.3.rel1.linux64_1.0.0.202410170706/tools/bin/../lib/gcc/arm-none-eabi/13.3.1/thumb/v6-m/nofp/crti.o
                0x08004d20                _fini
 .fini          0x08004d24        0x8 /opt/st/stm32cubeide_1.18.0/plugins/com.st.stm32cube.ide.mcu.externaltools.gnu-tools-for-stm32.13.3.rel1.linux64_1.0.0.202410170706/tools/bin/../lib/gcc/arm-none-eabi/13.3.1/thumb/v6-m/nofp/crtn.o
                0x08004d2c                        . = ALIGN (0x4)
                0x08004d2c                        _etext = .

.vfp11_veneer   0x08004d2c        0x0
 .vfp11_veneer  0x08004d2c        0x0 linker stubs

.v4_bx          0x08004d2c        0x0
 .v4_bx         0x08004d2c        0x0 linker stubs

.iplt           0x08004d2c        0x0
 .iplt          0x08004d2c        0x0 /opt/st/stm32cubeide_1.18.0/plugins/com.st.stm32cube.ide.mcu.externaltools.gnu-tools-for-stm32.13.3.rel1.linux64_1.0.0.202410170706/tools/bin/../lib/gcc/arm-none-eabi/13.3.1/thumb/v6-m/nofp/crtbegin.o

.rodata         0x08004d2c      0x7a8
                0x08004d2c                        . = ALIGN (0x4)
 *(.rodata)
 .rodata        0x08004d2c        0xc /opt/st/stm32cubeide_1.18.0/plugins/com.st.stm32cube.ide.mcu.externaltools.gnu-tools-for-stm32.13.3.rel1.linux64_1.0.0.202410170706/tools/bin/../lib/gcc/arm-none-eabi/13.3.1/../../../../arm-none-eabi/lib/thumb/v6-m/nofp/libc_nano.a(libc_a-nano-vfscanf_i.o)
 *(.rodata*)
 .rodata.PLLMulTable
                0x08004d38        0x9 ./Core/Src/system_stm32l0xx.o
                0x08004d38                PLLMulTable
 *fill*         0x08004d41        0x3 
 .rodata.APBPrescTable
                0x08004d44        0x8 ./Core/Src/system_stm32l0xx.o
                0x08004d44                APBPrescTable
 .rodata.AHBPrescTable
                0x08004d4c       0x10 ./Core/Src/system_stm32l0xx.o
                0x08004d4c                AHBPrescTable
 .rodata.cmd_onERROR.str1.4
                0x08004d5c      0x2de ./cmd/cmd.o
                                  0xf (size before relaxing)
 .rodata.command_parser.str1.4
                0x0800503a       0x26 ./cmd/cmd.o
 .rodata.f_help_app.str1.4
                0x0800503a        0x6 ./cmd/cmd_fn.o
 .rodata.f_decaTDoATag.str1.4
                0x0800503a       0xbe ./cmd/cmd_fn.o
 .rodata.f_jstat.str1.4
                0x0800503a      0x121 ./cmd/cmd_fn.o
 .rodata.str1.4
                0x0800503a       0xaf ./cmd/cmd_fn.o
 *fill*         0x0800503a        0x2 
 .rodata.known_commands
                0x0800503c       0xfc ./cmd/cmd_fn.o
                0x0800503c                known_commands
 .rodata.CMD_FN_RET_OK
                0x08005138        0x5 ./cmd/cmd_fn.o
                0x08005138                CMD_FN_RET_OK
 .rodata.waitForCommand.str1.4
                0x0800513d       0x12 ./cmd/cmd_uart_rx.o
 *fill*         0x0800513d        0x3 
 .rodata._dwt_enableclocks
                0x08005140       0x3c ./deca_driver/deca_device.o
 .rodata.lde_replicaCoeff
                0x0800517c       0x32 ./deca_driver/deca_params_init.o
                0x0800517c                lde_replicaCoeff
 *fill*         0x080051ae        0x2 
 .rodata.digital_bb_config
                0x080051b0       0x20 ./deca_driver/deca_params_init.o
                0x080051b0                digital_bb_config
 .rodata.dtune1
                0x080051d0        0x4 ./deca_driver/deca_params_init.o
                0x080051d0                dtune1
 .rodata.sftsh  0x080051d4        0xc ./deca_driver/deca_params_init.o
                0x080051d4                sftsh
 .rodata.dwnsSFDlen
                0x080051e0        0x3 ./deca_driver/deca_params_init.o
                0x080051e0                dwnsSFDlen
 *fill*         0x080051e3        0x1 
 .rodata.agc_config
                0x080051e4        0x8 ./deca_driver/deca_params_init.o
                0x080051e4                agc_config
 .rodata.rx_config
                0x080051ec        0x2 ./deca_driver/deca_params_init.o
                0x080051ec                rx_config
 *fill*         0x080051ee        0x2 
 .rodata.fs_pll_tune
                0x080051f0        0x6 ./deca_driver/deca_params_init.o
                0x080051f0                fs_pll_tune
 *fill*         0x080051f6        0x2 
 .rodata.fs_pll_cfg
                0x080051f8       0x18 ./deca_driver/deca_params_init.o
                0x080051f8                fs_pll_cfg
 .rodata.tx_config
                0x08005210       0x18 ./deca_driver/deca_params_init.o
                0x08005210                tx_config
 .rodata.chan_idx
                0x08005228        0x8 ./deca_driver/deca_params_init.o
                0x08005228                chan_idx
 .rodata.lis3dh_enable_int
                0x08005230       0x18 ./mems/lis3dh.o
 .rodata.lis3dh_set_int_event_config
                0x08005248       0x18 ./mems/lis3dh.o
 .rodata.deca_to_plen
                0x08005260       0xc4 ./utils/translate.o
 .rodata.ref_goldenval
                0x08005324       0x60 ./utils/tvc.o
 .rodata._ctype_
                0x08005384      0x101 /opt/st/stm32cubeide_1.18.0/plugins/com.st.stm32cube.ide.mcu.externaltools.gnu-tools-for-stm32.13.3.rel1.linux64_1.0.0.202410170706/tools/bin/../lib/gcc/arm-none-eabi/13.3.1/../../../../arm-none-eabi/lib/thumb/v6-m/nofp/libc_nano.a(libc_a-ctype_.o)
                0x08005384                _ctype_
 .rodata._svfprintf_r.str1.1
                0x08005485       0x4e /opt/st/stm32cubeide_1.18.0/plugins/com.st.stm32cube.ide.mcu.externaltools.gnu-tools-for-stm32.13.3.rel1.linux64_1.0.0.202410170706/tools/bin/../lib/gcc/arm-none-eabi/13.3.1/../../../../arm-none-eabi/lib/thumb/v6-m/nofp/libc_nano.a(libc_a-nano-svfprintf.o)
                                 0x11 (size before relaxing)
 .rodata.__ssvfscanf_r.str1.1
                0x080054d3        0x4 /opt/st/stm32cubeide_1.18.0/plugins/com.st.stm32cube.ide.mcu.externaltools.gnu-tools-for-stm32.13.3.rel1.linux64_1.0.0.202410170706/tools/bin/../lib/gcc/arm-none-eabi/13.3.1/../../../../arm-none-eabi/lib/thumb/v6-m/nofp/libc_nano.a(libc_a-nano-svfscanf.o)
 .rodata._printf_i.str1.1
                0x080054d3       0x22 /opt/st/stm32cubeide_1.18.0/plugins/com.st.stm32cube.ide.mcu.externaltools.gnu-tools-for-stm32.13.3.rel1.linux64_1.0.0.202410170706/tools/bin/../lib/gcc/arm-none-eabi/13.3.1/../../../../arm-none-eabi/lib/thumb/v6-m/nofp/libc_nano.a(libc_a-nano-vfprintf_i.o)
 .rodata._scanf_i.str1.1
                0x080054d3       0x12 /opt/st/stm32cubeide_1.18.0/plugins/com.st.stm32cube.ide.mcu.externaltools.gnu-tools-for-stm32.13.3.rel1.linux64_1.0.0.202410170706/tools/bin/../lib/gcc/arm-none-eabi/13.3.1/../../../../arm-none-eabi/lib/thumb/v6-m/nofp/libc_nano.a(libc_a-nano-vfscanf_i.o)
 .rodata.str1.1
                0x080054d3        0x9 /opt/st/stm32cubeide_1.18.0/plugins/com.st.stm32cube.ide.mcu.externaltools.gnu-tools-for-stm32.13.3.rel1.linux64_1.0.0.202410170706/tools/bin/../lib/gcc/arm-none-eabi/13.3.1/../../../../arm-none-eabi/lib/thumb/v6-m/nofp/libc_nano.a(libc_a-nano-vfscanf_i.o)
                0x080054f8                        . = ALIGN (0x4)
 *fill*         0x080054d3        0x1 

.ARM.extab      0x080054d4        0x0
                0x080054d4                        . = ALIGN (0x4)
 *(.ARM.extab* .gnu.linkonce.armextab.*)
                0x080054d4                        . = ALIGN (0x4)

.ARM            0x080054d4        0x0
                0x080054d4                        . = ALIGN (0x4)
                0x080054d4                        __exidx_start = .
 *(.ARM.exidx*)
                0x080054d4                        __exidx_end = .
                0x080054d4                        . = ALIGN (0x4)

.preinit_array  0x080054d4        0x0
                0x080054d4                        . = ALIGN (0x4)
                0x080054d4                        PROVIDE (__preinit_array_start = .)
 *(.preinit_array*)
                0x080054d4                        PROVIDE (__preinit_array_end = .)
                0x080054d4                        . = ALIGN (0x4)

.init_array     0x080054d4        0x4
                0x080054d4                        . = ALIGN (0x4)
                0x080054d4                        PROVIDE (__init_array_start = .)
 *(SORT_BY_NAME(.init_array.*))
 *(.init_array*)
 .init_array    0x080054d4        0x4 /opt/st/stm32cubeide_1.18.0/plugins/com.st.stm32cube.ide.mcu.externaltools.gnu-tools-for-stm32.13.3.rel1.linux64_1.0.0.202410170706/tools/bin/../lib/gcc/arm-none-eabi/13.3.1/thumb/v6-m/nofp/crtbegin.o
                0x080054d8                        PROVIDE (__init_array_end = .)
                0x080054d8                        . = ALIGN (0x4)

.fini_array     0x080054d8        0x4
                0x080054d8                        . = ALIGN (0x4)
                [!provide]                        PROVIDE (__fini_array_start = .)
 *(SORT_BY_NAME(.fini_array.*))
 *(.fini_array*)
 .fini_array    0x080054d8        0x4 /opt/st/stm32cubeide_1.18.0/plugins/com.st.stm32cube.ide.mcu.externaltools.gnu-tools-for-stm32.13.3.rel1.linux64_1.0.0.202410170706/tools/bin/../lib/gcc/arm-none-eabi/13.3.1/thumb/v6-m/nofp/crtbegin.o
                [!provide]                        PROVIDE (__fini_array_end = .)
                0x080054dc                        . = ALIGN (0x4)
                0x080054dc                        _sidata = LOADADDR (.data)

.rel.dyn        0x080054dc        0x0
 .rel.iplt      0x080054dc        0x0 /opt/st/stm32cubeide_1.18.0/plugins/com.st.stm32cube.ide.mcu.externaltools.gnu-tools-for-stm32.13.3.rel1.linux64_1.0.0.202410170706/tools/bin/../lib/gcc/arm-none-eabi/13.3.1/thumb/v6-m/nofp/crtbegin.o

.data           0x20000000       0x64 load address 0x080054dc
                0x20000000                        . = ALIGN (0x4)
                0x20000000                        _sdata = .
 *(.data)
 *(.data*)
 .data.tx_frame
                0x20000000        0xc ./Core/Src/main.o
 .data.SystemCoreClock
                0x2000000c        0x4 ./Core/Src/system_stm32l0xx.o
                0x2000000c                SystemCoreClock
 .data.pdw1000local
                0x20000010        0x4 ./deca_driver/deca_device.o
 .data._impure_ptr
                0x20000014        0x4 /opt/st/stm32cubeide_1.18.0/plugins/com.st.stm32cube.ide.mcu.externaltools.gnu-tools-for-stm32.13.3.rel1.linux64_1.0.0.202410170706/tools/bin/../lib/gcc/arm-none-eabi/13.3.1/../../../../arm-none-eabi/lib/thumb/v6-m/nofp/libc_nano.a(libc_a-impure.o)
                0x20000014                _impure_ptr
 .data._impure_data
                0x20000018       0x4c /opt/st/stm32cubeide_1.18.0/plugins/com.st.stm32cube.ide.mcu.externaltools.gnu-tools-for-stm32.13.3.rel1.linux64_1.0.0.202410170706/tools/bin/../lib/gcc/arm-none-eabi/13.3.1/../../../../arm-none-eabi/lib/thumb/v6-m/nofp/libc_nano.a(libc_a-impure.o)
                0x20000018                _impure_data
 *(.RamFunc)
 *(.RamFunc*)
                0x20000064                        . = ALIGN (0x4)
                0x20000064                        _edata = .

.igot.plt       0x20000064        0x0 load address 0x08005540
 .igot.plt      0x20000064        0x0 /opt/st/stm32cubeide_1.18.0/plugins/com.st.stm32cube.ide.mcu.externaltools.gnu-tools-for-stm32.13.3.rel1.linux64_1.0.0.202410170706/tools/bin/../lib/gcc/arm-none-eabi/13.3.1/thumb/v6-m/nofp/crtbegin.o
                0x20000064                        . = ALIGN (0x4)

.bss            0x20000100      0x4dc load address 0x08005540
                0x20000100                        _sbss = .
                0x20000100                        __bss_start__ = _sbss
 *(.bss)
 .bss           0x20000100       0x1c /opt/st/stm32cubeide_1.18.0/plugins/com.st.stm32cube.ide.mcu.externaltools.gnu-tools-for-stm32.13.3.rel1.linux64_1.0.0.202410170706/tools/bin/../lib/gcc/arm-none-eabi/13.3.1/thumb/v6-m/nofp/crtbegin.o
 *(.bss*)
 .bss.app       0x2000011c       0x10 ./Core/Src/main.o
                0x2000011c                app
 .bss.__sbrk_heap_end
                0x2000012c        0x4 ./Core/Src/sysmem.o
 .bss.uart_rx_data_ready
                0x20000130        0x1 ./Port/deca_uart.o
 *fill*         0x20000131        0x3 
 .bss.rx_buf_index
                0x20000134        0x4 ./Port/deca_uart.o
 .bss.rx_buf    0x20000138      0x100 ./Port/deca_uart.o
 .bss.SysTickCount
                0x20000238        0x4 ./Port/port_platform.o
                0x20000238                SysTickCount
 .bss.SerialData
                0x2000023c        0x1 ./Port/port_platform.o
                0x2000023c                SerialData
 .bss.gMotionDetInt
                0x2000023d        0x1 ./Port/port_platform.o
 *fill*         0x2000023e        0x2 
 .bss.cmdBuf.0  0x20000240       0x40 ./cmd/cmd_uart_rx.o
 .bss.cmdLen.1  0x20000280        0x1 ./cmd/cmd_uart_rx.o
 *fill*         0x20000281        0x1 
 .bss.local_buff_length
                0x20000282        0x2 ./cmd/cmd_uart_rx.o
 .bss.local_buff
                0x20000284       0x40 ./cmd/cmd_uart_rx.o
 *fill*         0x200002c4       0x3c 
 .bss.tmpConfig
                0x20000300       0x63 ./config/config.o
 *fill*         0x20000363        0x1 
 .bss.dw1000local
                0x20000364       0x38 ./deca_driver/deca_device.o
 .bss.instance_data
                0x2000039c       0x24 ./instance/instance.o
                0x2000039c                instance_data
 .bss.ref       0x200003c0       0x10 ./instance/instance.o
 .bss.mosi.0    0x200003d0       0x40 ./mems/lis3dh.o
 .bss.miso.1    0x20000410       0x40 ./mems/lis3dh.o
 .bss.mosi.2    0x20000450       0x40 ./mems/lis3dh.o
 .bss.sensor    0x20000490        0x4 ./mems/lis3dh.o
 .bss.__malloc_sbrk_start
                0x20000494        0x4 /opt/st/stm32cubeide_1.18.0/plugins/com.st.stm32cube.ide.mcu.externaltools.gnu-tools-for-stm32.13.3.rel1.linux64_1.0.0.202410170706/tools/bin/../lib/gcc/arm-none-eabi/13.3.1/../../../../arm-none-eabi/lib/thumb/v6-m/nofp/libc_nano.a(libc_a-mallocr.o)
                0x20000494                __malloc_sbrk_start
 .bss.__malloc_free_list
                0x20000498        0x4 /opt/st/stm32cubeide_1.18.0/plugins/com.st.stm32cube.ide.mcu.externaltools.gnu-tools-for-stm32.13.3.rel1.linux64_1.0.0.202410170706/tools/bin/../lib/gcc/arm-none-eabi/13.3.1/../../../../arm-none-eabi/lib/thumb/v6-m/nofp/libc_nano.a(libc_a-mallocr.o)
                0x20000498                __malloc_free_list
 .bss.__sf      0x2000049c      0x138 /opt/st/stm32cubeide_1.18.0/plugins/com.st.stm32cube.ide.mcu.externaltools.gnu-tools-for-stm32.13.3.rel1.linux64_1.0.0.202410170706/tools/bin/../lib/gcc/arm-none-eabi/13.3.1/../../../../arm-none-eabi/lib/thumb/v6-m/nofp/libc_nano.a(libc_a-findfp.o)
                0x2000049c                __sf
 .bss.errno     0x200005d4        0x4 /opt/st/stm32cubeide_1.18.0/plugins/com.st.stm32cube.ide.mcu.externaltools.gnu-tools-for-stm32.13.3.rel1.linux64_1.0.0.202410170706/tools/bin/../lib/gcc/arm-none-eabi/13.3.1/../../../../arm-none-eabi/lib/thumb/v6-m/nofp/libc_nano.a(libc_a-reent.o)
                0x200005d4                errno
 .bss.__lock___malloc_recursive_mutex
                0x200005d8        0x1 /opt/st/stm32cubeide_1.18.0/plugins/com.st.stm32cube.ide.mcu.externaltools.gnu-tools-for-stm32.13.3.rel1.linux64_1.0.0.202410170706/tools/bin/../lib/gcc/arm-none-eabi/13.3.1/../../../../arm-none-eabi/lib/thumb/v6-m/nofp/libc_nano.a(libc_a-lock.o)
                0x200005d8                __lock___malloc_recursive_mutex
 *(COMMON)
                0x200005dc                        . = ALIGN (0x4)
 *fill*         0x200005d9        0x3 
                0x200005dc                        _ebss = .
                0x200005dc                        __bss_end__ = _ebss

._user_heap_stack
                0x200005dc      0x604 load address 0x08005540
                0x200005e0                        . = ALIGN (0x8)
 *fill*         0x200005dc        0x4 
                [!provide]                        PROVIDE (end = .)
                0x200005e0                        PROVIDE (_end = .)
                0x200007e0                        . = (. + _Min_Heap_Size)
 *fill*         0x200005e0      0x200 
                0x20000be0                        . = (. + _Min_Stack_Size)
 *fill*         0x200007e0      0x400 
                0x20000be0                        . = ALIGN (0x8)

/DISCARD/
 libc.a(*)
 libm.a(*)
 libgcc.a(*)

.ARM.attributes
                0x00000000       0x28
 *(.ARM.attributes)
 .ARM.attributes
                0x00000000       0x1e /opt/st/stm32cubeide_1.18.0/plugins/com.st.stm32cube.ide.mcu.externaltools.gnu-tools-for-stm32.13.3.rel1.linux64_1.0.0.202410170706/tools/bin/../lib/gcc/arm-none-eabi/13.3.1/thumb/v6-m/nofp/crti.o
 .ARM.attributes
                0x0000001e       0x2c /opt/st/stm32cubeide_1.18.0/plugins/com.st.stm32cube.ide.mcu.externaltools.gnu-tools-for-stm32.13.3.rel1.linux64_1.0.0.202410170706/tools/bin/../lib/gcc/arm-none-eabi/13.3.1/thumb/v6-m/nofp/crtbegin.o
 .ARM.attributes
                0x0000004a       0x2c ./Core/Src/main.o
 .ARM.attributes
                0x00000076       0x2c ./Core/Src/stm32l0xx_it.o
 .ARM.attributes
                0x000000a2       0x2c ./Core/Src/sysmem.o
 .ARM.attributes
                0x000000ce       0x2c ./Core/Src/system_stm32l0xx.o
 .ARM.attributes
                0x000000fa       0x22 ./Core/Startup/startup_stm32l041g6uxs.o
 .ARM.attributes
                0x0000011c       0x2c ./Drivers/STM32L0xx_HAL_Driver/Src/stm32l0xx_ll_exti.o
 .ARM.attributes
                0x00000148       0x2c ./Drivers/STM32L0xx_HAL_Driver/Src/stm32l0xx_ll_gpio.o
 .ARM.attributes
                0x00000174       0x2c ./Drivers/STM32L0xx_HAL_Driver/Src/stm32l0xx_ll_i2c.o
 .ARM.attributes
                0x000001a0       0x2c ./Drivers/STM32L0xx_HAL_Driver/Src/stm32l0xx_ll_rcc.o
 .ARM.attributes
                0x000001cc       0x2c ./Drivers/STM32L0xx_HAL_Driver/Src/stm32l0xx_ll_rtc.o
 .ARM.attributes
                0x000001f8       0x2c ./Drivers/STM32L0xx_HAL_Driver/Src/stm32l0xx_ll_spi.o
 .ARM.attributes
                0x00000224       0x2c ./Drivers/STM32L0xx_HAL_Driver/Src/stm32l0xx_ll_usart.o
 .ARM.attributes
                0x00000250       0x2c ./Drivers/STM32L0xx_HAL_Driver/Src/stm32l0xx_ll_utils.o
 .ARM.attributes
                0x0000027c       0x2c ./Port/deca_sleep.o
 .ARM.attributes
                0x000002a8       0x2c ./Port/deca_spi.o
 .ARM.attributes
                0x000002d4       0x2c ./Port/deca_uart.o
 .ARM.attributes
                0x00000300       0x2c ./Port/port_platform.o
 .ARM.attributes
                0x0000032c       0x2c ./cmd/cmd.o
 .ARM.attributes
                0x00000358       0x2c ./cmd/cmd_fn.o
 .ARM.attributes
                0x00000384       0x2c ./cmd/cmd_uart_rx.o
 .ARM.attributes
                0x000003b0       0x2c ./config/config.o
 .ARM.attributes
                0x000003dc       0x2c ./deca_driver/deca_device.o
 .ARM.attributes
                0x00000408       0x2c ./deca_driver/deca_params_init.o
 .ARM.attributes
                0x00000434       0x2c ./instance/instance.o
 .ARM.attributes
                0x00000460       0x2c ./mems/lis3dh.o
 .ARM.attributes
                0x0000048c       0x2c ./utils/translate.o
 .ARM.attributes
                0x000004b8       0x2c ./utils/tvc.o
 .ARM.attributes
                0x000004e4       0x2c /opt/st/stm32cubeide_1.18.0/plugins/com.st.stm32cube.ide.mcu.externaltools.gnu-tools-for-stm32.13.3.rel1.linux64_1.0.0.202410170706/tools/bin/../lib/gcc/arm-none-eabi/13.3.1/../../../../arm-none-eabi/lib/thumb/v6-m/nofp/libc_nano.a(libc_a-malloc.o)
 .ARM.attributes
                0x00000510       0x2c /opt/st/stm32cubeide_1.18.0/plugins/com.st.stm32cube.ide.mcu.externaltools.gnu-tools-for-stm32.13.3.rel1.linux64_1.0.0.202410170706/tools/bin/../lib/gcc/arm-none-eabi/13.3.1/../../../../arm-none-eabi/lib/thumb/v6-m/nofp/libc_nano.a(libc_a-mallocr.o)
 .ARM.attributes
                0x0000053c       0x2c /opt/st/stm32cubeide_1.18.0/plugins/com.st.stm32cube.ide.mcu.externaltools.gnu-tools-for-stm32.13.3.rel1.linux64_1.0.0.202410170706/tools/bin/../lib/gcc/arm-none-eabi/13.3.1/../../../../arm-none-eabi/lib/thumb/v6-m/nofp/libc_nano.a(libc_a-mlock.o)
 .ARM.attributes
                0x00000568       0x2c /opt/st/stm32cubeide_1.18.0/plugins/com.st.stm32cube.ide.mcu.externaltools.gnu-tools-for-stm32.13.3.rel1.linux64_1.0.0.202410170706/tools/bin/../lib/gcc/arm-none-eabi/13.3.1/../../../../arm-none-eabi/lib/thumb/v6-m/nofp/libc_nano.a(libc_a-ctype_.o)
 .ARM.attributes
                0x00000594       0x2c /opt/st/stm32cubeide_1.18.0/plugins/com.st.stm32cube.ide.mcu.externaltools.gnu-tools-for-stm32.13.3.rel1.linux64_1.0.0.202410170706/tools/bin/../lib/gcc/arm-none-eabi/13.3.1/../../../../arm-none-eabi/lib/thumb/v6-m/nofp/libc_nano.a(libc_a-findfp.o)
 .ARM.attributes
                0x000005c0       0x2c /opt/st/stm32cubeide_1.18.0/plugins/com.st.stm32cube.ide.mcu.externaltools.gnu-tools-for-stm32.13.3.rel1.linux64_1.0.0.202410170706/tools/bin/../lib/gcc/arm-none-eabi/13.3.1/../../../../arm-none-eabi/lib/thumb/v6-m/nofp/libc_nano.a(libc_a-sprintf.o)
 .ARM.attributes
                0x000005ec       0x2c /opt/st/stm32cubeide_1.18.0/plugins/com.st.stm32cube.ide.mcu.externaltools.gnu-tools-for-stm32.13.3.rel1.linux64_1.0.0.202410170706/tools/bin/../lib/gcc/arm-none-eabi/13.3.1/../../../../arm-none-eabi/lib/thumb/v6-m/nofp/libc_nano.a(libc_a-sscanf.o)
 .ARM.attributes
                0x00000618       0x2c /opt/st/stm32cubeide_1.18.0/plugins/com.st.stm32cube.ide.mcu.externaltools.gnu-tools-for-stm32.13.3.rel1.linux64_1.0.0.202410170706/tools/bin/../lib/gcc/arm-none-eabi/13.3.1/../../../../arm-none-eabi/lib/thumb/v6-m/nofp/libc_nano.a(libc_a-stdio.o)
 .ARM.attributes
                0x00000644       0x2c /opt/st/stm32cubeide_1.18.0/plugins/com.st.stm32cube.ide.mcu.externaltools.gnu-tools-for-stm32.13.3.rel1.linux64_1.0.0.202410170706/tools/bin/../lib/gcc/arm-none-eabi/13.3.1/../../../../arm-none-eabi/lib/thumb/v6-m/nofp/libc_nano.a(libc_a-memset.o)
 .ARM.attributes
                0x00000670       0x2c /opt/st/stm32cubeide_1.18.0/plugins/com.st.stm32cube.ide.mcu.externaltools.gnu-tools-for-stm32.13.3.rel1.linux64_1.0.0.202410170706/tools/bin/../lib/gcc/arm-none-eabi/13.3.1/../../../../arm-none-eabi/lib/thumb/v6-m/nofp/libc_nano.a(libc_a-reent.o)
 .ARM.attributes
                0x0000069c       0x2c /opt/st/stm32cubeide_1.18.0/plugins/com.st.stm32cube.ide.mcu.externaltools.gnu-tools-for-stm32.13.3.rel1.linux64_1.0.0.202410170706/tools/bin/../lib/gcc/arm-none-eabi/13.3.1/../../../../arm-none-eabi/lib/thumb/v6-m/nofp/libc_nano.a(libc_a-impure.o)
 .ARM.attributes
                0x000006c8       0x2c /opt/st/stm32cubeide_1.18.0/plugins/com.st.stm32cube.ide.mcu.externaltools.gnu-tools-for-stm32.13.3.rel1.linux64_1.0.0.202410170706/tools/bin/../lib/gcc/arm-none-eabi/13.3.1/../../../../arm-none-eabi/lib/thumb/v6-m/nofp/libc_nano.a(libc_a-sbrkr.o)
 .ARM.attributes
                0x000006f4       0x2c /opt/st/stm32cubeide_1.18.0/plugins/com.st.stm32cube.ide.mcu.externaltools.gnu-tools-for-stm32.13.3.rel1.linux64_1.0.0.202410170706/tools/bin/../lib/gcc/arm-none-eabi/13.3.1/../../../../arm-none-eabi/lib/thumb/v6-m/nofp/libc_nano.a(libc_a-errno.o)
 .ARM.attributes
                0x00000720       0x2c /opt/st/stm32cubeide_1.18.0/plugins/com.st.stm32cube.ide.mcu.externaltools.gnu-tools-for-stm32.13.3.rel1.linux64_1.0.0.202410170706/tools/bin/../lib/gcc/arm-none-eabi/13.3.1/../../../../arm-none-eabi/lib/thumb/v6-m/nofp/libc_nano.a(libc_a-init.o)
 .ARM.attributes
                0x0000074c       0x2c /opt/st/stm32cubeide_1.18.0/plugins/com.st.stm32cube.ide.mcu.externaltools.gnu-tools-for-stm32.13.3.rel1.linux64_1.0.0.202410170706/tools/bin/../lib/gcc/arm-none-eabi/13.3.1/../../../../arm-none-eabi/lib/thumb/v6-m/nofp/libc_nano.a(libc_a-lock.o)
 .ARM.attributes
                0x00000778       0x1c /opt/st/stm32cubeide_1.18.0/plugins/com.st.stm32cube.ide.mcu.externaltools.gnu-tools-for-stm32.13.3.rel1.linux64_1.0.0.202410170706/tools/bin/../lib/gcc/arm-none-eabi/13.3.1/../../../../arm-none-eabi/lib/thumb/v6-m/nofp/libc_nano.a(libc_a-strcmp.o)
 .ARM.attributes
                0x00000794       0x2c /opt/st/stm32cubeide_1.18.0/plugins/com.st.stm32cube.ide.mcu.externaltools.gnu-tools-for-stm32.13.3.rel1.linux64_1.0.0.202410170706/tools/bin/../lib/gcc/arm-none-eabi/13.3.1/../../../../arm-none-eabi/lib/thumb/v6-m/nofp/libc_nano.a(libc_a-strcpy.o)
 .ARM.attributes
                0x000007c0       0x2c /opt/st/stm32cubeide_1.18.0/plugins/com.st.stm32cube.ide.mcu.externaltools.gnu-tools-for-stm32.13.3.rel1.linux64_1.0.0.202410170706/tools/bin/../lib/gcc/arm-none-eabi/13.3.1/../../../../arm-none-eabi/lib/thumb/v6-m/nofp/libc_nano.a(libc_a-memcpy-stub.o)
 .ARM.attributes
                0x000007ec       0x1c /opt/st/stm32cubeide_1.18.0/plugins/com.st.stm32cube.ide.mcu.externaltools.gnu-tools-for-stm32.13.3.rel1.linux64_1.0.0.202410170706/tools/bin/../lib/gcc/arm-none-eabi/13.3.1/../../../../arm-none-eabi/lib/thumb/v6-m/nofp/libc_nano.a(libc_a-strlen.o)
 .ARM.attributes
                0x00000808       0x2c /opt/st/stm32cubeide_1.18.0/plugins/com.st.stm32cube.ide.mcu.externaltools.gnu-tools-for-stm32.13.3.rel1.linux64_1.0.0.202410170706/tools/bin/../lib/gcc/arm-none-eabi/13.3.1/../../../../arm-none-eabi/lib/thumb/v6-m/nofp/libc_nano.a(libc_a-freer.o)
 .ARM.attributes
                0x00000834       0x2c /opt/st/stm32cubeide_1.18.0/plugins/com.st.stm32cube.ide.mcu.externaltools.gnu-tools-for-stm32.13.3.rel1.linux64_1.0.0.202410170706/tools/bin/../lib/gcc/arm-none-eabi/13.3.1/../../../../arm-none-eabi/lib/thumb/v6-m/nofp/libc_nano.a(libc_a-nano-svfprintf.o)
 .ARM.attributes
                0x00000860       0x2c /opt/st/stm32cubeide_1.18.0/plugins/com.st.stm32cube.ide.mcu.externaltools.gnu-tools-for-stm32.13.3.rel1.linux64_1.0.0.202410170706/tools/bin/../lib/gcc/arm-none-eabi/13.3.1/../../../../arm-none-eabi/lib/thumb/v6-m/nofp/libc_nano.a(libc_a-nano-svfscanf.o)
 .ARM.attributes
                0x0000088c       0x2c /opt/st/stm32cubeide_1.18.0/plugins/com.st.stm32cube.ide.mcu.externaltools.gnu-tools-for-stm32.13.3.rel1.linux64_1.0.0.202410170706/tools/bin/../lib/gcc/arm-none-eabi/13.3.1/../../../../arm-none-eabi/lib/thumb/v6-m/nofp/libc_nano.a(libc_a-nano-vfprintf_i.o)
 .ARM.attributes
                0x000008b8       0x2c /opt/st/stm32cubeide_1.18.0/plugins/com.st.stm32cube.ide.mcu.externaltools.gnu-tools-for-stm32.13.3.rel1.linux64_1.0.0.202410170706/tools/bin/../lib/gcc/arm-none-eabi/13.3.1/../../../../arm-none-eabi/lib/thumb/v6-m/nofp/libc_nano.a(libc_a-nano-vfscanf_i.o)
 .ARM.attributes
                0x000008e4       0x2c /opt/st/stm32cubeide_1.18.0/plugins/com.st.stm32cube.ide.mcu.externaltools.gnu-tools-for-stm32.13.3.rel1.linux64_1.0.0.202410170706/tools/bin/../lib/gcc/arm-none-eabi/13.3.1/../../../../arm-none-eabi/lib/thumb/v6-m/nofp/libc_nano.a(libc_a-sccl.o)
 .ARM.attributes
                0x00000910       0x2c /opt/st/stm32cubeide_1.18.0/plugins/com.st.stm32cube.ide.mcu.externaltools.gnu-tools-for-stm32.13.3.rel1.linux64_1.0.0.202410170706/tools/bin/../lib/gcc/arm-none-eabi/13.3.1/../../../../arm-none-eabi/lib/thumb/v6-m/nofp/libc_nano.a(libc_a-ungetc.o)
 .ARM.attributes
                0x0000093c       0x2c /opt/st/stm32cubeide_1.18.0/plugins/com.st.stm32cube.ide.mcu.externaltools.gnu-tools-for-stm32.13.3.rel1.linux64_1.0.0.202410170706/tools/bin/../lib/gcc/arm-none-eabi/13.3.1/../../../../arm-none-eabi/lib/thumb/v6-m/nofp/libc_nano.a(libc_a-memmove.o)
 .ARM.attributes
                0x00000968       0x2c /opt/st/stm32cubeide_1.18.0/plugins/com.st.stm32cube.ide.mcu.externaltools.gnu-tools-for-stm32.13.3.rel1.linux64_1.0.0.202410170706/tools/bin/../lib/gcc/arm-none-eabi/13.3.1/../../../../arm-none-eabi/lib/thumb/v6-m/nofp/libc_nano.a(libc_a-memchr-stub.o)
 .ARM.attributes
                0x00000994       0x2c /opt/st/stm32cubeide_1.18.0/plugins/com.st.stm32cube.ide.mcu.externaltools.gnu-tools-for-stm32.13.3.rel1.linux64_1.0.0.202410170706/tools/bin/../lib/gcc/arm-none-eabi/13.3.1/../../../../arm-none-eabi/lib/thumb/v6-m/nofp/libc_nano.a(libc_a-reallocr.o)
 .ARM.attributes
                0x000009c0       0x2c /opt/st/stm32cubeide_1.18.0/plugins/com.st.stm32cube.ide.mcu.externaltools.gnu-tools-for-stm32.13.3.rel1.linux64_1.0.0.202410170706/tools/bin/../lib/gcc/arm-none-eabi/13.3.1/../../../../arm-none-eabi/lib/thumb/v6-m/nofp/libc_nano.a(libc_a-strtol.o)
 .ARM.attributes
                0x000009ec       0x2c /opt/st/stm32cubeide_1.18.0/plugins/com.st.stm32cube.ide.mcu.externaltools.gnu-tools-for-stm32.13.3.rel1.linux64_1.0.0.202410170706/tools/bin/../lib/gcc/arm-none-eabi/13.3.1/../../../../arm-none-eabi/lib/thumb/v6-m/nofp/libc_nano.a(libc_a-strtoul.o)
 .ARM.attributes
                0x00000a18       0x2c /opt/st/stm32cubeide_1.18.0/plugins/com.st.stm32cube.ide.mcu.externaltools.gnu-tools-for-stm32.13.3.rel1.linux64_1.0.0.202410170706/tools/bin/../lib/gcc/arm-none-eabi/13.3.1/../../../../arm-none-eabi/lib/thumb/v6-m/nofp/libc_nano.a(libc_a-msizer.o)
 .ARM.attributes
                0x00000a44       0x1e /opt/st/stm32cubeide_1.18.0/plugins/com.st.stm32cube.ide.mcu.externaltools.gnu-tools-for-stm32.13.3.rel1.linux64_1.0.0.202410170706/tools/bin/../lib/gcc/arm-none-eabi/13.3.1/thumb/v6-m/nofp/libgcc.a(_thumb1_case_shi.o)
 .ARM.attributes
                0x00000a62       0x1e /opt/st/stm32cubeide_1.18.0/plugins/com.st.stm32cube.ide.mcu.externaltools.gnu-tools-for-stm32.13.3.rel1.linux64_1.0.0.202410170706/tools/bin/../lib/gcc/arm-none-eabi/13.3.1/thumb/v6-m/nofp/libgcc.a(_udivsi3.o)
 .ARM.attributes
                0x00000a80       0x1e /opt/st/stm32cubeide_1.18.0/plugins/com.st.stm32cube.ide.mcu.externaltools.gnu-tools-for-stm32.13.3.rel1.linux64_1.0.0.202410170706/tools/bin/../lib/gcc/arm-none-eabi/13.3.1/thumb/v6-m/nofp/libgcc.a(_dvmd_tls.o)
 .ARM.attributes
                0x00000a9e       0x1e /opt/st/stm32cubeide_1.18.0/plugins/com.st.stm32cube.ide.mcu.externaltools.gnu-tools-for-stm32.13.3.rel1.linux64_1.0.0.202410170706/tools/bin/../lib/gcc/arm-none-eabi/13.3.1/thumb/v6-m/nofp/crtn.o
OUTPUT(my1004c.elf elf32-littlearm)
LOAD linker stubs
LOAD /opt/st/stm32cubeide_1.18.0/plugins/com.st.stm32cube.ide.mcu.externaltools.gnu-tools-for-stm32.13.3.rel1.linux64_1.0.0.202410170706/tools/bin/../lib/gcc/arm-none-eabi/13.3.1/../../../../arm-none-eabi/lib/thumb/v6-m/nofp/libc.a
LOAD /opt/st/stm32cubeide_1.18.0/plugins/com.st.stm32cube.ide.mcu.externaltools.gnu-tools-for-stm32.13.3.rel1.linux64_1.0.0.202410170706/tools/bin/../lib/gcc/arm-none-eabi/13.3.1/../../../../arm-none-eabi/lib/thumb/v6-m/nofp/libm.a
LOAD /opt/st/stm32cubeide_1.18.0/plugins/com.st.stm32cube.ide.mcu.externaltools.gnu-tools-for-stm32.13.3.rel1.linux64_1.0.0.202410170706/tools/bin/../lib/gcc/arm-none-eabi/13.3.1/thumb/v6-m/nofp/libgcc.a

.debug_info     0x00000000    0x175c5
 .debug_info    0x00000000     0x2e2b ./Core/Src/main.o
 .debug_info    0x00002e2b      0x5c4 ./Core/Src/stm32l0xx_it.o
 .debug_info    0x000033ef      0x17f ./Core/Src/sysmem.o
 .debug_info    0x0000356e      0x306 ./Core/Src/system_stm32l0xx.o
 .debug_info    0x00003874       0x30 ./Core/Startup/startup_stm32l041g6uxs.o
 .debug_info    0x000038a4      0x4d1 ./Drivers/STM32L0xx_HAL_Driver/Src/stm32l0xx_ll_exti.o
 .debug_info    0x00003d75      0x786 ./Drivers/STM32L0xx_HAL_Driver/Src/stm32l0xx_ll_gpio.o
 .debug_info    0x000044fb      0x6ed ./Drivers/STM32L0xx_HAL_Driver/Src/stm32l0xx_ll_i2c.o
 .debug_info    0x00004be8      0xa5d ./Drivers/STM32L0xx_HAL_Driver/Src/stm32l0xx_ll_rcc.o
 .debug_info    0x00005645     0x17b4 ./Drivers/STM32L0xx_HAL_Driver/Src/stm32l0xx_ll_rtc.o
 .debug_info    0x00006df9      0x49b ./Drivers/STM32L0xx_HAL_Driver/Src/stm32l0xx_ll_spi.o
 .debug_info    0x00007294      0x749 ./Drivers/STM32L0xx_HAL_Driver/Src/stm32l0xx_ll_usart.o
 .debug_info    0x000079dd      0xb5a ./Drivers/STM32L0xx_HAL_Driver/Src/stm32l0xx_ll_utils.o
 .debug_info    0x00008537      0x136 ./Port/deca_sleep.o
 .debug_info    0x0000866d      0x7db ./Port/deca_spi.o
 .debug_info    0x00008e48      0x55f ./Port/deca_uart.o
 .debug_info    0x000093a7     0x32f3 ./Port/port_platform.o
 .debug_info    0x0000c69a      0x6f8 ./cmd/cmd.o
 .debug_info    0x0000cd92     0x1346 ./cmd/cmd_fn.o
 .debug_info    0x0000e0d8      0x3f8 ./cmd/cmd_uart_rx.o
 .debug_info    0x0000e4d0      0x82b ./config/config.o
 .debug_info    0x0000ecfb     0x4542 ./deca_driver/deca_device.o
 .debug_info    0x0001323d      0x2bc ./deca_driver/deca_params_init.o
 .debug_info    0x000134f9      0xea1 ./instance/instance.o
 .debug_info    0x0001439a     0x291c ./mems/lis3dh.o
 .debug_info    0x00016cb6      0x223 ./utils/translate.o
 .debug_info    0x00016ed9      0x6ec ./utils/tvc.o

.debug_abbrev   0x00000000     0x3dd8
 .debug_abbrev  0x00000000      0x4be ./Core/Src/main.o
 .debug_abbrev  0x000004be      0x1ed ./Core/Src/stm32l0xx_it.o
 .debug_abbrev  0x000006ab       0xeb ./Core/Src/sysmem.o
 .debug_abbrev  0x00000796      0x138 ./Core/Src/system_stm32l0xx.o
 .debug_abbrev  0x000008ce       0x24 ./Core/Startup/startup_stm32l041g6uxs.o
 .debug_abbrev  0x000008f2      0x1b4 ./Drivers/STM32L0xx_HAL_Driver/Src/stm32l0xx_ll_exti.o
 .debug_abbrev  0x00000aa6      0x21d ./Drivers/STM32L0xx_HAL_Driver/Src/stm32l0xx_ll_gpio.o
 .debug_abbrev  0x00000cc3      0x1d0 ./Drivers/STM32L0xx_HAL_Driver/Src/stm32l0xx_ll_i2c.o
 .debug_abbrev  0x00000e93      0x2bf ./Drivers/STM32L0xx_HAL_Driver/Src/stm32l0xx_ll_rcc.o
 .debug_abbrev  0x00001152      0x331 ./Drivers/STM32L0xx_HAL_Driver/Src/stm32l0xx_ll_rtc.o
 .debug_abbrev  0x00001483      0x1e7 ./Drivers/STM32L0xx_HAL_Driver/Src/stm32l0xx_ll_spi.o
 .debug_abbrev  0x0000166a      0x2a0 ./Drivers/STM32L0xx_HAL_Driver/Src/stm32l0xx_ll_usart.o
 .debug_abbrev  0x0000190a      0x316 ./Drivers/STM32L0xx_HAL_Driver/Src/stm32l0xx_ll_utils.o
 .debug_abbrev  0x00001c20       0xc4 ./Port/deca_sleep.o
 .debug_abbrev  0x00001ce4      0x209 ./Port/deca_spi.o
 .debug_abbrev  0x00001eed      0x288 ./Port/deca_uart.o
 .debug_abbrev  0x00002175      0x5a9 ./Port/port_platform.o
 .debug_abbrev  0x0000271e      0x243 ./cmd/cmd.o
 .debug_abbrev  0x00002961      0x291 ./cmd/cmd_fn.o
 .debug_abbrev  0x00002bf2      0x1a1 ./cmd/cmd_uart_rx.o
 .debug_abbrev  0x00002d93      0x33c ./config/config.o
 .debug_abbrev  0x000030cf      0x307 ./deca_driver/deca_device.o
 .debug_abbrev  0x000033d6       0x96 ./deca_driver/deca_params_init.o
 .debug_abbrev  0x0000346c      0x3a1 ./instance/instance.o
 .debug_abbrev  0x0000380d      0x309 ./mems/lis3dh.o
 .debug_abbrev  0x00003b16       0x8d ./utils/translate.o
 .debug_abbrev  0x00003ba3      0x235 ./utils/tvc.o

.debug_loclists
                0x00000000     0x81cb
 .debug_loclists
                0x00000000      0x6a8 ./Core/Src/main.o
 .debug_loclists
                0x000006a8       0x74 ./Core/Src/stm32l0xx_it.o
 .debug_loclists
                0x0000071c       0x6d ./Core/Src/sysmem.o
 .debug_loclists
                0x00000789      0x127 ./Core/Src/system_stm32l0xx.o
 .debug_loclists
                0x000008b0      0x1d3 ./Drivers/STM32L0xx_HAL_Driver/Src/stm32l0xx_ll_exti.o
 .debug_loclists
                0x00000a83      0x242 ./Drivers/STM32L0xx_HAL_Driver/Src/stm32l0xx_ll_gpio.o
 .debug_loclists
                0x00000cc5      0x19e ./Drivers/STM32L0xx_HAL_Driver/Src/stm32l0xx_ll_i2c.o
 .debug_loclists
                0x00000e63      0x33d ./Drivers/STM32L0xx_HAL_Driver/Src/stm32l0xx_ll_rcc.o
 .debug_loclists
                0x000011a0      0xbea ./Drivers/STM32L0xx_HAL_Driver/Src/stm32l0xx_ll_rtc.o
 .debug_loclists
                0x00001d8a      0x115 ./Drivers/STM32L0xx_HAL_Driver/Src/stm32l0xx_ll_spi.o
 .debug_loclists
                0x00001e9f      0x362 ./Drivers/STM32L0xx_HAL_Driver/Src/stm32l0xx_ll_usart.o
 .debug_loclists
                0x00002201      0x4a6 ./Drivers/STM32L0xx_HAL_Driver/Src/stm32l0xx_ll_utils.o
 .debug_loclists
                0x000026a7       0x3b ./Port/deca_sleep.o
 .debug_loclists
                0x000026e2      0x33e ./Port/deca_spi.o
 .debug_loclists
                0x00002a20      0x19c ./Port/deca_uart.o
 .debug_loclists
                0x00002bbc      0xd40 ./Port/port_platform.o
 .debug_loclists
                0x000038fc      0x12a ./cmd/cmd.o
 .debug_loclists
                0x00003a26      0x7d1 ./cmd/cmd_fn.o
 .debug_loclists
                0x000041f7      0x178 ./cmd/cmd_uart_rx.o
 .debug_loclists
                0x0000436f       0xf3 ./config/config.o
 .debug_loclists
                0x00004462     0x1bd3 ./deca_driver/deca_device.o
 .debug_loclists
                0x00006035      0x2a4 ./instance/instance.o
 .debug_loclists
                0x000062d9     0x16e9 ./mems/lis3dh.o
 .debug_loclists
                0x000079c2      0x38b ./utils/translate.o
 .debug_loclists
                0x00007d4d      0x47e ./utils/tvc.o

.debug_aranges  0x00000000      0xc98
 .debug_aranges
                0x00000000       0x68 ./Core/Src/main.o
 .debug_aranges
                0x00000068       0x60 ./Core/Src/stm32l0xx_it.o
 .debug_aranges
                0x000000c8       0x20 ./Core/Src/sysmem.o
 .debug_aranges
                0x000000e8       0x28 ./Core/Src/system_stm32l0xx.o
 .debug_aranges
                0x00000110       0x28 ./Core/Startup/startup_stm32l041g6uxs.o
 .debug_aranges
                0x00000138       0x30 ./Drivers/STM32L0xx_HAL_Driver/Src/stm32l0xx_ll_exti.o
 .debug_aranges
                0x00000168       0x30 ./Drivers/STM32L0xx_HAL_Driver/Src/stm32l0xx_ll_gpio.o
 .debug_aranges
                0x00000198       0x30 ./Drivers/STM32L0xx_HAL_Driver/Src/stm32l0xx_ll_i2c.o
 .debug_aranges
                0x000001c8       0x70 ./Drivers/STM32L0xx_HAL_Driver/Src/stm32l0xx_ll_rcc.o
 .debug_aranges
                0x00000238       0x88 ./Drivers/STM32L0xx_HAL_Driver/Src/stm32l0xx_ll_rtc.o
 .debug_aranges
                0x000002c0       0x30 ./Drivers/STM32L0xx_HAL_Driver/Src/stm32l0xx_ll_spi.o
 .debug_aranges
                0x000002f0       0x48 ./Drivers/STM32L0xx_HAL_Driver/Src/stm32l0xx_ll_usart.o
 .debug_aranges
                0x00000338       0x60 ./Drivers/STM32L0xx_HAL_Driver/Src/stm32l0xx_ll_utils.o
 .debug_aranges
                0x00000398       0x20 ./Port/deca_sleep.o
 .debug_aranges
                0x000003b8       0x38 ./Port/deca_spi.o
 .debug_aranges
                0x000003f0       0x48 ./Port/deca_uart.o
 .debug_aranges
                0x00000438      0x140 ./Port/port_platform.o
 .debug_aranges
                0x00000578       0x28 ./cmd/cmd.o
 .debug_aranges
                0x000005a0       0xc8 ./cmd/cmd_fn.o
 .debug_aranges
                0x00000668       0x28 ./cmd/cmd_uart_rx.o
 .debug_aranges
                0x00000690       0x58 ./config/config.o
 .debug_aranges
                0x000006e8      0x358 ./deca_driver/deca_device.o
 .debug_aranges
                0x00000a40       0x18 ./deca_driver/deca_params_init.o
 .debug_aranges
                0x00000a58       0x70 ./instance/instance.o
 .debug_aranges
                0x00000ac8      0x120 ./mems/lis3dh.o
 .debug_aranges
                0x00000be8       0x68 ./utils/translate.o
 .debug_aranges
                0x00000c50       0x48 ./utils/tvc.o

.debug_rnglists
                0x00000000      0xace
 .debug_rnglists
                0x00000000       0x68 ./Core/Src/main.o
 .debug_rnglists
                0x00000068       0x43 ./Core/Src/stm32l0xx_it.o
 .debug_rnglists
                0x000000ab       0x13 ./Core/Src/sysmem.o
 .debug_rnglists
                0x000000be       0x1a ./Core/Src/system_stm32l0xx.o
 .debug_rnglists
                0x000000d8       0x19 ./Core/Startup/startup_stm32l041g6uxs.o
 .debug_rnglists
                0x000000f1       0x5c ./Drivers/STM32L0xx_HAL_Driver/Src/stm32l0xx_ll_exti.o
 .debug_rnglists
                0x0000014d       0x45 ./Drivers/STM32L0xx_HAL_Driver/Src/stm32l0xx_ll_gpio.o
 .debug_rnglists
                0x00000192       0x2b ./Drivers/STM32L0xx_HAL_Driver/Src/stm32l0xx_ll_i2c.o
 .debug_rnglists
                0x000001bd       0x52 ./Drivers/STM32L0xx_HAL_Driver/Src/stm32l0xx_ll_rcc.o
 .debug_rnglists
                0x0000020f       0x7d ./Drivers/STM32L0xx_HAL_Driver/Src/stm32l0xx_ll_rtc.o
 .debug_rnglists
                0x0000028c       0x2b ./Drivers/STM32L0xx_HAL_Driver/Src/stm32l0xx_ll_spi.o
 .debug_rnglists
                0x000002b7       0x4a ./Drivers/STM32L0xx_HAL_Driver/Src/stm32l0xx_ll_usart.o
 .debug_rnglists
                0x00000301       0x6a ./Drivers/STM32L0xx_HAL_Driver/Src/stm32l0xx_ll_utils.o
 .debug_rnglists
                0x0000036b       0x13 ./Port/deca_sleep.o
 .debug_rnglists
                0x0000037e       0x57 ./Port/deca_spi.o
 .debug_rnglists
                0x000003d5       0x32 ./Port/deca_uart.o
 .debug_rnglists
                0x00000407      0x109 ./Port/port_platform.o
 .debug_rnglists
                0x00000510       0x1a ./cmd/cmd.o
 .debug_rnglists
                0x0000052a       0x93 ./cmd/cmd_fn.o
 .debug_rnglists
                0x000005bd       0x1a ./cmd/cmd_uart_rx.o
 .debug_rnglists
                0x000005d7       0x49 ./config/config.o
 .debug_rnglists
                0x00000620      0x28b ./deca_driver/deca_device.o
 .debug_rnglists
                0x000008ab       0x61 ./instance/instance.o
 .debug_rnglists
                0x0000090c      0x146 ./mems/lis3dh.o
 .debug_rnglists
                0x00000a52       0x49 ./utils/translate.o
 .debug_rnglists
                0x00000a9b       0x33 ./utils/tvc.o

.debug_macro    0x00000000    0x149e6
 .debug_macro   0x00000000      0x3a8 ./Core/Src/main.o
 .debug_macro   0x000003a8      0xaf0 ./Core/Src/main.o
 .debug_macro   0x00000e98       0x2e ./Core/Src/main.o
 .debug_macro   0x00000ec6       0x28 ./Core/Src/main.o
 .debug_macro   0x00000eee       0x22 ./Core/Src/main.o
 .debug_macro   0x00000f10       0x8e ./Core/Src/main.o
 .debug_macro   0x00000f9e       0x51 ./Core/Src/main.o
 .debug_macro   0x00000fef      0x103 ./Core/Src/main.o
 .debug_macro   0x000010f2       0x6a ./Core/Src/main.o
 .debug_macro   0x0000115c      0x1df ./Core/Src/main.o
 .debug_macro   0x0000133b       0x1c ./Core/Src/main.o
 .debug_macro   0x00001357       0x22 ./Core/Src/main.o
 .debug_macro   0x00001379       0xaf ./Core/Src/main.o
 .debug_macro   0x00001428      0x3ad ./Core/Src/main.o
 .debug_macro   0x000017d5     0x8398 ./Core/Src/main.o
 .debug_macro   0x00009b6d       0x66 ./Core/Src/main.o
 .debug_macro   0x00009bd3       0x59 ./Core/Src/main.o
 .debug_macro   0x00009c2c      0x24d ./Core/Src/main.o
 .debug_macro   0x00009e79      0x3b4 ./Core/Src/main.o
 .debug_macro   0x0000a22d       0xbb ./Core/Src/main.o
 .debug_macro   0x0000a2e8      0x14b ./Core/Src/main.o
 .debug_macro   0x0000a433      0x108 ./Core/Src/main.o
 .debug_macro   0x0000a53b       0x16 ./Core/Src/main.o
 .debug_macro   0x0000a551       0x2a ./Core/Src/main.o
 .debug_macro   0x0000a57b       0xce ./Core/Src/main.o
 .debug_macro   0x0000a649      0x303 ./Core/Src/main.o
 .debug_macro   0x0000a94c      0x421 ./Core/Src/main.o
 .debug_macro   0x0000ad6d      0x129 ./Core/Src/main.o
 .debug_macro   0x0000ae96      0x2f7 ./Core/Src/main.o
 .debug_macro   0x0000b18d      0x12d ./Core/Src/main.o
 .debug_macro   0x0000b2ba       0xc4 ./Core/Src/main.o
 .debug_macro   0x0000b37e       0xd0 ./Core/Src/main.o
 .debug_macro   0x0000b44e       0x22 ./Core/Src/main.o
 .debug_macro   0x0000b470       0x61 ./Core/Src/main.o
 .debug_macro   0x0000b4d1       0x24 ./Core/Src/main.o
 .debug_macro   0x0000b4f5       0x43 ./Core/Src/main.o
 .debug_macro   0x0000b538       0x34 ./Core/Src/main.o
 .debug_macro   0x0000b56c       0x16 ./Core/Src/main.o
 .debug_macro   0x0000b582       0x9e ./Core/Src/main.o
 .debug_macro   0x0000b620      0x370 ./Core/Src/main.o
 .debug_macro   0x0000b990      0x112 ./Core/Src/main.o
 .debug_macro   0x0000baa2       0x10 ./Core/Src/main.o
 .debug_macro   0x0000bab2       0x16 ./Core/Src/main.o
 .debug_macro   0x0000bac8       0x4a ./Core/Src/main.o
 .debug_macro   0x0000bb12       0x34 ./Core/Src/main.o
 .debug_macro   0x0000bb46       0x10 ./Core/Src/main.o
 .debug_macro   0x0000bb56       0x58 ./Core/Src/main.o
 .debug_macro   0x0000bbae       0x8e ./Core/Src/main.o
 .debug_macro   0x0000bc3c       0x1c ./Core/Src/main.o
 .debug_macro   0x0000bc58      0x185 ./Core/Src/main.o
 .debug_macro   0x0000bddd       0x16 ./Core/Src/main.o
 .debug_macro   0x0000bdf3       0x16 ./Core/Src/main.o
 .debug_macro   0x0000be09      0x146 ./Core/Src/main.o
 .debug_macro   0x0000bf4f       0x16 ./Core/Src/main.o
 .debug_macro   0x0000bf65       0x3c ./Core/Src/main.o
 .debug_macro   0x0000bfa1       0x20 ./Core/Src/main.o
 .debug_macro   0x0000bfc1       0x10 ./Core/Src/main.o
 .debug_macro   0x0000bfd1       0x1c ./Core/Src/main.o
 .debug_macro   0x0000bfed       0x52 ./Core/Src/main.o
 .debug_macro   0x0000c03f       0x22 ./Core/Src/main.o
 .debug_macro   0x0000c061       0x10 ./Core/Src/main.o
 .debug_macro   0x0000c071       0x52 ./Core/Src/main.o
 .debug_macro   0x0000c0c3       0xc1 ./Core/Src/main.o
 .debug_macro   0x0000c184       0x1c ./Core/Src/main.o
 .debug_macro   0x0000c1a0       0x3d ./Core/Src/main.o
 .debug_macro   0x0000c1dd       0x2e ./Core/Src/main.o
 .debug_macro   0x0000c20b       0xe1 ./Core/Src/main.o
 .debug_macro   0x0000c2ec       0x94 ./Core/Src/main.o
 .debug_macro   0x0000c380       0x16 ./Core/Src/main.o
 .debug_macro   0x0000c396     0x1863 ./Core/Src/main.o
 .debug_macro   0x0000dbf9      0x2d2 ./Core/Src/main.o
 .debug_macro   0x0000decb       0x70 ./Core/Src/main.o
 .debug_macro   0x0000df3b       0x46 ./Core/Src/main.o
 .debug_macro   0x0000df81       0x16 ./Core/Src/main.o
 .debug_macro   0x0000df97       0x1c ./Core/Src/main.o
 .debug_macro   0x0000dfb3      0x161 ./Core/Src/stm32l0xx_it.o
 .debug_macro   0x0000e114      0x112 ./Core/Src/sysmem.o
 .debug_macro   0x0000e226      0x23c ./Core/Src/sysmem.o
 .debug_macro   0x0000e462       0xba ./Core/Src/system_stm32l0xx.o
 .debug_macro   0x0000e51c       0xe1 ./Drivers/STM32L0xx_HAL_Driver/Src/stm32l0xx_ll_exti.o
 .debug_macro   0x0000e5fd      0x102 ./Drivers/STM32L0xx_HAL_Driver/Src/stm32l0xx_ll_exti.o
 .debug_macro   0x0000e6ff       0xfc ./Drivers/STM32L0xx_HAL_Driver/Src/stm32l0xx_ll_gpio.o
 .debug_macro   0x0000e7fb      0x127 ./Drivers/STM32L0xx_HAL_Driver/Src/stm32l0xx_ll_gpio.o
 .debug_macro   0x0000e922       0xfc ./Drivers/STM32L0xx_HAL_Driver/Src/stm32l0xx_ll_i2c.o
 .debug_macro   0x0000ea1e      0x247 ./Drivers/STM32L0xx_HAL_Driver/Src/stm32l0xx_ll_i2c.o
 .debug_macro   0x0000ec65       0xe7 ./Drivers/STM32L0xx_HAL_Driver/Src/stm32l0xx_ll_rcc.o
 .debug_macro   0x0000ed4c      0x3ae ./Drivers/STM32L0xx_HAL_Driver/Src/stm32l0xx_ll_rcc.o
 .debug_macro   0x0000f0fa      0x156 ./Drivers/STM32L0xx_HAL_Driver/Src/stm32l0xx_ll_rtc.o
 .debug_macro   0x0000f250      0x41b ./Drivers/STM32L0xx_HAL_Driver/Src/stm32l0xx_ll_rtc.o
 .debug_macro   0x0000f66b      0x123 ./Drivers/STM32L0xx_HAL_Driver/Src/stm32l0xx_ll_spi.o
 .debug_macro   0x0000f78e      0x123 ./Drivers/STM32L0xx_HAL_Driver/Src/stm32l0xx_ll_spi.o
 .debug_macro   0x0000f8b1      0x12f ./Drivers/STM32L0xx_HAL_Driver/Src/stm32l0xx_ll_usart.o
 .debug_macro   0x0000f9e0      0x2f1 ./Drivers/STM32L0xx_HAL_Driver/Src/stm32l0xx_ll_usart.o
 .debug_macro   0x0000fcd1      0x162 ./Drivers/STM32L0xx_HAL_Driver/Src/stm32l0xx_ll_utils.o
 .debug_macro   0x0000fe33      0x2db ./Port/deca_sleep.o
 .debug_macro   0x0001010e      0x2f6 ./Port/deca_sleep.o
 .debug_macro   0x00010404       0x10 ./Port/deca_sleep.o
 .debug_macro   0x00010414      0x2f6 ./Port/deca_spi.o
 .debug_macro   0x0001070a       0x10 ./Port/deca_spi.o
 .debug_macro   0x0001071a      0x310 ./Port/deca_uart.o
 .debug_macro   0x00010a2a       0x6a ./Port/deca_uart.o
 .debug_macro   0x00010a94      0x398 ./Port/port_platform.o
 .debug_macro   0x00010e2c       0x7c ./Port/port_platform.o
 .debug_macro   0x00010ea8       0x17 ./Port/port_platform.o
 .debug_macro   0x00010ebf      0x118 ./Port/port_platform.o
 .debug_macro   0x00010fd7     0x1869 ./Port/port_platform.o
 .debug_macro   0x00012840       0x6a ./Port/port_platform.o
 .debug_macro   0x000128aa      0x386 ./cmd/cmd.o
 .debug_macro   0x00012c30      0x119 ./cmd/cmd.o
 .debug_macro   0x00012d49       0x16 ./cmd/cmd.o
 .debug_macro   0x00012d5f       0x10 ./cmd/cmd.o
 .debug_macro   0x00012d6f      0x375 ./cmd/cmd_fn.o