../Drivers/CMSIS/Include/core_cm0plus.h:741:22:__NVIC_EnableIRQ	16	static
../Drivers/CMSIS/Include/core_cm0plus.h:848:22:__NVIC_SetPriority	24	static
../Drivers/STM32L0xx_HAL_Driver/Inc/stm32l0xx_ll_crc.h:172:22:LL_CRC_SetPolynomialSize	16	static
../Drivers/STM32L0xx_HAL_Driver/Inc/stm32l0xx_ll_crc.h:203:22:LL_CRC_SetInputDataReverseMode	16	static
../Drivers/STM32L0xx_HAL_Driver/Inc/stm32l0xx_ll_crc.h:232:22:LL_CRC_SetOutputDataReverseMode	16	static
../Drivers/STM32L0xx_HAL_Driver/Inc/stm32l0xx_ll_crc.h:260:22:LL_CRC_SetInitialData	16	static
../Drivers/STM32L0xx_HAL_Driver/Inc/stm32l0xx_ll_crc.h:290:22:LL_CRC_SetPolynomialCoef	16	static
../Drivers/STM32L0xx_HAL_Driver/Inc/stm32l0xx_ll_i2c.h:644:22:LL_I2C_EnableClockStretching	16	static
../Drivers/STM32L0xx_HAL_Driver/Inc/stm32l0xx_ll_i2c.h:764:22:LL_I2C_DisableGeneralCall	16	static
../Drivers/STM32L0xx_HAL_Driver/Inc/stm32l0xx_ll_i2c.h:875:22:LL_I2C_SetOwnAddress2	24	static
../Drivers/STM32L0xx_HAL_Driver/Inc/stm32l0xx_ll_i2c.h:897:22:LL_I2C_DisableOwnAddress2	16	static
../Drivers/STM32L0xx_HAL_Driver/Inc/stm32l0xx_ll_i2c.h:1879:22:LL_I2C_EnableAutoEndMode	16	static
../Drivers/STM32L0xx_HAL_Driver/Inc/stm32l0xx_ll_iwdg.h:141:22:LL_IWDG_Enable	16	static
../Drivers/STM32L0xx_HAL_Driver/Inc/stm32l0xx_ll_iwdg.h:152:22:LL_IWDG_ReloadCounter	16	static
../Drivers/STM32L0xx_HAL_Driver/Inc/stm32l0xx_ll_iwdg.h:163:22:LL_IWDG_EnableWriteAccess	16	static
../Drivers/STM32L0xx_HAL_Driver/Inc/stm32l0xx_ll_iwdg.h:193:22:LL_IWDG_SetPrescaler	16	static
../Drivers/STM32L0xx_HAL_Driver/Inc/stm32l0xx_ll_iwdg.h:223:22:LL_IWDG_SetReloadCounter	16	static
../Drivers/STM32L0xx_HAL_Driver/Inc/stm32l0xx_ll_iwdg.h:311:26:LL_IWDG_IsReady	16	static
../Drivers/STM32L0xx_HAL_Driver/Inc/stm32l0xx_ll_rcc.h:780:22:LL_RCC_HSI_Enable	8	static
../Drivers/STM32L0xx_HAL_Driver/Inc/stm32l0xx_ll_rcc.h:800:26:LL_RCC_HSI_IsReady	8	static
../Drivers/STM32L0xx_HAL_Driver/Inc/stm32l0xx_ll_rcc.h:891:22:LL_RCC_HSI_SetCalibTrimming	16	static
../Drivers/STM32L0xx_HAL_Driver/Inc/stm32l0xx_ll_rcc.h:1123:22:LL_RCC_LSI_Enable	8	static
../Drivers/STM32L0xx_HAL_Driver/Inc/stm32l0xx_ll_rcc.h:1143:26:LL_RCC_LSI_IsReady	8	static
../Drivers/STM32L0xx_HAL_Driver/Inc/stm32l0xx_ll_rcc.h:1273:22:LL_RCC_SetSysClkSource	16	static
../Drivers/STM32L0xx_HAL_Driver/Inc/stm32l0xx_ll_rcc.h:1287:26:LL_RCC_GetSysClkSource	8	static
../Drivers/STM32L0xx_HAL_Driver/Inc/stm32l0xx_ll_rcc.h:1307:22:LL_RCC_SetAHBPrescaler	16	static
../Drivers/STM32L0xx_HAL_Driver/Inc/stm32l0xx_ll_rcc.h:1323:22:LL_RCC_SetAPB1Prescaler	16	static
../Drivers/STM32L0xx_HAL_Driver/Inc/stm32l0xx_ll_rcc.h:1339:22:LL_RCC_SetAPB2Prescaler	16	static
../Drivers/STM32L0xx_HAL_Driver/Inc/stm32l0xx_ll_rcc.h:1401:22:LL_RCC_SetClkAfterWakeFromStop	16	static
../Drivers/STM32L0xx_HAL_Driver/Inc/stm32l0xx_ll_rcc.h:1479:22:LL_RCC_SetUSARTClockSource	16	static
../Drivers/STM32L0xx_HAL_Driver/Inc/stm32l0xx_ll_rcc.h:1513:22:LL_RCC_SetI2CClockSource	16	static
../Drivers/STM32L0xx_HAL_Driver/Inc/stm32l0xx_ll_rcc.h:1700:22:LL_RCC_SetRTCClockSource	16	static
../Drivers/STM32L0xx_HAL_Driver/Inc/stm32l0xx_ll_rcc.h:1714:26:LL_RCC_GetRTCClockSource	8	static
../Drivers/STM32L0xx_HAL_Driver/Inc/stm32l0xx_ll_rcc.h:1724:22:LL_RCC_EnableRTC	8	static
../Drivers/STM32L0xx_HAL_Driver/Inc/stm32l0xx_ll_rcc.h:1754:22:LL_RCC_ForceBackupDomainReset	8	static
../Drivers/STM32L0xx_HAL_Driver/Inc/stm32l0xx_ll_rcc.h:1764:22:LL_RCC_ReleaseBackupDomainReset	8	static
../Drivers/STM32L0xx_HAL_Driver/Inc/stm32l0xx_ll_bus.h:222:22:LL_AHB1_GRP1_EnableClock	24	static
../Drivers/STM32L0xx_HAL_Driver/Inc/stm32l0xx_ll_bus.h:438:22:LL_APB1_GRP1_EnableClock	24	static
../Drivers/STM32L0xx_HAL_Driver/Inc/stm32l0xx_ll_bus.h:784:22:LL_APB2_GRP1_EnableClock	24	static
../Drivers/STM32L0xx_HAL_Driver/Inc/stm32l0xx_ll_bus.h:985:22:LL_IOP_GRP1_EnableClock	24	static
../Drivers/STM32L0xx_HAL_Driver/Inc/stm32l0xx_ll_system.h:651:22:LL_SYSCFG_SetEXTISource	24	static
../Drivers/STM32L0xx_HAL_Driver/Inc/stm32l0xx_ll_system.h:913:22:LL_FLASH_SetLatency	16	static
../Drivers/STM32L0xx_HAL_Driver/Inc/stm32l0xx_ll_system.h:925:26:LL_FLASH_GetLatency	8	static
../Drivers/STM32L0xx_HAL_Driver/Inc/stm32l0xx_ll_cortex.h:231:22:LL_SYSTICK_SetClkSource	16	static
../Drivers/STM32L0xx_HAL_Driver/Inc/stm32l0xx_ll_pwr.h:271:22:LL_PWR_SetRegulVoltageScaling	16	static
../Drivers/STM32L0xx_HAL_Driver/Inc/stm32l0xx_ll_pwr.h:294:22:LL_PWR_EnableBkUpAccess	8	static
../Drivers/STM32L0xx_HAL_Driver/Inc/stm32l0xx_ll_pwr.h:678:26:LL_PWR_IsActiveFlag_VOS	8	static
../Drivers/STM32L0xx_HAL_Driver/Inc/stm32l0xx_ll_rtc.h:2879:22:LL_RTC_WAKEUP_SetClock	16	static
../Drivers/STM32L0xx_HAL_Driver/Inc/stm32l0xx_ll_spi.h:310:22:LL_SPI_Enable	16	static
../Drivers/STM32L0xx_HAL_Driver/Inc/stm32l0xx_ll_spi.h:378:22:LL_SPI_SetStandard	16	static
../Drivers/STM32L0xx_HAL_Driver/Inc/stm32l0xx_ll_usart.h:541:22:LL_USART_Enable	16	static
../Drivers/STM32L0xx_HAL_Driver/Inc/stm32l0xx_ll_usart.h:2293:22:LL_USART_ConfigAsyncMode	16	static
../Drivers/STM32L0xx_HAL_Driver/Inc/stm32l0xx_ll_usart.h:3001:22:LL_USART_EnableIT_RXNE	32	static,ignoring_inline_asm
../Drivers/STM32L0xx_HAL_Driver/Inc/stm32l0xx_ll_usart.h:3034:22:LL_USART_EnableIT_PE	32	static,ignoring_inline_asm
../Drivers/STM32L0xx_HAL_Driver/Inc/stm32l0xx_ll_usart.h:3097:22:LL_USART_EnableIT_ERROR	32	static,ignoring_inline_asm
../Drivers/STM32L0xx_HAL_Driver/Inc/stm32l0xx_ll_gpio.h:269:22:LL_GPIO_SetPinMode	24	static
../Drivers/STM32L0xx_HAL_Driver/Inc/stm32l0xx_ll_gpio.h:477:22:LL_GPIO_SetPinPull	24	static
../Drivers/STM32L0xx_HAL_Driver/Inc/stm32l0xx_ll_gpio.h:843:22:LL_GPIO_SetOutputPin	16	static
../Core/Src/main.c:88:5:inittestapplication	24	static
../Core/Src/main.c:157:5:main	16	static,ignoring_inline_asm
../Core/Src/main.c:260:6:SystemClock_Config	8	static
../Core/Src/main.c:316:13:MX_CRC_Init	8	static
../Core/Src/main.c:345:13:MX_I2C1_Init	72	static
../Core/Src/main.c:410:13:MX_IWDG_Init	8	static
../Core/Src/main.c:440:13:MX_RTC_Init	24	static
../Core/Src/main.c:484:13:MX_SPI1_Init	80	static
../Core/Src/main.c:556:13:MX_USART2_UART_Init	72	static
../Core/Src/main.c:621:13:MX_GPIO_Init	48	static
../Core/Src/main.c:801:6:Error_Handler	8	static,ignoring_inline_asm
