../instance/instance.c:350:6:instance_txcallback	0	static
../instance/instance.c:360:6:instance_rxgood	0	static
../instance/instance.c:370:6:instance_rxtimeout	0	static
../instance/instance.c:380:6:instance_rxerror	0	static
../instance/instance.c:264:5:instance_init	16	static
../instance/instance.c:326:6:instance_config	16	static
../instance/instance.c:390:5:check_device_id	8	static
../instance/instance.c:529:8:ulong2littleEndian	0	static
../instance/instance.c:143:6:instancesettagaddress	24	static
../instance/instance.c:173:5:testapprun	16	static
../instance/instance.c:428:5:instance_run	16	static
