../Core/Src/main.c:316:13:MX_CRC_Init	8	static
../Core/Src/main.c:410:13:MX_IWDG_Init	0	static
../Core/Src/main.c:621:13:MX_GPIO_Init	80	static
../Core/Src/main.c:440:13:MX_RTC_Init	24	static
../Core/Src/main.c:484:13:MX_SPI1_Init	96	static
../Core/Src/main.c:556:13:MX_USART2_UART_Init	80	static,ignoring_inline_asm
../Core/Src/main.c:345:13:MX_I2C1_Init	88	static
../Core/Src/main.c:260:6:SystemClock_Config	8	static
../Core/Src/main.c:801:6:Error_Handler	0	static,ignoring_inline_asm
../Core/Src/main.c:88:5:inittestapplication	16	static
../Core/Src/main.c:157:5:main	24	static,ignoring_inline_asm
