../Core/Src/main.c:301:13:MX_CRC_Init	8	static
../Core/Src/main.c:395:13:MX_IWDG_Init	0	static
../Core/Src/main.c:606:13:MX_GPIO_Init	80	static
../Core/Src/main.c:425:13:MX_RTC_Init	24	static
../Core/Src/main.c:469:13:MX_SPI1_Init	96	static
../Core/Src/main.c:541:13:MX_USART2_UART_Init	80	static,ignoring_inline_asm
../Core/Src/main.c:330:13:MX_I2C1_Init	88	static
../Core/Src/main.c:245:6:SystemClock_Config	8	static
../Core/Src/main.c:786:6:Error_Handler	0	static,ignoring_inline_asm
../Core/Src/main.c:86:5:inittestapplication	16	static
../Core/Src/main.c:140:5:main	40	static,ignoring_inline_asm
