../Core/Src/stm32l0xx_it.c:69:6:NMI_Handler	0	static
../Core/Src/stm32l0xx_it.c:84:6:HardFault_Handler	0	static
../Core/Src/stm32l0xx_it.c:99:6:SVC_Handler	0	static
../Core/Src/stm32l0xx_it.c:112:6:PendSV_Handler	0	static
../Core/Src/stm32l0xx_it.c:125:6:SysTick_Handler	8	static
../Core/Src/stm32l0xx_it.c:146:6:RTC_IRQHandler	0	static
../Core/Src/stm32l0xx_it.c:163:6:EXTI0_1_IRQHandler	8	static
../Core/Src/stm32l0xx_it.c:183:6:EXTI2_3_IRQHandler	8	static
../Core/Src/stm32l0xx_it.c:210:6:EXTI4_15_IRQHandler	8	static
../Core/Src/stm32l0xx_it.c:232:6:USART2_IRQHandler	8	static
