../Port/port_platform.c:59:6:IncSysTick	0	static
../Port/port_platform.c:70:1:portGetTickCount	0	static
../Port/port_platform.c:75:6:HAL_AdjustTickCount	0	static,ignoring_inline_asm
../Port/port_platform.c:87:6:start_timer	0	static
../Port/port_platform.c:100:6:check_timer	0	static
../Port/port_platform.c:143:6:port_set_dw1000_slowrate	0	static
../Port/port_platform.c:164:6:port_set_dw1000_fastrate	0	static
../Port/port_platform.c:198:17:decamutexon	0	static
../Port/port_platform.c:217:6:decamutexoff	0	static
../Port/port_platform.c:233:6:reset_DW1000	40	static
../Port/port_platform.c:259:6:port_wakeup_dw1000	16	static
../Port/port_platform.c:283:6:LEDS_INVERT	8	static
../Port/port_platform.c:297:6:LEDS_ON	0	static
../Port/port_platform.c:314:6:LEDS_OFF	0	static
../Port/port_platform.c:342:6:lis3dh_power_ON	32	static
../Port/port_platform.c:361:6:lis3dh_power_OFF	32	static
../Port/port_platform.c:375:6:spi_device_init	0	static
../Port/port_platform.c:383:6:spi_transfer_pf	0	static
../Port/port_platform.c:390:6:i2c_slave_read	20	static
../Port/port_platform.c:419:6:lis3dh_configure_int	48	static
../Port/port_platform.c:465:6:GPIO_EXTI3_Callback	0	static
../Port/port_platform.c:471:6:GPIO_EXTI0_Callback	8	static
../Port/port_platform.c:486:6:i2c_slave_write	12	static
../Port/port_platform.c:505:6:Config_SysClk_HSI16	8	static
../Port/port_platform.c:522:6:Config_SysClk_MSI_131	8	static
../Port/port_platform.c:540:6:RTC_DeactivateWakeUpTimer	0	static
../Port/port_platform.c:570:6:RTC_SetWakeUpTimer_IT	0	static
../Port/port_platform.c:644:5:UARTE_StopModeWakeUpSourceConfig	8	static
../Port/port_platform.c:692:6:SystemPower_Config	0	static
../Port/port_platform.c:726:6:PWR_EnterSTOPMode	0	static,ignoring_inline_asm
../Port/port_platform.c:761:6:low_power	24	static,ignoring_inline_asm
../Port/port_platform.c:824:17:HAL_UART_ErrorCallback	0	static
../Port/port_platform.c:846:6:UART2_IRQHandler	16	static,ignoring_inline_asm
../Port/port_platform.c:983:6:vTestModeMotionDetect	8	static,ignoring_inline_asm
../Port/port_platform.c:1016:6:Restart	0	static,ignoring_inline_asm
../Port/port_platform.c:1036:6:SendButton	8	static
../Port/port_platform.c:475:6:GPIO_EXTI4_15_Callback	8	static
