../cmd/cmd_fn.c:86:1:f_txCode	0	static
../cmd/cmd_fn.c:92:1:f_nsSFD	0	static
../cmd/cmd_fn.c:109:1:f_phrMode	0	static
../cmd/cmd_fn.c:114:1:f_sfdTO	0	static
../cmd/cmd_fn.c:119:1:f_smartPowerEn	0	static
../cmd/cmd_fn.c:124:1:f_interval_in_ms	0	static
../cmd/cmd_fn.c:129:1:f_interval_slow_in_ms	0	static
../cmd/cmd_fn.c:134:1:f_randomness	0	static
../cmd/cmd_fn.c:249:1:f_tcwm	0	static
../cmd/cmd_fn.c:254:1:f_tcfm	0	static
../cmd/cmd_fn.c:38:1:f_chan	8	static
../cmd/cmd_fn.c:50:1:f_prf	8	static
../cmd/cmd_fn.c:62:1:f_plen	8	static
../cmd/cmd_fn.c:74:1:f_rxPAC	8	static
../cmd/cmd_fn.c:97:1:f_dataRate	8	static
../cmd/cmd_fn.c:229:1:f_help_app	520	static
../cmd/cmd_fn.c:265:1:f_restore	8	static
../cmd/cmd_fn.c:276:1:f_restart	8	static
../cmd/cmd_fn.c:286:1:f_save	8	static
../cmd/cmd_fn.c:145:1:f_decaTDoATag	528	static
../cmd/cmd_fn.c:178:1:f_jstat	568	static
../cmd/cmd_fn.c:217:1:f_stat	16	static
