../mems/lis3dh.c:271:18:lis3dh_init_sensor	40	static
../mems/lis3dh.c:321:6:lis3dh_set_mode	32	static
../mems/lis3dh.c:359:6:lis3dh_set_scale	32	static
../mems/lis3dh.c:373:6:lis3dh_set_fifo_mode	32	static
../mems/lis3dh.c:398:6:lis3dh_new_data	24	static
../mems/lis3dh.c:440:6:lis3dh_get_float_data	40	static
../mems/lis3dh.c:457:9:lis3dh_get_float_data_fifo	232	static
../mems/lis3dh.c:475:6:lis3dh_get_raw_data	16	static
../mems/lis3dh.c:502:9:lis3dh_get_raw_data_fifo	40	static
../mems/lis3dh.c:558:6:lis3dh_enable_int	40	static
../mems/lis3dh.c:645:6:lis3dh_get_int_data_source	32	static
../mems/lis3dh.c:673:6:lis3dh_set_int_event_config	56	static
../mems/lis3dh.c:739:6:lis3dh_get_int_event_config	48	static
../mems/lis3dh.c:809:6:lis3dh_get_int_event_source	40	static
../mems/lis3dh.c:843:6:lis3dh_set_int_click_config	32	static
../mems/lis3dh.c:877:6:lis3dh_get_int_click_config	24	static
../mems/lis3dh.c:913:6:lis3dh_get_int_click_source	16	static
../mems/lis3dh.c:932:6:lis3dh_config_int_signals	32	static
../mems/lis3dh.c:944:6:lis3dh_config_hpf	32	static
../mems/lis3dh.c:972:6:lis3dh_set_hpf_ref	16	static
../mems/lis3dh.c:989:8:lis3dh_get_hpf_ref	24	static
../mems/lis3dh.c:1007:8:lis3dh_enable_adc	24	static
../mems/lis3dh.c:1022:6:lis3dh_get_adc	40	static
../mems/lis3dh.c:1060:13:lis3dh_is_available	24	static
../mems/lis3dh.c:1085:13:lis3dh_reset	32	static
../mems/lis3dh.c:1107:6:lis3dh_reg_read	32	static
../mems/lis3dh.c:1116:6:lis3dh_reg_write	32	static
../mems/lis3dh.c:1131:13:lis3dh_spi_read	48	static
../mems/lis3dh.c:1175:13:lis3dh_spi_write	48	static
../mems/lis3dh.c:1222:13:lis3dh_i2c_read	48	static
../mems/lis3dh.c:1253:13:lis3dh_i2c_write	48	static
../mems/lis3dh.c:1283:6:lis3dh_powerdown	16	static
../mems/lis3dh.c:1298:18:lis3dh_get_device	8	static
