Archive member included to satisfy reference by file (symbol)

/opt/st/stm32cubeide_1.18.0/plugins/com.st.stm32cube.ide.mcu.externaltools.gnu-tools-for-stm32.13.3.rel1.linux64_1.0.0.202410170706/tools/bin/../lib/gcc/arm-none-eabi/13.3.1/../../../../arm-none-eabi/lib/thumb/v6-m/nofp/libc_nano.a(libc_a-exit.o)
                              /opt/st/stm32cubeide_1.18.0/plugins/com.st.stm32cube.ide.mcu.externaltools.gnu-tools-for-stm32.13.3.rel1.linux64_1.0.0.202410170706/tools/bin/../lib/gcc/arm-none-eabi/13.3.1/../../../../arm-none-eabi/lib/thumb/v6-m/nofp/crt0.o (exit)
/opt/st/stm32cubeide_1.18.0/plugins/com.st.stm32cube.ide.mcu.externaltools.gnu-tools-for-stm32.13.3.rel1.linux64_1.0.0.202410170706/tools/bin/../lib/gcc/arm-none-eabi/13.3.1/../../../../arm-none-eabi/lib/thumb/v6-m/nofp/libc_nano.a(libc_a-malloc.o)
                              ./mems/lis3dh.o (malloc)
/opt/st/stm32cubeide_1.18.0/plugins/com.st.stm32cube.ide.mcu.externaltools.gnu-tools-for-stm32.13.3.rel1.linux64_1.0.0.202410170706/tools/bin/../lib/gcc/arm-none-eabi/13.3.1/../../../../arm-none-eabi/lib/thumb/v6-m/nofp/libc_nano.a(libc_a-mallocr.o)
                              /opt/st/stm32cubeide_1.18.0/plugins/com.st.stm32cube.ide.mcu.externaltools.gnu-tools-for-stm32.13.3.rel1.linux64_1.0.0.202410170706/tools/bin/../lib/gcc/arm-none-eabi/13.3.1/../../../../arm-none-eabi/lib/thumb/v6-m/nofp/libc_nano.a(libc_a-malloc.o) (_malloc_r)
/opt/st/stm32cubeide_1.18.0/plugins/com.st.stm32cube.ide.mcu.externaltools.gnu-tools-for-stm32.13.3.rel1.linux64_1.0.0.202410170706/tools/bin/../lib/gcc/arm-none-eabi/13.3.1/../../../../arm-none-eabi/lib/thumb/v6-m/nofp/libc_nano.a(libc_a-mlock.o)
                              /opt/st/stm32cubeide_1.18.0/plugins/com.st.stm32cube.ide.mcu.externaltools.gnu-tools-for-stm32.13.3.rel1.linux64_1.0.0.202410170706/tools/bin/../lib/gcc/arm-none-eabi/13.3.1/../../../../arm-none-eabi/lib/thumb/v6-m/nofp/libc_nano.a(libc_a-mallocr.o) (__malloc_lock)
/opt/st/stm32cubeide_1.18.0/plugins/com.st.stm32cube.ide.mcu.externaltools.gnu-tools-for-stm32.13.3.rel1.linux64_1.0.0.202410170706/tools/bin/../lib/gcc/arm-none-eabi/13.3.1/../../../../arm-none-eabi/lib/thumb/v6-m/nofp/libc_nano.a(libc_a-rand.o)
                              ./instance/instance.o (rand)
/opt/st/stm32cubeide_1.18.0/plugins/com.st.stm32cube.ide.mcu.externaltools.gnu-tools-for-stm32.13.3.rel1.linux64_1.0.0.202410170706/tools/bin/../lib/gcc/arm-none-eabi/13.3.1/../../../../arm-none-eabi/lib/thumb/v6-m/nofp/libc_nano.a(libc_a-ctype_.o)
                              ./cmd/cmd.o (_ctype_)
/opt/st/stm32cubeide_1.18.0/plugins/com.st.stm32cube.ide.mcu.externaltools.gnu-tools-for-stm32.13.3.rel1.linux64_1.0.0.202410170706/tools/bin/../lib/gcc/arm-none-eabi/13.3.1/../../../../arm-none-eabi/lib/thumb/v6-m/nofp/libc_nano.a(libc_a-findfp.o)
                              /opt/st/stm32cubeide_1.18.0/plugins/com.st.stm32cube.ide.mcu.externaltools.gnu-tools-for-stm32.13.3.rel1.linux64_1.0.0.202410170706/tools/bin/../lib/gcc/arm-none-eabi/13.3.1/../../../../arm-none-eabi/lib/thumb/v6-m/nofp/libc_nano.a(libc_a-exit.o) (__stdio_exit_handler)
/opt/st/stm32cubeide_1.18.0/plugins/com.st.stm32cube.ide.mcu.externaltools.gnu-tools-for-stm32.13.3.rel1.linux64_1.0.0.202410170706/tools/bin/../lib/gcc/arm-none-eabi/13.3.1/../../../../arm-none-eabi/lib/thumb/v6-m/nofp/libc_nano.a(libc_a-fwalk.o)
                              /opt/st/stm32cubeide_1.18.0/plugins/com.st.stm32cube.ide.mcu.externaltools.gnu-tools-for-stm32.13.3.rel1.linux64_1.0.0.202410170706/tools/bin/../lib/gcc/arm-none-eabi/13.3.1/../../../../arm-none-eabi/lib/thumb/v6-m/nofp/libc_nano.a(libc_a-findfp.o) (_fwalk_sglue)
/opt/st/stm32cubeide_1.18.0/plugins/com.st.stm32cube.ide.mcu.externaltools.gnu-tools-for-stm32.13.3.rel1.linux64_1.0.0.202410170706/tools/bin/../lib/gcc/arm-none-eabi/13.3.1/../../../../arm-none-eabi/lib/thumb/v6-m/nofp/libc_nano.a(libc_a-sprintf.o)
                              ./cmd/cmd_fn.o (sprintf)
/opt/st/stm32cubeide_1.18.0/plugins/com.st.stm32cube.ide.mcu.externaltools.gnu-tools-for-stm32.13.3.rel1.linux64_1.0.0.202410170706/tools/bin/../lib/gcc/arm-none-eabi/13.3.1/../../../../arm-none-eabi/lib/thumb/v6-m/nofp/libc_nano.a(libc_a-sscanf.o)
                              ./cmd/cmd.o (sscanf)
/opt/st/stm32cubeide_1.18.0/plugins/com.st.stm32cube.ide.mcu.externaltools.gnu-tools-for-stm32.13.3.rel1.linux64_1.0.0.202410170706/tools/bin/../lib/gcc/arm-none-eabi/13.3.1/../../../../arm-none-eabi/lib/thumb/v6-m/nofp/libc_nano.a(libc_a-stdio.o)
                              /opt/st/stm32cubeide_1.18.0/plugins/com.st.stm32cube.ide.mcu.externaltools.gnu-tools-for-stm32.13.3.rel1.linux64_1.0.0.202410170706/tools/bin/../lib/gcc/arm-none-eabi/13.3.1/../../../../arm-none-eabi/lib/thumb/v6-m/nofp/libc_nano.a(libc_a-findfp.o) (__sread)
[...]
Memory Configuration

Name             Origin             Length             Attributes
RAM              0x20000000         0x00002000         xrw
FLASH            0x08000000         0x00008000         xr
EEPROM           0x08080000         0x00000400         xr
*default*        0x00000000         0xffffffff

Linker script and memory map

LOAD /opt/st/stm32cubeide_1.18.0/plugins/com.st.stm32cube.ide.mcu.externaltools.gnu-tools-for-stm32.13.3.rel1.linux64_1.0.0.202410170706/tools/bin/../lib/gcc/arm-none-eabi/13.3.1/thumb/v6-m/nofp/crti.o
LOAD /opt/st/stm32cubeide_1.18.0/plugins/com.st.stm32cube.ide.mcu.externaltools.gnu-tools-for-stm32.13.3.rel1.linux64_1.0.0.202410170706/tools/bin/../lib/gcc/arm-none-eabi/13.3.1/thumb/v6-m/nofp/crtbegin.o
LOAD /opt/st/stm32cubeide_1.18.0/plugins/com.st.stm32cube.ide.mcu.externaltools.gnu-tools-for-stm32.13.3.rel1.linux64_1.0.0.202410170706/tools/bin/../lib/gcc/arm-none-eabi/13.3.1/../../../../arm-none-eabi/lib/thumb/v6-m/nofp/crt0.o
LOAD ./Core/Src/main.o
LOAD ./Core/Src/stm32l0xx_it.o
LOAD ./Core/Src/syscalls.o
LOAD ./Core/Src/sysmem.o
LOAD ./Core/Src/system_stm32l0xx.o
LOAD ./Core/Startup/startup_stm32l041g6uxs.o
LOAD ./Drivers/STM32L0xx_HAL_Driver/Src/stm32l0xx_ll_crc.o
LOAD ./Drivers/STM32L0xx_HAL_Driver/Src/stm32l0xx_ll_dma.o
LOAD ./Drivers/STM32L0xx_HAL_Driver/Src/stm32l0xx_ll_exti.o
LOAD ./Drivers/STM32L0xx_HAL_Driver/Src/stm32l0xx_ll_gpio.o
LOAD ./Drivers/STM32L0xx_HAL_Driver/Src/stm32l0xx_ll_i2c.o
LOAD ./Drivers/STM32L0xx_HAL_Driver/Src/stm32l0xx_ll_pwr.o
LOAD ./Drivers/STM32L0xx_HAL_Driver/Src/stm32l0xx_ll_rcc.o
LOAD ./Drivers/STM32L0xx_HAL_Driver/Src/stm32l0xx_ll_rtc.o
LOAD ./Drivers/STM32L0xx_HAL_Driver/Src/stm32l0xx_ll_spi.o
LOAD ./Drivers/STM32L0xx_HAL_Driver/Src/stm32l0xx_ll_usart.o
LOAD ./Drivers/STM32L0xx_HAL_Driver/Src/stm32l0xx_ll_utils.o
LOAD ./Port/deca_sleep.o
LOAD ./Port/deca_spi.o
LOAD ./Port/deca_uart.o
LOAD ./Port/port_platform.o
LOAD ./cmd/cmd.o
LOAD ./cmd/cmd_fn.o
LOAD ./cmd/cmd_uart_rx.o
LOAD ./config/config.o
LOAD ./deca_driver/deca_device.o
LOAD ./deca_driver/deca_params_init.o
LOAD ./instance/instance.o
LOAD ./mems/lis3dh.o
LOAD ./utils/translate.o
LOAD ./utils/tvc.o
START GROUP
LOAD /opt/st/stm32cubeide_1.18.0/plugins/com.st.stm32cube.ide.mcu.externaltools.gnu-tools-for-stm32.13.3.rel1.linux64_1.0.0.202410170706/tools/bin/../lib/gcc/arm-none-eabi/13.3.1/../../../../arm-none-eabi/lib/thumb/v6-m/nofp/libc_nano.a
LOAD /opt/st/stm32cubeide_1.18.0/plugins/com.st.stm32cube.ide.mcu.externaltools.gnu-tools-for-stm32.13.3.rel1.linux64_1.0.0.202410170706/tools/bin/../lib/gcc/arm-none-eabi/13.3.1/../../../../arm-none-eabi/lib/thumb/v6-m/nofp/libm.a
END GROUP
START GROUP
LOAD /opt/st/stm32cubeide_1.18.0/plugins/com.st.stm32cube.ide.mcu.externaltools.gnu-tools-for-stm32.13.3.rel1.linux64_1.0.0.202410170706/tools/bin/../lib/gcc/arm-none-eabi/13.3.1/thumb/v6-m/nofp/libgcc.a
LOAD /opt/st/stm32cubeide_1.18.0/plugins/com.st.stm32cube.ide.mcu.externaltools.gnu-tools-for-stm32.13.3.rel1.linux64_1.0.0.202410170706/tools/bin/../lib/gcc/arm-none-eabi/13.3.1/../../../../arm-none-eabi/lib/thumb/v6-m/nofp/libc_nano.a
END GROUP
START GROUP
LOAD /opt/st/stm32cubeide_1.18.0/plugins/com.st.stm32cube.ide.mcu.externaltools.gnu-tools-for-stm32.13.3.rel1.linux64_1.0.0.202410170706/tools/bin/../lib/gcc/arm-none-eabi/13.3.1/thumb/v6-m/nofp/libgcc.a
LOAD /opt/st/stm32cubeide_1.18.0/plugins/com.st.stm32cube.ide.mcu.externaltools.gnu-tools-for-stm32.13.3.rel1.linux64_1.0.0.202410170706/tools/bin/../lib/gcc/arm-none-eabi/13.3.1/../../../../arm-none-eabi/lib/thumb/v6-m/nofp/libc_nano.a
LOAD /opt/st/stm32cubeide_1.18.0/plugins/com.st.stm32cube.ide.mcu.externaltools.gnu-tools-for-stm32.13.3.rel1.linux64_1.0.0.202410170706/tools/bin/../lib/gcc/arm-none-eabi/13.3.1/../../../../arm-none-eabi/lib/thumb/v6-m/nofp/libnosys.a
END GROUP
START GROUP
LOAD /opt/st/stm32cubeide_1.18.0/plugins/com.st.stm32cube.ide.mcu.externaltools.gnu-tools-for-stm32.13.3.rel1.linux64_1.0.0.202410170706/tools/bin/../lib/gcc/arm-none-eabi/13.3.1/thumb/v6-m/nofp/libgcc.a
LOAD /opt/st/stm32cubeide_1.18.0/plugins/com.st.stm32cube.ide.mcu.externaltools.gnu-tools-for-stm32.13.3.rel1.linux64_1.0.0.202410170706/tools/bin/../lib/gcc/arm-none-eabi/13.3.1/../../../../arm-none-eabi/lib/thumb/v6-m/nofp/libc_nano.a
LOAD /opt/st/stm32cubeide_1.18.0/plugins/com.st.stm32cube.ide.mcu.externaltools.gnu-tools-for-stm32.13.3.rel1.linux64_1.0.0.202410170706/tools/bin/../lib/gcc/arm-none-eabi/13.3.1/../../../../arm-none-eabi/lib/thumb/v6-m/nofp/libnosys.a
END GROUP
LOAD /opt/st/stm32cubeide_1.18.0/plugins/com.st.stm32cube.ide.mcu.externaltools.gnu-tools-for-stm32.13.3.rel1.linux64_1.0.0.202410170706/tools/bin/../lib/gcc/arm-none-eabi/13.3.1/thumb/v6-m/nofp/crtend.o
LOAD /opt/st/stm32cubeide_1.18.0/plugins/com.st.stm32cube.ide.mcu.externaltools.gnu-tools-for-stm32.13.3.rel1.linux64_1.0.0.202410170706/tools/bin/../lib/gcc/arm-none-eabi/13.3.1/thumb/v6-m/nofp/crtn.o
                0x20002000                        _estack = (ORIGIN (RAM) + LENGTH (RAM))
                0x00000200                        _Min_Heap_Size = 0x200
                0x00000400                        _Min_Stack_Size = 0x400

.isr_vector     0x08000000       0xc0
                0x08000000                        . = ALIGN (0x4)
 *(.isr_vector)
 .isr_vector    0x08000000       0xc0 ./Core/Startup/startup_stm32l041g6uxs.o
                0x08000000                g_pfnVectors
                0x080000c0                        . = ALIGN (0x4)

.default_config_page
                0x08000100       0x68
                0x08000100                        . = ALIGN (0x4)
 *(.default_config)
 .default_config
                0x08000100       0x67 ./config/config.o
                0x08000100                defaultFConfig
                0x08000168                        . = ALIGN (0x4)
 *fill*         0x08000167        0x1 

.fconfig_page   0x08080000      0x100
                0x08080000                        . = ALIGN (0x4)
 *(.fConfig)
 .fConfig       0x08080000      0x100 ./config/config.o
                0x08080000                FConfig
                0x08080100                        . = ALIGN (0x4)

.text           0x08000168     0x817c
                0x08000168                        . = ALIGN (0x4)
 *(.text)
 .text          0x08000168       0x48 /opt/st/stm32cubeide_1.18.0/plugins/com.st.stm32cube.ide.mcu.externaltools.gnu-tools-for-stm32.13.3.rel1.linux64_1.0.0.202410170706/tools/bin/../lib/gcc/arm-none-eabi/13.3.1/thumb/v6-m/nofp/crtbegin.o
 .text          0x080001b0       0x14 /opt/st/stm32cubeide_1.18.0/plugins/com.st.stm32cube.ide.mcu.externaltools.gnu-tools-for-stm32.13.3.rel1.linux64_1.0.0.202410170706/tools/bin/../lib/gcc/arm-none-eabi/13.3.1/../../../../arm-none-eabi/lib/thumb/v6-m/nofp/libc_nano.a(libc_a-strcmp.o)
                0x080001b0                strcmp
 .text          0x080001c4        0xe /opt/st/stm32cubeide_1.18.0/plugins/com.st.stm32cube.ide.mcu.externaltools.gnu-tools-for-stm32.13.3.rel1.linux64_1.0.0.202410170706/tools/bin/../lib/gcc/arm-none-eabi/13.3.1/../../../../arm-none-eabi/lib/thumb/v6-m/nofp/libc_nano.a(libc_a-strlen.o)
                0x080001c4                strlen
 *fill*         0x080001d2        0x2 
 .text          0x080001d4       0x14 /opt/st/stm32cubeide_1.18.0/plugins/com.st.stm32cube.ide.mcu.externaltools.gnu-tools-for-stm32.13.3.rel1.linux64_1.0.0.202410170706/tools/bin/../lib/gcc/arm-none-eabi/13.3.1/thumb/v6-m/nofp/libgcc.a(_thumb1_case_shi.o)
                0x080001d4                __gnu_thumb1_case_shi
 .text          0x080001e8      0x114 /opt/st/stm32cubeide_1.18.0/plugins/com.st.stm32cube.ide.mcu.externaltools.gnu-tools-for-stm32.13.3.rel1.linux64_1.0.0.202410170706/tools/bin/../lib/gcc/arm-none-eabi/13.3.1/thumb/v6-m/nofp/libgcc.a(_udivsi3.o)
                0x080001e8                __udivsi3
                0x080001e8                __aeabi_uidiv
                0x080002f4                __aeabi_uidivmod
 .text          0x080002fc        0x4 /opt/st/stm32cubeide_1.18.0/plugins/com.st.stm32cube.ide.mcu.externaltools.gnu-tools-for-stm32.13.3.rel1.linux64_1.0.0.202410170706/tools/bin/../lib/gcc/arm-none-eabi/13.3.1/thumb/v6-m/nofp/libgcc.a(_dvmd_tls.o)
                0x080002fc                __aeabi_ldiv0
                0x080002fc                __aeabi_idiv0
 *(.text*)
 .text.__NVIC_EnableIRQ
                0x08000300       0x34 ./Core/Src/main.o
 .text.__NVIC_SetPriority
                0x08000334       0xdc ./Core/Src/main.o
 .text.LL_CRC_SetPolynomialSize
                0x08000410       0x24 ./Core/Src/main.o
 .text.LL_CRC_SetInputDataReverseMode
                0x08000434       0x24 ./Core/Src/main.o
 .text.LL_CRC_SetOutputDataReverseMode
                0x08000458       0x24 ./Core/Src/main.o
 .text.LL_CRC_SetInitialData
                0x0800047c       0x18 ./Core/Src/main.o
 .text.LL_CRC_SetPolynomialCoef
                0x08000494       0x18 ./Core/Src/main.o
 .text.LL_I2C_EnableClockStretching
                0x080004ac       0x20 ./Core/Src/main.o
 .text.LL_I2C_DisableGeneralCall
                0x080004cc       0x20 ./Core/Src/main.o
 .text.LL_I2C_SetOwnAddress2
                0x080004ec       0x2c ./Core/Src/main.o
 .text.LL_I2C_DisableOwnAddress2
                0x08000518       0x20 ./Core/Src/main.o
 .text.LL_I2C_EnableAutoEndMode
                0x08000538       0x1e ./Core/Src/main.o
 *fill*         0x08000556        0x2 
 .text.LL_IWDG_Enable
                0x08000558       0x1c ./Core/Src/main.o
 .text.LL_IWDG_ReloadCounter
                0x08000574       0x1c ./Core/Src/main.o
 .text.LL_IWDG_EnableWriteAccess
                0x08000590       0x1c ./Core/Src/main.o
 .text.LL_IWDG_SetPrescaler
                0x080005ac       0x1c ./Core/Src/main.o
 .text.LL_IWDG_SetReloadCounter
                0x080005c8       0x1c ./Core/Src/main.o
 .text.LL_IWDG_IsReady
                0x080005e4       0x20 ./Core/Src/main.o
 .text.LL_RCC_HSI_Enable
                0x08000604       0x1c ./Core/Src/main.o
 .text.LL_RCC_HSI_IsReady
                0x08000620       0x20 ./Core/Src/main.o
 .text.LL_RCC_HSI_SetCalibTrimming
                0x08000640       0x2c ./Core/Src/main.o
 .text.LL_RCC_LSI_Enable
                0x0800066c       0x1c ./Core/Src/main.o
 .text.LL_RCC_LSI_IsReady
                0x08000688       0x20 ./Core/Src/main.o
 .text.LL_RCC_SetSysClkSource
                0x080006a8       0x28 ./Core/Src/main.o
 .text.LL_RCC_GetSysClkSource
                0x080006d0       0x18 ./Core/Src/main.o
 .text.LL_RCC_SetAHBPrescaler
                0x080006e8       0x28 ./Core/Src/main.o
 .text.LL_RCC_SetAPB1Prescaler
                0x08000710       0x2c ./Core/Src/main.o
 .text.LL_RCC_SetAPB2Prescaler
                0x0800073c       0x2c ./Core/Src/main.o
 .text.LL_RCC_SetClkAfterWakeFromStop
                0x08000768       0x2c ./Core/Src/main.o
 .text.LL_RCC_SetUSARTClockSource
                0x08000794       0x30 ./Core/Src/main.o
 .text.LL_RCC_SetI2CClockSource
                0x080007c4       0x38 ./Core/Src/main.o
 .text.LL_RCC_SetRTCClockSource
                0x080007fc       0x2c ./Core/Src/main.o
 .text.LL_RCC_GetRTCClockSource
                0x08000828       0x18 ./Core/Src/main.o
 .text.LL_RCC_EnableRTC
                0x08000840       0x1c ./Core/Src/main.o
 .text.LL_RCC_ForceBackupDomainReset
                0x0800085c       0x1c ./Core/Src/main.o
 .text.LL_RCC_ReleaseBackupDomainReset
                0x08000878       0x20 ./Core/Src/main.o
 .text.LL_AHB1_GRP1_EnableClock
                0x08000898       0x2c ./Core/Src/main.o
 .text.LL_APB1_GRP1_EnableClock
                0x080008c4       0x2c ./Core/Src/main.o
 .text.LL_APB2_GRP1_EnableClock
                0x080008f0       0x2c ./Core/Src/main.o
 .text.LL_IOP_GRP1_EnableClock
                0x0800091c       0x2c ./Core/Src/main.o
 .text.LL_SYSCFG_SetEXTISource
                0x08000948       0x4c ./Core/Src/main.o
 .text.LL_FLASH_SetLatency
                0x08000994       0x28 ./Core/Src/main.o
 .text.LL_FLASH_GetLatency
                0x080009bc       0x18 ./Core/Src/main.o
 .text.LL_SYSTICK_SetClkSource
                0x080009d4       0x34 ./Core/Src/main.o
 .text.LL_PWR_SetRegulVoltageScaling
                0x08000a08       0x2c ./Core/Src/main.o
 .text.LL_PWR_EnableBkUpAccess
                0x08000a34       0x1c ./Core/Src/main.o
 .text.LL_PWR_IsActiveFlag_VOS
                0x08000a50       0x20 ./Core/Src/main.o
 .text.LL_RTC_WAKEUP_SetClock
                0x08000a70       0x24 ./Core/Src/main.o
 .text.LL_SPI_Enable
                0x08000a94       0x1c ./Core/Src/main.o
 .text.LL_SPI_SetStandard
                0x08000ab0       0x24 ./Core/Src/main.o
 .text.LL_USART_Enable
                0x08000ad4       0x1c ./Core/Src/main.o
 .text.LL_USART_ConfigAsyncMode
                0x08000af0       0x30 ./Core/Src/main.o
 .text.LL_USART_EnableIT_RXNE
                0x08000b20       0x3e ./Core/Src/main.o
 .text.LL_USART_EnableIT_PE
                0x08000b5e       0x40 ./Core/Src/main.o
 .text.LL_USART_EnableIT_ERROR
                0x08000b9e       0x3e ./Core/Src/main.o
 .text.LL_GPIO_SetPinMode
                0x08000bdc       0x38 ./Core/Src/main.o
 .text.LL_GPIO_SetPinPull
                0x08000c14       0x38 ./Core/Src/main.o
 .text.LL_GPIO_SetOutputPin
                0x08000c4c       0x18 ./Core/Src/main.o
 .text.inittestapplication
                0x08000c64       0xb4 ./Core/Src/main.o
                0x08000c64                inittestapplication
 .text.main     0x08000d18      0x100 ./Core/Src/main.o
                0x08000d18                main
 .text.SystemClock_Config
                0x08000e18       0xc8 ./Core/Src/main.o
                0x08000e18                SystemClock_Config
 .text.MX_CRC_Init
                0x08000ee0       0x54 ./Core/Src/main.o
 .text.MX_I2C1_Init
                0x08000f34      0x110 ./Core/Src/main.o
 .text.MX_IWDG_Init
                0x08001044       0x50 ./Core/Src/main.o
 .text.MX_RTC_Init
                0x08001094       0x5c ./Core/Src/main.o
 .text.MX_SPI1_Init
                0x080010f0      0x138 ./Core/Src/main.o
 .text.MX_USART2_UART_Init
                0x08001228      0x114 ./Core/Src/main.o
 .text.MX_GPIO_Init
                0x0800133c      0x334 ./Core/Src/main.o
 .text.Error_Handler
                0x08001670        0xc ./Core/Src/main.o
                0x08001670                Error_Handler
 .text.LL_EXTI_IsActiveFlag_0_31
                0x0800167c       0x28 ./Core/Src/stm32l0xx_it.o
 .text.LL_EXTI_ClearFlag_0_31
                0x080016a4       0x1c ./Core/Src/stm32l0xx_it.o
 .text.LL_RTC_ClearFlag_WUT
                0x080016c0       0x24 ./Core/Src/stm32l0xx_it.o
 .text.LL_RTC_ClearFlag_ALRA
                0x080016e4       0x24 ./Core/Src/stm32l0xx_it.o
 .text.NMI_Handler
                0x08001708        0x8 ./Core/Src/stm32l0xx_it.o
                0x08001708                NMI_Handler
 .text.HardFault_Handler
                0x08001710        0x8 ./Core/Src/stm32l0xx_it.o
                0x08001710                HardFault_Handler
 .text.SVC_Handler
                0x08001718        0xa ./Core/Src/stm32l0xx_it.o
                0x08001718                SVC_Handler
 .text.PendSV_Handler
                0x08001722        0xa ./Core/Src/stm32l0xx_it.o
                0x08001722                PendSV_Handler
 .text.SysTick_Handler
                0x0800172c        0xe ./Core/Src/stm32l0xx_it.o
                0x0800172c                SysTick_Handler
 *fill*         0x0800173a        0x2 
 .text.RTC_IRQHandler
                0x0800173c       0x34 ./Core/Src/stm32l0xx_it.o
                0x0800173c                RTC_IRQHandler
 .text.EXTI0_1_IRQHandler
                0x08001770       0x1e ./Core/Src/stm32l0xx_it.o
                0x08001770                EXTI0_1_IRQHandler
 .text.EXTI2_3_IRQHandler
                0x0800178e       0x32 ./Core/Src/stm32l0xx_it.o
                0x0800178e                EXTI2_3_IRQHandler
 .text.EXTI4_15_IRQHandler
                0x080017c0       0x1e ./Core/Src/stm32l0xx_it.o
                0x080017c0                EXTI4_15_IRQHandler
 .text.USART2_IRQHandler
                0x080017de        0xe ./Core/Src/stm32l0xx_it.o
                0x080017de                USART2_IRQHandler
 .text._sbrk    0x080017ec       0x6c ./Core/Src/sysmem.o
                0x080017ec                _sbrk
 .text.SystemInit
                0x08001858        0xa ./Core/Src/system_stm32l0xx.o
                0x08001858                SystemInit
 *fill*         0x08001862        0x2 
 .text.Reset_Handler
                0x08001864       0x50 ./Core/Startup/startup_stm32l041g6uxs.o
                0x08001864                Reset_Handler
 .text.Default_Handler
                0x080018b4        0x2 ./Core/Startup/startup_stm32l041g6uxs.o
                0x080018b4                ADC1_COMP_IRQHandler
                0x080018b4                PVD_IRQHandler
                0x080018b4                I2C1_IRQHandler
                0x080018b4                SPI1_IRQHandler
                0x080018b4                AES_LPUART1_IRQHandler
                0x080018b4                DMA1_Channel4_5_6_7_IRQHandler
                0x080018b4                RCC_IRQHandler
                0x080018b4                DMA1_Channel1_IRQHandler
                0x080018b4                Default_Handler
                0x080018b4                TIM22_IRQHandler
                0x080018b4                TIM21_IRQHandler
                0x080018b4                WWDG_IRQHandler
                0x080018b4                TIM2_IRQHandler
                0x080018b4                DMA1_Channel2_3_IRQHandler
                0x080018b4                FLASH_IRQHandler
                0x080018b4                LPTIM1_IRQHandler
 *fill*         0x080018b6        0x2 
 .text.LL_EXTI_EnableIT_0_31
                0x080018b8       0x20 ./Drivers/STM32L0xx_HAL_Driver/Src/stm32l0xx_ll_exti.o
 .text.LL_EXTI_DisableIT_0_31
                0x080018d8       0x24 ./Drivers/STM32L0xx_HAL_Driver/Src/stm32l0xx_ll_exti.o
 .text.LL_EXTI_EnableEvent_0_31
                0x080018fc       0x20 ./Drivers/STM32L0xx_HAL_Driver/Src/stm32l0xx_ll_exti.o
 .text.LL_EXTI_DisableEvent_0_31
                0x0800191c       0x24 ./Drivers/STM32L0xx_HAL_Driver/Src/stm32l0xx_ll_exti.o
 .text.LL_EXTI_EnableRisingTrig_0_31
                0x08001940       0x20 ./Drivers/STM32L0xx_HAL_Driver/Src/stm32l0xx_ll_exti.o
 .text.LL_EXTI_DisableRisingTrig_0_31
                0x08001960       0x24 ./Drivers/STM32L0xx_HAL_Driver/Src/stm32l0xx_ll_exti.o
 .text.LL_EXTI_EnableFallingTrig_0_31
                0x08001984       0x20 ./Drivers/STM32L0xx_HAL_Driver/Src/stm32l0xx_ll_exti.o
 .text.LL_EXTI_DisableFallingTrig_0_31
                0x080019a4       0x24 ./Drivers/STM32L0xx_HAL_Driver/Src/stm32l0xx_ll_exti.o
 .text.LL_EXTI_Init
                0x080019c8      0x10e ./Drivers/STM32L0xx_HAL_Driver/Src/stm32l0xx_ll_exti.o
                0x080019c8                LL_EXTI_Init
 .text.LL_GPIO_SetPinMode
                0x08001ad6       0x38 ./Drivers/STM32L0xx_HAL_Driver/Src/stm32l0xx_ll_gpio.o
 .text.LL_GPIO_SetPinOutputType
                0x08001b0e       0x2a ./Drivers/STM32L0xx_HAL_Driver/Src/stm32l0xx_ll_gpio.o
 .text.LL_GPIO_SetPinSpeed
                0x08001b38       0x38 ./Drivers/STM32L0xx_HAL_Driver/Src/stm32l0xx_ll_gpio.o
 .text.LL_GPIO_SetPinPull
                0x08001b70       0x38 ./Drivers/STM32L0xx_HAL_Driver/Src/stm32l0xx_ll_gpio.o
 .text.LL_GPIO_SetAFPin_0_7
                0x08001ba8       0x46 ./Drivers/STM32L0xx_HAL_Driver/Src/stm32l0xx_ll_gpio.o
 .text.LL_GPIO_SetAFPin_8_15
                0x08001bee       0x5a ./Drivers/STM32L0xx_HAL_Driver/Src/stm32l0xx_ll_gpio.o
 .text.LL_GPIO_Init
                0x08001c48       0xbc ./Drivers/STM32L0xx_HAL_Driver/Src/stm32l0xx_ll_gpio.o
                0x08001c48                LL_GPIO_Init
 .text.LL_I2C_Enable
                0x08001d04       0x1c ./Drivers/STM32L0xx_HAL_Driver/Src/stm32l0xx_ll_i2c.o
 .text.LL_I2C_Disable
                0x08001d20       0x1e ./Drivers/STM32L0xx_HAL_Driver/Src/stm32l0xx_ll_i2c.o
 *fill*         0x08001d3e        0x2 
 .text.LL_I2C_ConfigFilters
                0x08001d40       0x30 ./Drivers/STM32L0xx_HAL_Driver/Src/stm32l0xx_ll_i2c.o
 .text.LL_I2C_SetOwnAddress1
                0x08001d70       0x28 ./Drivers/STM32L0xx_HAL_Driver/Src/stm32l0xx_ll_i2c.o
 .text.LL_I2C_EnableOwnAddress1
                0x08001d98       0x1e ./Drivers/STM32L0xx_HAL_Driver/Src/stm32l0xx_ll_i2c.o
 *fill*         0x08001db6        0x2 
 .text.LL_I2C_DisableOwnAddress1
                0x08001db8       0x20 ./Drivers/STM32L0xx_HAL_Driver/Src/stm32l0xx_ll_i2c.o
 .text.LL_I2C_SetTiming
                0x08001dd8       0x18 ./Drivers/STM32L0xx_HAL_Driver/Src/stm32l0xx_ll_i2c.o
 .text.LL_I2C_SetMode
                0x08001df0       0x28 ./Drivers/STM32L0xx_HAL_Driver/Src/stm32l0xx_ll_i2c.o
 .text.LL_I2C_AcknowledgeNextData
                0x08001e18       0x28 ./Drivers/STM32L0xx_HAL_Driver/Src/stm32l0xx_ll_i2c.o
 .text.LL_I2C_Init
                0x08001e40       0x86 ./Drivers/STM32L0xx_HAL_Driver/Src/stm32l0xx_ll_i2c.o
                0x08001e40                LL_I2C_Init
 *fill*         0x08001ec6        0x2 
 .text.LL_RCC_HSI_IsReady
                0x08001ec8       0x20 ./Drivers/STM32L0xx_HAL_Driver/Src/stm32l0xx_ll_rcc.o
 .text.LL_RCC_LSE_IsReady
                0x08001ee8       0x28 ./Drivers/STM32L0xx_HAL_Driver/Src/stm32l0xx_ll_rcc.o
 .text.LL_RCC_MSI_GetRange
                0x08001f10       0x18 ./Drivers/STM32L0xx_HAL_Driver/Src/stm32l0xx_ll_rcc.o
 .text.LL_RCC_GetSysClkSource
                0x08001f28       0x18 ./Drivers/STM32L0xx_HAL_Driver/Src/stm32l0xx_ll_rcc.o
 .text.LL_RCC_GetAHBPrescaler
                0x08001f40       0x18 ./Drivers/STM32L0xx_HAL_Driver/Src/stm32l0xx_ll_rcc.o
 .text.LL_RCC_GetAPB1Prescaler
                0x08001f58       0x18 ./Drivers/STM32L0xx_HAL_Driver/Src/stm32l0xx_ll_rcc.o
 .text.LL_RCC_GetUSARTClockSource
                0x08001f70       0x24 ./Drivers/STM32L0xx_HAL_Driver/Src/stm32l0xx_ll_rcc.o
 .text.LL_RCC_PLL_GetMainSource
                0x08001f94       0x18 ./Drivers/STM32L0xx_HAL_Driver/Src/stm32l0xx_ll_rcc.o
 .text.LL_RCC_PLL_GetMultiplicator
                0x08001fac       0x18 ./Drivers/STM32L0xx_HAL_Driver/Src/stm32l0xx_ll_rcc.o
 .text.LL_RCC_PLL_GetDivider
                0x08001fc4       0x18 ./Drivers/STM32L0xx_HAL_Driver/Src/stm32l0xx_ll_rcc.o
 .text.LL_RCC_IsActiveFlag_HSIDIV
                0x08001fdc       0x20 ./Drivers/STM32L0xx_HAL_Driver/Src/stm32l0xx_ll_rcc.o
 .text.LL_RCC_GetUSARTClockFreq
                0x08001ffc       0xac ./Drivers/STM32L0xx_HAL_Driver/Src/stm32l0xx_ll_rcc.o
                0x08001ffc                LL_RCC_GetUSARTClockFreq
 .text.RCC_GetSystemClockFreq
                0x080020a8       0x88 ./Drivers/STM32L0xx_HAL_Driver/Src/stm32l0xx_ll_rcc.o
 .text.RCC_GetHCLKClockFreq
                0x08002130       0x2c ./Drivers/STM32L0xx_HAL_Driver/Src/stm32l0xx_ll_rcc.o
 .text.RCC_GetPCLK1ClockFreq
                0x0800215c       0x28 ./Drivers/STM32L0xx_HAL_Driver/Src/stm32l0xx_ll_rcc.o
 .text.RCC_PLL_GetFreqDomain_SYS
                0x08002184       0x70 ./Drivers/STM32L0xx_HAL_Driver/Src/stm32l0xx_ll_rcc.o
 .text.LL_RTC_SetHourFormat
                0x080021f4       0x24 ./Drivers/STM32L0xx_HAL_Driver/Src/stm32l0xx_ll_rtc.o
 .text.LL_RTC_EnableInitMode
                0x08002218       0x18 ./Drivers/STM32L0xx_HAL_Driver/Src/stm32l0xx_ll_rtc.o
 .text.LL_RTC_DisableInitMode
                0x08002230       0x18 ./Drivers/STM32L0xx_HAL_Driver/Src/stm32l0xx_ll_rtc.o
 .text.LL_RTC_SetAsynchPrescaler
                0x08002248       0x28 ./Drivers/STM32L0xx_HAL_Driver/Src/stm32l0xx_ll_rtc.o
 .text.LL_RTC_SetSynchPrescaler
                0x08002270       0x22 ./Drivers/STM32L0xx_HAL_Driver/Src/stm32l0xx_ll_rtc.o
 .text.LL_RTC_EnableWriteProtection
                0x08002292       0x16 ./Drivers/STM32L0xx_HAL_Driver/Src/stm32l0xx_ll_rtc.o
 .text.LL_RTC_DisableWriteProtection
                0x080022a8       0x1c ./Drivers/STM32L0xx_HAL_Driver/Src/stm32l0xx_ll_rtc.o
 .text.LL_RTC_IsActiveFlag_INIT
                0x080022c4       0x22 ./Drivers/STM32L0xx_HAL_Driver/Src/stm32l0xx_ll_rtc.o
 *fill*         0x080022e6        0x2 
 .text.LL_SYSTICK_IsActiveCounterFlag
                0x080022e8       0x28 ./Drivers/STM32L0xx_HAL_Driver/Src/stm32l0xx_ll_rtc.o
 .text.LL_RTC_Init
                0x08002310       0x76 ./Drivers/STM32L0xx_HAL_Driver/Src/stm32l0xx_ll_rtc.o
                0x08002310                LL_RTC_Init
 .text.LL_RTC_EnterInitMode
                0x08002386       0x80 ./Drivers/STM32L0xx_HAL_Driver/Src/stm32l0xx_ll_rtc.o
                0x08002386                LL_RTC_EnterInitMode
 .text.LL_SPI_IsEnabled
                0x08002406       0x22 ./Drivers/STM32L0xx_HAL_Driver/Src/stm32l0xx_ll_spi.o
 .text.LL_SPI_SetCRCPolynomial
                0x08002428       0x1c ./Drivers/STM32L0xx_HAL_Driver/Src/stm32l0xx_ll_spi.o
 .text.LL_SPI_Init
                0x08002444       0xac ./Drivers/STM32L0xx_HAL_Driver/Src/stm32l0xx_ll_spi.o
                0x08002444                LL_SPI_Init
 .text.LL_USART_IsEnabled
                0x080024f0       0x22 ./Drivers/STM32L0xx_HAL_Driver/Src/stm32l0xx_ll_usart.o
 *fill*         0x08002512        0x2 
 .text.LL_USART_SetStopBitsLength
                0x08002514       0x28 ./Drivers/STM32L0xx_HAL_Driver/Src/stm32l0xx_ll_usart.o
 .text.LL_USART_SetHWFlowCtrl
                0x0800253c       0x28 ./Drivers/STM32L0xx_HAL_Driver/Src/stm32l0xx_ll_usart.o
 .text.LL_USART_SetBaudRate
                0x08002564       0x78 ./Drivers/STM32L0xx_HAL_Driver/Src/stm32l0xx_ll_usart.o
 .text.LL_USART_Init
                0x080025dc       0xb0 ./Drivers/STM32L0xx_HAL_Driver/Src/stm32l0xx_ll_usart.o
                0x080025dc                LL_USART_Init
 .text.LL_InitTick
                0x0800268c       0x34 ./Drivers/STM32L0xx_HAL_Driver/Src/stm32l0xx_ll_utils.o
 .text.LL_Init1msTick
                0x080026c0       0x1e ./Drivers/STM32L0xx_HAL_Driver/Src/stm32l0xx_ll_utils.o
                0x080026c0                LL_Init1msTick
 *fill*         0x080026de        0x2 
 .text.LL_mDelay
                0x080026e0       0x44 ./Drivers/STM32L0xx_HAL_Driver/Src/stm32l0xx_ll_utils.o
                0x080026e0                LL_mDelay
 .text.LL_SetSystemCoreClock
                0x08002724       0x1c ./Drivers/STM32L0xx_HAL_Driver/Src/stm32l0xx_ll_utils.o
                0x08002724                LL_SetSystemCoreClock
 .text.deca_sleep
                0x08002740       0x2e ./Port/deca_sleep.o
                0x08002740                deca_sleep
 .text.LL_SPI_IsActiveFlag_RXNE
                0x0800276e       0x22 ./Port/deca_spi.o
 .text.LL_SPI_IsActiveFlag_TXE
                0x08002790       0x22 ./Port/deca_spi.o
 .text.LL_SPI_IsActiveFlag_BSY
                0x080027b2       0x22 ./Port/deca_spi.o
 .text.LL_SPI_ReceiveData8
                0x080027d4       0x18 ./Port/deca_spi.o
 .text.LL_SPI_TransmitData8
                0x080027ec       0x24 ./Port/deca_spi.o
 .text.LL_GPIO_SetOutputPin
                0x08002810       0x18 ./Port/deca_spi.o
 .text.LL_GPIO_ResetOutputPin
                0x08002828       0x18 ./Port/deca_spi.o
 .text.writetospi
                0x08002840       0xb8 ./Port/deca_spi.o
                0x08002840                writetospi
 .text.readfromspi
                0x080028f8       0xe4 ./Port/deca_spi.o
                0x080028f8                readfromspi
 .text.LL_USART_IsActiveFlag_TC
                0x080029dc       0x22 ./Port/deca_uart.o
 .text.LL_USART_IsActiveFlag_TXE
                0x080029fe       0x22 ./Port/deca_uart.o
 .text.LL_USART_TransmitData8
                0x08002a20       0x1e ./Port/deca_uart.o
 *fill*         0x08002a3e        0x2 
 .text.__io_putchar
                0x08002a40       0x34 ./Port/deca_uart.o
                0x08002a40                __io_putchar
 .text._write   0x08002a74       0x38 ./Port/deca_uart.o
                0x08002a74                _write
 .text.deca_uart_rx_data_ready
                0x08002aac       0x14 ./Port/deca_uart.o
                0x08002aac                deca_uart_rx_data_ready
 .text.UART_RxCpltCallback
                0x08002ac0       0xd0 ./Port/deca_uart.o
                0x08002ac0                UART_RxCpltCallback
 .text.port_tx_msg
                0x08002b90       0x1e ./Port/deca_uart.o
                0x08002b90                port_tx_msg
 *fill*         0x08002bae        0x2 
 .text.deca_uart_receive
                0x08002bb0       0x70 ./Port/deca_uart.o
                0x08002bb0                deca_uart_receive
 .text.LL_I2C_IsActiveFlag_TXIS
                0x08002c20       0x22 ./Port/port_platform.o
 .text.LL_I2C_IsActiveFlag_RXNE
                0x08002c42       0x22 ./Port/port_platform.o
 .text.LL_I2C_IsActiveFlag_STOP
                0x08002c64       0x22 ./Port/port_platform.o
 .text.LL_I2C_ClearFlag_STOP
                0x08002c86       0x1c ./Port/port_platform.o
 *fill*         0x08002ca2        0x2 
 .text.LL_I2C_HandleTransfer
                0x08002ca4       0x64 ./Port/port_platform.o
 .text.LL_I2C_ReceiveData8
                0x08002d08       0x16 ./Port/port_platform.o
 .text.LL_I2C_TransmitData8
                0x08002d1e       0x1e ./Port/port_platform.o
 .text.LL_IWDG_Enable
                0x08002d3c       0x1c ./Port/port_platform.o
 .text.LL_IWDG_ReloadCounter
                0x08002d58       0x1c ./Port/port_platform.o
 .text.LL_IWDG_EnableWriteAccess
                0x08002d74       0x1c ./Port/port_platform.o
 .text.LL_IWDG_SetPrescaler
                0x08002d90       0x1c ./Port/port_platform.o
 .text.LL_IWDG_SetReloadCounter
                0x08002dac       0x1c ./Port/port_platform.o
 .text.LL_IWDG_SetWindow
                0x08002dc8       0x1c ./Port/port_platform.o
 .text.LL_IWDG_IsReady
                0x08002de4       0x20 ./Port/port_platform.o
 .text.LL_SPI_Enable
                0x08002e04       0x1c ./Port/port_platform.o
 .text.LL_SPI_Disable
                0x08002e20       0x1e ./Port/port_platform.o
 .text.LL_SPI_SetBaudRatePrescaler
                0x08002e3e       0x24 ./Port/port_platform.o
 .text.LL_SPI_IsActiveFlag_RXNE
                0x08002e62       0x22 ./Port/port_platform.o
 .text.LL_SPI_IsActiveFlag_BSY
                0x08002e84       0x22 ./Port/port_platform.o
 .text.LL_SPI_ReceiveData8
                0x08002ea6       0x18 ./Port/port_platform.o
 .text.LL_USART_ClearFlag_PE
                0x08002ebe       0x16 ./Port/port_platform.o
 .text.LL_USART_ClearFlag_FE
                0x08002ed4       0x16 ./Port/port_platform.o
 .text.LL_USART_ClearFlag_NE
                0x08002eea       0x16 ./Port/port_platform.o
 .text.LL_USART_ClearFlag_ORE
                0x08002f00       0x16 ./Port/port_platform.o
 .text.LL_USART_ClearFlag_WKUP
                0x08002f16       0x18 ./Port/port_platform.o
 .text.LL_USART_DisableIT_TC
                0x08002f2e       0x40 ./Port/port_platform.o
 .text.LL_USART_ReceiveData8
                0x08002f6e       0x16 ./Port/port_platform.o
 .text.LL_GPIO_SetOutputPin
                0x08002f84       0x18 ./Port/port_platform.o
 .text.LL_GPIO_ResetOutputPin
                0x08002f9c       0x18 ./Port/port_platform.o
 .text.LL_GPIO_TogglePin
                0x08002fb4       0x2e ./Port/port_platform.o
 *fill*         0x08002fe2        0x2 
 .text.IncSysTick
                0x08002fe4       0x18 ./Port/port_platform.o
                0x08002fe4                IncSysTick
 .text.portGetTickCount
                0x08002ffc       0x14 ./Port/port_platform.o
                0x08002ffc                portGetTickCount
 .text.port_set_dw1000_slowrate
                0x08003010       0x4c ./Port/port_platform.o
                0x08003010                port_set_dw1000_slowrate
 .text.port_set_dw1000_fastrate
                0x0800305c       0x4c ./Port/port_platform.o
                0x0800305c                port_set_dw1000_fastrate
 .text.decamutexon
                0x080030a8        0xc ./Port/port_platform.o
                0x080030a8                decamutexon
 .text.decamutexoff
                0x080030b4       0x10 ./Port/port_platform.o
                0x080030b4                decamutexoff
 .text.reset_DW1000
                0x080030c4       0x70 ./Port/port_platform.o
                0x080030c4                reset_DW1000
 .text.port_wakeup_dw1000
                0x08003134       0x30 ./Port/port_platform.o
                0x08003134                port_wakeup_dw1000
 .text.LEDS_INVERT
                0x08003164       0x54 ./Port/port_platform.o
                0x08003164                LEDS_INVERT
 .text.LEDS_OFF
                0x080031b8       0x54 ./Port/port_platform.o
                0x080031b8                LEDS_OFF
 .text.spi_device_init
                0x0800320c       0x1c ./Port/port_platform.o
                0x0800320c                spi_device_init
 .text.spi_transfer_pf
                0x08003228       0x24 ./Port/port_platform.o
                0x08003228                spi_transfer_pf
 .text.i2c_slave_read
                0x0800324c       0xc4 ./Port/port_platform.o
                0x0800324c                i2c_slave_read
 .text.lis3dh_configure_int
                0x08003310       0xbc ./Port/port_platform.o
                0x08003310                lis3dh_configure_int
 .text.GPIO_EXTI3_Callback
                0x080033cc       0x14 ./Port/port_platform.o
                0x080033cc                GPIO_EXTI3_Callback
 .text.GPIO_EXTI0_Callback
                0x080033e0       0x10 ./Port/port_platform.o
                0x080033e0                GPIO_EXTI0_Callback
 .text.GPIO_EXTI4_15_Callback
                0x080033f0        0xe ./Port/port_platform.o
                0x080033f0                GPIO_EXTI4_15_Callback
 *fill*         0x080033fe        0x2 
 .text.i2c_slave_write
                0x08003400       0x98 ./Port/port_platform.o
                0x08003400                i2c_slave_write
 .text.HAL_UART_ErrorCallback
                0x08003498        0xa ./Port/port_platform.o
                0x08003498                HAL_UART_ErrorCallback
 .text.UART2_EndRxTransfer
                0x080034a2        0xa ./Port/port_platform.o
 .text.UART2_IRQHandler
                0x080034ac      0x1b0 ./Port/port_platform.o
                0x080034ac                UART2_IRQHandler
 .text.Restart  0x0800365c       0x58 ./Port/port_platform.o
                0x0800365c                Restart
 .text.SendButton
                0x080036b4       0x10 ./Port/port_platform.o
                0x080036b4                SendButton
 .text.cmd_onERROR
                0x080036c4       0x88 ./cmd/cmd.o
 .text.command_parser
                0x0800374c      0x198 ./cmd/cmd.o
                0x0800374c                command_parser
 .text.f_chan   0x080038e4       0x3c ./cmd/cmd_fn.o
                0x080038e4                f_chan
 .text.f_prf    0x08003920       0x3c ./cmd/cmd_fn.o
                0x08003920                f_prf
 .text.f_plen   0x0800395c       0x3c ./cmd/cmd_fn.o
                0x0800395c                f_plen
 .text.f_rxPAC  0x08003998       0x3c ./cmd/cmd_fn.o
                0x08003998                f_rxPAC
 .text.f_txCode
                0x080039d4       0x2c ./cmd/cmd_fn.o
                0x080039d4                f_txCode
 .text.f_nsSFD  0x08003a00       0x28 ./cmd/cmd_fn.o
                0x08003a00                f_nsSFD
 .text.f_dataRate
                0x08003a28       0x3c ./cmd/cmd_fn.o
                0x08003a28                f_dataRate
 .text.f_phrMode
                0x08003a64       0x28 ./cmd/cmd_fn.o
                0x08003a64                f_phrMode
 .text.f_sfdTO  0x08003a8c       0x48 ./cmd/cmd_fn.o
                0x08003a8c                f_sfdTO
 .text.f_smartPowerEn
                0x08003ad4       0x4c ./cmd/cmd_fn.o
                0x08003ad4                f_smartPowerEn
 .text.f_interval_in_ms
                0x08003b20       0x70 ./cmd/cmd_fn.o
                0x08003b20                f_interval_in_ms
 .text.f_interval_slow_in_ms
                0x08003b90       0x70 ./cmd/cmd_fn.o
                0x08003b90                f_interval_slow_in_ms
 .text.f_randomness
                0x08003c00       0x24 ./cmd/cmd_fn.o
                0x08003c00                f_randomness
 .text.f_decaTDoATag
                0x08003c24      0x164 ./cmd/cmd_fn.o
                0x08003c24                f_decaTDoATag
 .text.f_jstat  0x08003d88      0x36c ./cmd/cmd_fn.o
                0x08003d88                f_jstat
 .text.f_stat   0x080040f4       0x3c ./cmd/cmd_fn.o
                0x080040f4                f_stat
 .text.f_help_app
                0x08004130       0xa8 ./cmd/cmd_fn.o
                0x08004130                f_help_app
 .text.f_tcwm   0x080041d8       0x1c ./cmd/cmd_fn.o
                0x080041d8                f_tcwm
 .text.f_tcfm   0x080041f4       0x1c ./cmd/cmd_fn.o
                0x080041f4                f_tcfm
 .text.f_restore
                0x08004210       0x20 ./cmd/cmd_fn.o
                0x08004210                f_restore
 .text.f_restart
                0x08004230       0x20 ./cmd/cmd_fn.o
                0x08004230                f_restart
 .text.f_save   0x08004250       0x24 ./cmd/cmd_fn.o
                0x08004250                f_save
 .text.f_anchorID
                0x08004274       0x70 ./cmd/cmd_fn.o
                0x08004274                f_anchorID
 .text.waitForCommand
                0x080042e4      0x15c ./cmd/cmd_uart_rx.o
                0x080042e4                waitForCommand
 .text.process_uartmsg
                0x08004440       0x70 ./cmd/cmd_uart_rx.o
                0x08004440                process_uartmsg
 .text.LL_CRC_ResetCRCCalculationUnit
                0x080044b0       0x1c ./config/config.o
 .text.LL_CRC_FeedData8
                0x080044cc       0x1e ./config/config.o
 .text.LL_CRC_ReadData8
                0x080044ea       0x16 ./config/config.o
 .text.LockEeprom
                0x08004500       0x38 ./config/config.o
 .text.UnlockEeprom
                0x08004538       0x48 ./config/config.o
 .text.EepromProgram
                0x08004580       0x1a ./config/config.o
 *fill*         0x0800459a        0x2 
 .text.CRC8_Calculate
                0x0800459c       0x48 ./config/config.o
 .text.save_bssConfig
                0x080045e4       0xdc ./config/config.o
                0x080045e4                save_bssConfig
 .text.load_bssConfig
                0x080046c0       0x5c ./config/config.o
                0x080046c0                load_bssConfig
 .text.get_pbssConfig
                0x0800471c       0x14 ./config/config.o
                0x0800471c                get_pbssConfig
 .text.restore_nvm_fconfig
                0x08004730       0x1c ./config/config.o
                0x08004730                restore_nvm_fconfig
 .text.dwt_initialise
                0x0800474c      0x2a8 ./deca_driver/deca_device.o
                0x0800474c                dwt_initialise
 .text.dwt_readdevid
                0x080049f4       0x14 ./deca_driver/deca_device.o
                0x080049f4                dwt_readdevid
 .text.dwt_configuretxrf
                0x08004a08       0x2c ./deca_driver/deca_device.o
                0x08004a08                dwt_configuretxrf
 .text.dwt_configure
                0x08004a34      0x348 ./deca_driver/deca_device.o
                0x08004a34                dwt_configure
 .text.dwt_writetxdata
                0x08004d7c       0x50 ./deca_driver/deca_device.o
                0x08004d7c                dwt_writetxdata
 .text.dwt_writetxfctrl
                0x08004dcc       0x48 ./deca_driver/deca_device.o
                0x08004dcc                dwt_writetxfctrl
 .text.dwt_writetodevice
                0x08004e14       0xc2 ./deca_driver/deca_device.o
                0x08004e14                dwt_writetodevice
 .text.dwt_readfromdevice
                0x08004ed6       0xb8 ./deca_driver/deca_device.o
                0x08004ed6                dwt_readfromdevice
 .text.dwt_read32bitoffsetreg
                0x08004f8e       0x4e ./deca_driver/deca_device.o
                0x08004f8e                dwt_read32bitoffsetreg
 .text.dwt_read16bitoffsetreg
                0x08004fdc       0x46 ./deca_driver/deca_device.o
                0x08004fdc                dwt_read16bitoffsetreg
 .text.dwt_read8bitoffsetreg
                0x08005022       0x28 ./deca_driver/deca_device.o
                0x08005022                dwt_read8bitoffsetreg
 .text.dwt_write8bitoffsetreg
                0x0800504a       0x26 ./deca_driver/deca_device.o
                0x0800504a                dwt_write8bitoffsetreg
 .text.dwt_write16bitoffsetreg
                0x08005070       0x40 ./deca_driver/deca_device.o
                0x08005070                dwt_write16bitoffsetreg
 .text.dwt_write32bitoffsetreg
                0x080050b0       0x4e ./deca_driver/deca_device.o
                0x080050b0                dwt_write32bitoffsetreg
 .text.dwt_otpread
                0x080050fe       0x5e ./deca_driver/deca_device.o
                0x080050fe                dwt_otpread
 .text._dwt_otpread
                0x0800515c       0x44 ./deca_driver/deca_device.o
                0x0800515c                _dwt_otpread
 .text._dwt_aonarrayupload
                0x080051a0       0x1e ./deca_driver/deca_device.o
                0x080051a0                _dwt_aonarrayupload
 *fill*         0x080051be        0x2 
 .text.dwt_configuresleep
                0x080051c0       0x4c ./deca_driver/deca_device.o
                0x080051c0                dwt_configuresleep
 .text.dwt_entersleepaftertx
                0x0800520c       0x48 ./deca_driver/deca_device.o
                0x0800520c                dwt_entersleepaftertx
 .text._dwt_configlde
                0x08005254       0x4c ./deca_driver/deca_device.o
                0x08005254                _dwt_configlde
 .text._dwt_loaducodefromrom
                0x080052a0       0x2a ./deca_driver/deca_device.o
                0x080052a0                _dwt_loaducodefromrom
 *fill*         0x080052ca        0x2 
 .text.dwt_setsmarttxpower
                0x080052cc       0x64 ./deca_driver/deca_device.o
                0x080052cc                dwt_setsmarttxpower
 .text.dwt_setcallbacks
                0x08005330       0x3c ./deca_driver/deca_device.o
                0x08005330                dwt_setcallbacks
 .text.dwt_isr  0x0800536c      0x1ec ./deca_driver/deca_device.o
                0x0800536c                dwt_isr
 .text.dwt_setleds
                0x08005558       0xd8 ./deca_driver/deca_device.o
                0x08005558                dwt_setleds
 .text._dwt_enableclocks
                0x08005630      0x140 ./deca_driver/deca_device.o
                0x08005630                _dwt_enableclocks
 .text._dwt_disablesequencing
                0x08005770       0x1a ./deca_driver/deca_device.o
                0x08005770                _dwt_disablesequencing
 *fill*         0x0800578a        0x2 
 .text.dwt_starttx
                0x0800578c       0xbc ./deca_driver/deca_device.o
                0x0800578c                dwt_starttx
 .text.dwt_forcetrxoff
                0x08005848       0x6c ./deca_driver/deca_device.o
                0x08005848                dwt_forcetrxoff
 .text.dwt_syncrxbufptrs
                0x080058b4       0x38 ./deca_driver/deca_device.o
                0x080058b4                dwt_syncrxbufptrs
 .text.dwt_rxreset
                0x080058ec       0x1e ./deca_driver/deca_device.o
                0x080058ec                dwt_rxreset
 *fill*         0x0800590a        0x2 
 .text.dwt_softreset
                0x0800590c       0x48 ./deca_driver/deca_device.o
                0x0800590c                dwt_softreset
 .text.dwt_setxtaltrim
                0x08005954       0x3a ./deca_driver/deca_device.o
                0x08005954                dwt_setxtaltrim
 *fill*         0x0800598e        0x2 
 .text.instance_init
                0x08005990       0xf0 ./instance/instance.o
                0x08005990                instance_init
 .text.instance_config
                0x08005a80       0x6c ./instance/instance.o
                0x08005a80                instance_config
 .text.instance_txcallback
                0x08005aec       0x10 ./instance/instance.o
                0x08005aec                instance_txcallback
 .text.instance_rxgood
                0x08005afc       0x10 ./instance/instance.o
                0x08005afc                instance_rxgood
 .text.instance_rxtimeout
                0x08005b0c       0x10 ./instance/instance.o
                0x08005b0c                instance_rxtimeout
 .text.instance_rxerror
                0x08005b1c       0x10 ./instance/instance.o
                0x08005b1c                instance_rxerror
 .text.lis3dh_init_sensor
                0x08005b2c      0x194 ./mems/lis3dh.o
                0x08005b2c                lis3dh_init_sensor
 .text.lis3dh_set_mode
                0x08005cc0      0x19c ./mems/lis3dh.o
                0x08005cc0                lis3dh_set_mode
 .text.lis3dh_set_scale
                0x08005e5c       0x90 ./mems/lis3dh.o
                0x08005e5c                lis3dh_set_scale
 .text.lis3dh_enable_int
                0x08005eec      0x230 ./mems/lis3dh.o
                0x08005eec                lis3dh_enable_int
 .text.lis3dh_set_int_event_config
                0x0800611c      0x380 ./mems/lis3dh.o
                0x0800611c                lis3dh_set_int_event_config
 .text.lis3dh_config_hpf
                0x0800649c      0x112 ./mems/lis3dh.o
                0x0800649c                lis3dh_config_hpf
 .text.lis3dh_get_hpf_ref
                0x080065ae       0x56 ./mems/lis3dh.o
                0x080065ae                lis3dh_get_hpf_ref
 .text.lis3dh_is_available
                0x08006604       0x58 ./mems/lis3dh.o
 .text.lis3dh_reset
                0x0800665c       0x92 ./mems/lis3dh.o
 .text.lis3dh_reg_read
                0x080066ee       0x7c ./mems/lis3dh.o
                0x080066ee                lis3dh_reg_read
 .text.lis3dh_reg_write
                0x0800676a       0x7c ./mems/lis3dh.o
                0x0800676a                lis3dh_reg_write
 *fill*         0x080067e6        0x2 
 .text.lis3dh_spi_read
                0x080067e8       0xf0 ./mems/lis3dh.o
 .text.lis3dh_spi_write
                0x080068d8       0xe8 ./mems/lis3dh.o
 .text.lis3dh_i2c_read
                0x080069c0       0x94 ./mems/lis3dh.o
 .text.lis3dh_i2c_write
                0x08006a54       0x94 ./mems/lis3dh.o
 .text.lis3dh_powerdown
                0x08006ae8       0x40 ./mems/lis3dh.o
                0x08006ae8                lis3dh_powerdown
 .text.lis3dh_get_device
                0x08006b28       0x14 ./mems/lis3dh.o
                0x08006b28                lis3dh_get_device
 .text.chan_to_deca
                0x08006b3c       0x2a ./utils/translate.o
                0x08006b3c                chan_to_deca
 .text.deca_to_chan
                0x08006b66       0x1a ./utils/translate.o
                0x08006b66                deca_to_chan
 .text.bitrate_to_deca
                0x08006b80       0x48 ./utils/translate.o
                0x08006b80                bitrate_to_deca
 .text.deca_to_bitrate
                0x08006bc8       0x44 ./utils/translate.o
                0x08006bc8                deca_to_bitrate
 .text.prf_to_deca
                0x08006c0c       0x2a ./utils/translate.o
                0x08006c0c                prf_to_deca
 .text.deca_to_prf
                0x08006c36       0x2a ./utils/translate.o
                0x08006c36                deca_to_prf
 .text.pac_to_deca
                0x08006c60       0x4a ./utils/translate.o
                0x08006c60                pac_to_deca
 .text.deca_to_pac
                0x08006caa       0x4a ./utils/translate.o
                0x08006caa                deca_to_pac
 .text.plen_to_deca
                0x08006cf4       0xa2 ./utils/translate.o
                0x08006cf4                plen_to_deca
 *fill*         0x08006d96        0x2 
 .text.deca_to_plen
                0x08006d98       0x50 ./utils/translate.o
                0x08006d98                deca_to_plen
 .text.tvc_otp_read_txcfgref
                0x08006de8      0x1c0 ./utils/tvc.o
                0x08006de8                tvc_otp_read_txcfgref
 .text.malloc   0x08006fa8       0x14 /opt/st/stm32cubeide_1.18.0/plugins/com.st.stm32cube.ide.mcu.externaltools.gnu-tools-for-stm32.13.3.rel1.linux64_1.0.0.202410170706/tools/bin/../lib/gcc/arm-none-eabi/13.3.1/../../../../arm-none-eabi/lib/thumb/v6-m/nofp/libc_nano.a(libc_a-malloc.o)
                0x08006fa8                malloc
 .text.free     0x08006fbc       0x14 /opt/st/stm32cubeide_1.18.0/plugins/com.st.stm32cube.ide.mcu.externaltools.gnu-tools-for-stm32.13.3.rel1.linux64_1.0.0.202410170706/tools/bin/../lib/gcc/arm-none-eabi/13.3.1/../../../../arm-none-eabi/lib/thumb/v6-m/nofp/libc_nano.a(libc_a-malloc.o)
                0x08006fbc                free
 .text.sbrk_aligned
                0x08006fd0       0x44 /opt/st/stm32cubeide_1.18.0/plugins/com.st.stm32cube.ide.mcu.externaltools.gnu-tools-for-stm32.13.3.rel1.linux64_1.0.0.202410170706/tools/bin/../lib/gcc/arm-none-eabi/13.3.1/../../../../arm-none-eabi/lib/thumb/v6-m/nofp/libc_nano.a(libc_a-mallocr.o)
 .text._malloc_r
                0x08007014      0x100 /opt/st/stm32cubeide_1.18.0/plugins/com.st.stm32cube.ide.mcu.externaltools.gnu-tools-for-stm32.13.3.rel1.linux64_1.0.0.202410170706/tools/bin/../lib/gcc/arm-none-eabi/13.3.1/../../../../arm-none-eabi/lib/thumb/v6-m/nofp/libc_nano.a(libc_a-mallocr.o)
                0x08007014                _malloc_r
 .text.__malloc_lock
                0x08007114       0x10 /opt/st/stm32cubeide_1.18.0/plugins/com.st.stm32cube.ide.mcu.externaltools.gnu-tools-for-stm32.13.3.rel1.linux64_1.0.0.202410170706/tools/bin/../lib/gcc/arm-none-eabi/13.3.1/../../../../arm-none-eabi/lib/thumb/v6-m/nofp/libc_nano.a(libc_a-mlock.o)
                0x08007114                __malloc_lock
 .text.__malloc_unlock
                0x08007124       0x10 /opt/st/stm32cubeide_1.18.0/plugins/com.st.stm32cube.ide.mcu.externaltools.gnu-tools-for-stm32.13.3.rel1.linux64_1.0.0.202410170706/tools/bin/../lib/gcc/arm-none-eabi/13.3.1/../../../../arm-none-eabi/lib/thumb/v6-m/nofp/libc_nano.a(libc_a-mlock.o)
                0x08007124                __malloc_unlock
 .text.sprintf  0x08007134       0x44 /opt/st/stm32cubeide_1.18.0/plugins/com.st.stm32cube.ide.mcu.externaltools.gnu-tools-for-stm32.13.3.rel1.linux64_1.0.0.202410170706/tools/bin/../lib/gcc/arm-none-eabi/13.3.1/../../../../arm-none-eabi/lib/thumb/v6-m/nofp/libc_nano.a(libc_a-sprintf.o)
                0x08007134                sprintf
                0x08007134                siprintf
 .text.sscanf   0x08007178       0x54 /opt/st/stm32cubeide_1.18.0/plugins/com.st.stm32cube.ide.mcu.externaltools.gnu-tools-for-stm32.13.3.rel1.linux64_1.0.0.202410170706/tools/bin/../lib/gcc/arm-none-eabi/13.3.1/../../../../arm-none-eabi/lib/thumb/v6-m/nofp/libc_nano.a(libc_a-sscanf.o)
                0x08007178                sscanf
                0x08007178                siscanf
 .text.__seofread
                0x080071cc        0x4 /opt/st/stm32cubeide_1.18.0/plugins/com.st.stm32cube.ide.mcu.externaltools.gnu-tools-for-stm32.13.3.rel1.linux64_1.0.0.202410170706/tools/bin/../lib/gcc/arm-none-eabi/13.3.1/../../../../arm-none-eabi/lib/thumb/v6-m/nofp/libc_nano.a(libc_a-stdio.o)
                0x080071cc                __seofread
 .text.memset   0x080071d0       0x10 /opt/st/stm32cubeide_1.18.0/plugins/com.st.stm32cube.ide.mcu.externaltools.gnu-tools-for-stm32.13.3.rel1.linux64_1.0.0.202410170706/tools/bin/../lib/gcc/arm-none-eabi/13.3.1/../../../../arm-none-eabi/lib/thumb/v6-m/nofp/libc_nano.a(libc_a-memset.o)
                0x080071d0                memset
 .text._sbrk_r  0x080071e0       0x24 /opt/st/stm32cubeide_1.18.0/plugins/com.st.stm32cube.ide.mcu.externaltools.gnu-tools-for-stm32.13.3.rel1.linux64_1.0.0.202410170706/tools/bin/../lib/gcc/arm-none-eabi/13.3.1/../../../../arm-none-eabi/lib/thumb/v6-m/nofp/libc_nano.a(libc_a-sbrkr.o)
                0x080071e0                _sbrk_r
 .text.__errno  0x08007204        0xc /opt/st/stm32cubeide_1.18.0/plugins/com.st.stm32cube.ide.mcu.externaltools.gnu-tools-for-stm32.13.3.rel1.linux64_1.0.0.202410170706/tools/bin/../lib/gcc/arm-none-eabi/13.3.1/../../../../arm-none-eabi/lib/thumb/v6-m/nofp/libc_nano.a(libc_a-errno.o)
                0x08007204                __errno
 .text.__libc_init_array
                0x08007210       0x48 /opt/st/stm32cubeide_1.18.0/plugins/com.st.stm32cube.ide.mcu.externaltools.gnu-tools-for-stm32.13.3.rel1.linux64_1.0.0.202410170706/tools/bin/../lib/gcc/arm-none-eabi/13.3.1/../../../../arm-none-eabi/lib/thumb/v6-m/nofp/libc_nano.a(libc_a-init.o)
                0x08007210                __libc_init_array
 .text.__retarget_lock_acquire_recursive
                0x08007258        0x2 /opt/st/stm32cubeide_1.18.0/plugins/com.st.stm32cube.ide.mcu.externaltools.gnu-tools-for-stm32.13.3.rel1.linux64_1.0.0.202410170706/tools/bin/../lib/gcc/arm-none-eabi/13.3.1/../../../../arm-none-eabi/lib/thumb/v6-m/nofp/libc_nano.a(libc_a-lock.o)
                0x08007258                __retarget_lock_acquire_recursive
 .text.__retarget_lock_release_recursive
                0x0800725a        0x2 /opt/st/stm32cubeide_1.18.0/plugins/com.st.stm32cube.ide.mcu.externaltools.gnu-tools-for-stm32.13.3.rel1.linux64_1.0.0.202410170706/tools/bin/../lib/gcc/arm-none-eabi/13.3.1/../../../../arm-none-eabi/lib/thumb/v6-m/nofp/libc_nano.a(libc_a-lock.o)
                0x0800725a                __retarget_lock_release_recursive
 .text.strcpy   0x0800725c       0x10 /opt/st/stm32cubeide_1.18.0/plugins/com.st.stm32cube.ide.mcu.externaltools.gnu-tools-for-stm32.13.3.rel1.linux64_1.0.0.202410170706/tools/bin/../lib/gcc/arm-none-eabi/13.3.1/../../../../arm-none-eabi/lib/thumb/v6-m/nofp/libc_nano.a(libc_a-strcpy.o)
                0x0800725c                strcpy
 .text.memcpy   0x0800726c       0x12 /opt/st/stm32cubeide_1.18.0/plugins/com.st.stm32cube.ide.mcu.externaltools.gnu-tools-for-stm32.13.3.rel1.linux64_1.0.0.202410170706/tools/bin/../lib/gcc/arm-none-eabi/13.3.1/../../../../arm-none-eabi/lib/thumb/v6-m/nofp/libc_nano.a(libc_a-memcpy-stub.o)
                0x0800726c                memcpy
 *fill*         0x0800727e        0x2 
 .text._free_r  0x08007280       0x94 /opt/st/stm32cubeide_1.18.0/plugins/com.st.stm32cube.ide.mcu.externaltools.gnu-tools-for-stm32.13.3.rel1.linux64_1.0.0.202410170706/tools/bin/../lib/gcc/arm-none-eabi/13.3.1/../../../../arm-none-eabi/lib/thumb/v6-m/nofp/libc_nano.a(libc_a-freer.o)
                0x08007280                _free_r
 .text.__ssputs_r
                0x08007314       0xc0 /opt/st/stm32cubeide_1.18.0/plugins/com.st.stm32cube.ide.mcu.externaltools.gnu-tools-for-stm32.13.3.rel1.linux64_1.0.0.202410170706/tools/bin/../lib/gcc/arm-none-eabi/13.3.1/../../../../arm-none-eabi/lib/thumb/v6-m/nofp/libc_nano.a(libc_a-nano-svfprintf.o)
                0x08007314                __ssputs_r
 .text._svfprintf_r
                0x080073d4      0x1fc /opt/st/stm32cubeide_1.18.0/plugins/com.st.stm32cube.ide.mcu.externaltools.gnu-tools-for-stm32.13.3.rel1.linux64_1.0.0.202410170706/tools/bin/../lib/gcc/arm-none-eabi/13.3.1/../../../../arm-none-eabi/lib/thumb/v6-m/nofp/libc_nano.a(libc_a-nano-svfprintf.o)
                0x080073d4                _svfprintf_r
                0x080073d4                _svfiprintf_r
 .text._sungetc_r
                0x080075d0       0x78 /opt/st/stm32cubeide_1.18.0/plugins/com.st.stm32cube.ide.mcu.externaltools.gnu-tools-for-stm32.13.3.rel1.linux64_1.0.0.202410170706/tools/bin/../lib/gcc/arm-none-eabi/13.3.1/../../../../arm-none-eabi/lib/thumb/v6-m/nofp/libc_nano.a(libc_a-nano-svfscanf.o)
                0x080075d0                _sungetc_r
 .text.__ssrefill_r
                0x08007648       0x3e /opt/st/stm32cubeide_1.18.0/plugins/com.st.stm32cube.ide.mcu.externaltools.gnu-tools-for-stm32.13.3.rel1.linux64_1.0.0.202410170706/tools/bin/../lib/gcc/arm-none-eabi/13.3.1/../../../../arm-none-eabi/lib/thumb/v6-m/nofp/libc_nano.a(libc_a-nano-svfscanf.o)
                0x08007648                __ssrefill_r
 *fill*         0x08007686        0x2 
 .text.__ssvfscanf_r
                0x08007688      0x2c8 /opt/st/stm32cubeide_1.18.0/plugins/com.st.stm32cube.ide.mcu.externaltools.gnu-tools-for-stm32.13.3.rel1.linux64_1.0.0.202410170706/tools/bin/../lib/gcc/arm-none-eabi/13.3.1/../../../../arm-none-eabi/lib/thumb/v6-m/nofp/libc_nano.a(libc_a-nano-svfscanf.o)
                0x08007688                __ssvfscanf_r
                0x08007688                __ssvfiscanf_r
 .text._printf_common
                0x08007950       0xde /opt/st/stm32cubeide_1.18.0/plugins/com.st.stm32cube.ide.mcu.externaltools.gnu-tools-for-stm32.13.3.rel1.linux64_1.0.0.202410170706/tools/bin/../lib/gcc/arm-none-eabi/13.3.1/../../../../arm-none-eabi/lib/thumb/v6-m/nofp/libc_nano.a(libc_a-nano-vfprintf_i.o)
                0x08007950                _printf_common
 *fill*         0x08007a2e        0x2 
 .text._printf_i
                0x08007a30      0x218 /opt/st/stm32cubeide_1.18.0/plugins/com.st.stm32cube.ide.mcu.externaltools.gnu-tools-for-stm32.13.3.rel1.linux64_1.0.0.202410170706/tools/bin/../lib/gcc/arm-none-eabi/13.3.1/../../../../arm-none-eabi/lib/thumb/v6-m/nofp/libc_nano.a(libc_a-nano-vfprintf_i.o)
                0x08007a30                _printf_i
 .text._scanf_chars
                0x08007c48       0xc0 /opt/st/stm32cubeide_1.18.0/plugins/com.st.stm32cube.ide.mcu.externaltools.gnu-tools-for-stm32.13.3.rel1.linux64_1.0.0.202410170706/tools/bin/../lib/gcc/arm-none-eabi/13.3.1/../../../../arm-none-eabi/lib/thumb/v6-m/nofp/libc_nano.a(libc_a-nano-vfscanf_i.o)
                0x08007c48                _scanf_chars
 .text._scanf_i
                0x08007d08      0x200 /opt/st/stm32cubeide_1.18.0/plugins/com.st.stm32cube.ide.mcu.externaltools.gnu-tools-for-stm32.13.3.rel1.linux64_1.0.0.202410170706/tools/bin/../lib/gcc/arm-none-eabi/13.3.1/../../../../arm-none-eabi/lib/thumb/v6-m/nofp/libc_nano.a(libc_a-nano-vfscanf_i.o)
                0x08007d08                _scanf_i
 .text.__sccl   0x08007f08       0x72 /opt/st/stm32cubeide_1.18.0/plugins/com.st.stm32cube.ide.mcu.externaltools.gnu-tools-for-stm32.13.3.rel1.linux64_1.0.0.202410170706/tools/bin/../lib/gcc/arm-none-eabi/13.3.1/../../../../arm-none-eabi/lib/thumb/v6-m/nofp/libc_nano.a(libc_a-sccl.o)
                0x08007f08                __sccl
 *fill*         0x08007f7a        0x2 
 .text.__submore
                0x08007f7c       0x7c /opt/st/stm32cubeide_1.18.0/plugins/com.st.stm32cube.ide.mcu.externaltools.gnu-tools-for-stm32.13.3.rel1.linux64_1.0.0.202410170706/tools/bin/../lib/gcc/arm-none-eabi/13.3.1/../../../../arm-none-eabi/lib/thumb/v6-m/nofp/libc_nano.a(libc_a-ungetc.o)
                0x08007f7c                __submore
 .text.memmove  0x08007ff8       0x24 /opt/st/stm32cubeide_1.18.0/plugins/com.st.stm32cube.ide.mcu.externaltools.gnu-tools-for-stm32.13.3.rel1.linux64_1.0.0.202410170706/tools/bin/../lib/gcc/arm-none-eabi/13.3.1/../../../../arm-none-eabi/lib/thumb/v6-m/nofp/libc_nano.a(libc_a-memmove.o)
                0x08007ff8                memmove
 .text.memchr   0x0800801c       0x16 /opt/st/stm32cubeide_1.18.0/plugins/com.st.stm32cube.ide.mcu.externaltools.gnu-tools-for-stm32.13.3.rel1.linux64_1.0.0.202410170706/tools/bin/../lib/gcc/arm-none-eabi/13.3.1/../../../../arm-none-eabi/lib/thumb/v6-m/nofp/libc_nano.a(libc_a-memchr-stub.o)
                0x0800801c                memchr
 .text._realloc_r
                0x08008032       0x60 /opt/st/stm32cubeide_1.18.0/plugins/com.st.stm32cube.ide.mcu.externaltools.gnu-tools-for-stm32.13.3.rel1.linux64_1.0.0.202410170706/tools/bin/../lib/gcc/arm-none-eabi/13.3.1/../../../../arm-none-eabi/lib/thumb/v6-m/nofp/libc_nano.a(libc_a-reallocr.o)
                0x08008032                _realloc_r
 *fill*         0x08008092        0x2 
 .text._strtol_l.isra.0
                0x08008094      0x114 /opt/st/stm32cubeide_1.18.0/plugins/com.st.stm32cube.ide.mcu.externaltools.gnu-tools-for-stm32.13.3.rel1.linux64_1.0.0.202410170706/tools/bin/../lib/gcc/arm-none-eabi/13.3.1/../../../../arm-none-eabi/lib/thumb/v6-m/nofp/libc_nano.a(libc_a-strtol.o)
 .text._strtol_r
                0x080081a8        0x8 /opt/st/stm32cubeide_1.18.0/plugins/com.st.stm32cube.ide.mcu.externaltools.gnu-tools-for-stm32.13.3.rel1.linux64_1.0.0.202410170706/tools/bin/../lib/gcc/arm-none-eabi/13.3.1/../../../../arm-none-eabi/lib/thumb/v6-m/nofp/libc_nano.a(libc_a-strtol.o)
                0x080081a8                _strtol_r
 .text._strtoul_l.isra.0
                0x080081b0      0x104 /opt/st/stm32cubeide_1.18.0/plugins/com.st.stm32cube.ide.mcu.externaltools.gnu-tools-for-stm32.13.3.rel1.linux64_1.0.0.202410170706/tools/bin/../lib/gcc/arm-none-eabi/13.3.1/../../../../arm-none-eabi/lib/thumb/v6-m/nofp/libc_nano.a(libc_a-strtoul.o)
 .text._strtoul_r
                0x080082b4        0x8 /opt/st/stm32cubeide_1.18.0/plugins/com.st.stm32cube.ide.mcu.externaltools.gnu-tools-for-stm32.13.3.rel1.linux64_1.0.0.202410170706/tools/bin/../lib/gcc/arm-none-eabi/13.3.1/../../../../arm-none-eabi/lib/thumb/v6-m/nofp/libc_nano.a(libc_a-strtoul.o)
                0x080082b4                _strtoul_r
 .text._malloc_usable_size_r
                0x080082bc       0x10 /opt/st/stm32cubeide_1.18.0/plugins/com.st.stm32cube.ide.mcu.externaltools.gnu-tools-for-stm32.13.3.rel1.linux64_1.0.0.202410170706/tools/bin/../lib/gcc/arm-none-eabi/13.3.1/../../../../arm-none-eabi/lib/thumb/v6-m/nofp/libc_nano.a(libc_a-msizer.o)
                0x080082bc                _malloc_usable_size_r
 *(.glue_7)
 .glue_7        0x080082cc        0x0 linker stubs
 *(.glue_7t)
 .glue_7t       0x080082cc        0x0 linker stubs
 *(.eh_frame)
 .eh_frame      0x080082cc        0x0 /opt/st/stm32cubeide_1.18.0/plugins/com.st.stm32cube.ide.mcu.externaltools.gnu-tools-for-stm32.13.3.rel1.linux64_1.0.0.202410170706/tools/bin/../lib/gcc/arm-none-eabi/13.3.1/thumb/v6-m/nofp/crtbegin.o
 *(.init)
 .init          0x080082cc        0x4 /opt/st/stm32cubeide_1.18.0/plugins/com.st.stm32cube.ide.mcu.externaltools.gnu-tools-for-stm32.13.3.rel1.linux64_1.0.0.202410170706/tools/bin/../lib/gcc/arm-none-eabi/13.3.1/thumb/v6-m/nofp/crti.o
                0x080082cc                _init
 .init          0x080082d0        0x8 /opt/st/stm32cubeide_1.18.0/plugins/com.st.stm32cube.ide.mcu.externaltools.gnu-tools-for-stm32.13.3.rel1.linux64_1.0.0.202410170706/tools/bin/../lib/gcc/arm-none-eabi/13.3.1/thumb/v6-m/nofp/crtn.o
 *(.fini)
 .fini          0x080082d8        0x4 /opt/st/stm32cubeide_1.18.0/plugins/com.st.stm32cube.ide.mcu.externaltools.gnu-tools-for-stm32.13.3.rel1.linux64_1.0.0.202410170706/tools/bin/../lib/gcc/arm-none-eabi/13.3.1/thumb/v6-m/nofp/crti.o
                0x080082d8                _fini
 .fini          0x080082dc        0x8 /opt/st/stm32cubeide_1.18.0/plugins/com.st.stm32cube.ide.mcu.externaltools.gnu-tools-for-stm32.13.3.rel1.linux64_1.0.0.202410170706/tools/bin/../lib/gcc/arm-none-eabi/13.3.1/thumb/v6-m/nofp/crtn.o
                0x080082e4                        . = ALIGN (0x4)
                0x080082e4                        _etext = .

.vfp11_veneer   0x080082e4        0x0
 .vfp11_veneer  0x080082e4        0x0 linker stubs

.v4_bx          0x080082e4        0x0
 .v4_bx         0x080082e4        0x0 linker stubs

.iplt           0x080082e4        0x0
 .iplt          0x080082e4        0x0 /opt/st/stm32cubeide_1.18.0/plugins/com.st.stm32cube.ide.mcu.externaltools.gnu-tools-for-stm32.13.3.rel1.linux64_1.0.0.202410170706/tools/bin/../lib/gcc/arm-none-eabi/13.3.1/thumb/v6-m/nofp/crtbegin.o

.rodata         0x080082e4      0x77c
                0x080082e4                        . = ALIGN (0x4)
 *(.rodata)
 .rodata        0x080082e4       0x36 ./cmd/cmd.o
 *fill*         0x0800831a        0x2 
 .rodata        0x0800831c      0x2b9 ./cmd/cmd_fn.o
 *fill*         0x080085d5        0x3 
 .rodata        0x080085d8       0x12 ./cmd/cmd_uart_rx.o
 *fill*         0x080085ea        0x2 
 .rodata        0x080085ec        0xc /opt/st/stm32cubeide_1.18.0/plugins/com.st.stm32cube.ide.mcu.externaltools.gnu-tools-for-stm32.13.3.rel1.linux64_1.0.0.202410170706/tools/bin/../lib/gcc/arm-none-eabi/13.3.1/../../../../arm-none-eabi/lib/thumb/v6-m/nofp/libc_nano.a(libc_a-nano-vfscanf_i.o)
 *(.rodata*)
 .rodata.AHBPrescTable
                0x080085f8       0x10 ./Core/Src/system_stm32l0xx.o
                0x080085f8                AHBPrescTable
 .rodata.APBPrescTable
                0x08008608        0x8 ./Core/Src/system_stm32l0xx.o
                0x08008608                APBPrescTable
 .rodata.PLLMulTable
                0x08008610        0x9 ./Core/Src/system_stm32l0xx.o
                0x08008610                PLLMulTable
 *fill*         0x08008619        0x3 
 .rodata.CMD_FN_RET_OK
                0x0800861c        0x5 ./cmd/cmd_fn.o
                0x0800861c                CMD_FN_RET_OK
 *fill*         0x08008621        0x3 
 .rodata.known_commands
                0x08008624      0x108 ./cmd/cmd_fn.o
                0x08008624                known_commands
 .rodata._dwt_enableclocks
                0x0800872c       0x3c ./deca_driver/deca_device.o
 .rodata.chan_idx
                0x08008768        0x8 ./deca_driver/deca_params_init.o
                0x08008768                chan_idx
 .rodata.tx_config
                0x08008770       0x18 ./deca_driver/deca_params_init.o
                0x08008770                tx_config
 .rodata.fs_pll_cfg
                0x08008788       0x18 ./deca_driver/deca_params_init.o
                0x08008788                fs_pll_cfg
 .rodata.fs_pll_tune
                0x080087a0        0x6 ./deca_driver/deca_params_init.o
                0x080087a0                fs_pll_tune
 *fill*         0x080087a6        0x2 
 .rodata.rx_config
                0x080087a8        0x2 ./deca_driver/deca_params_init.o
                0x080087a8                rx_config
 *fill*         0x080087aa        0x2 
 .rodata.agc_config
                0x080087ac        0x8 ./deca_driver/deca_params_init.o
                0x080087ac                agc_config
 .rodata.dwnsSFDlen
                0x080087b4        0x3 ./deca_driver/deca_params_init.o
                0x080087b4                dwnsSFDlen
 *fill*         0x080087b7        0x1 
 .rodata.sftsh  0x080087b8        0xc ./deca_driver/deca_params_init.o
                0x080087b8                sftsh
 .rodata.dtune1
                0x080087c4        0x4 ./deca_driver/deca_params_init.o
                0x080087c4                dtune1
 .rodata.digital_bb_config
                0x080087c8       0x20 ./deca_driver/deca_params_init.o
                0x080087c8                digital_bb_config
 .rodata.lde_replicaCoeff
                0x080087e8       0x32 ./deca_driver/deca_params_init.o
                0x080087e8                lde_replicaCoeff
 *fill*         0x0800881a        0x2 
 .rodata.lis3dh_enable_int
                0x0800881c       0x18 ./mems/lis3dh.o
 .rodata.lis3dh_set_int_event_config
                0x08008834       0x18 ./mems/lis3dh.o
 .rodata.deca_to_plen
                0x0800884c       0xc4 ./utils/translate.o
 .rodata._ctype_
                0x08008910      0x101 /opt/st/stm32cubeide_1.18.0/plugins/com.st.stm32cube.ide.mcu.externaltools.gnu-tools-for-stm32.13.3.rel1.linux64_1.0.0.202410170706/tools/bin/../lib/gcc/arm-none-eabi/13.3.1/../../../../arm-none-eabi/lib/thumb/v6-m/nofp/libc_nano.a(libc_a-ctype_.o)
                0x08008910                _ctype_
 .rodata._svfprintf_r.str1.1
                0x08008a11       0x4e /opt/st/stm32cubeide_1.18.0/plugins/com.st.stm32cube.ide.mcu.externaltools.gnu-tools-for-stm32.13.3.rel1.linux64_1.0.0.202410170706/tools/bin/../lib/gcc/arm-none-eabi/13.3.1/../../../../arm-none-eabi/lib/thumb/v6-m/nofp/libc_nano.a(libc_a-nano-svfprintf.o)
                                 0x11 (size before relaxing)
 .rodata.__ssvfscanf_r.str1.1
                0x08008a5f        0x4 /opt/st/stm32cubeide_1.18.0/plugins/com.st.stm32cube.ide.mcu.externaltools.gnu-tools-for-stm32.13.3.rel1.linux64_1.0.0.202410170706/tools/bin/../lib/gcc/arm-none-eabi/13.3.1/../../../../arm-none-eabi/lib/thumb/v6-m/nofp/libc_nano.a(libc_a-nano-svfscanf.o)
 .rodata._printf_i.str1.1
                0x08008a5f       0x22 /opt/st/stm32cubeide_1.18.0/plugins/com.st.stm32cube.ide.mcu.externaltools.gnu-tools-for-stm32.13.3.rel1.linux64_1.0.0.202410170706/tools/bin/../lib/gcc/arm-none-eabi/13.3.1/../../../../arm-none-eabi/lib/thumb/v6-m/nofp/libc_nano.a(libc_a-nano-vfprintf_i.o)
 .rodata._scanf_i.str1.1
                0x08008a5f       0x12 /opt/st/stm32cubeide_1.18.0/plugins/com.st.stm32cube.ide.mcu.externaltools.gnu-tools-for-stm32.13.3.rel1.linux64_1.0.0.202410170706/tools/bin/../lib/gcc/arm-none-eabi/13.3.1/../../../../arm-none-eabi/lib/thumb/v6-m/nofp/libc_nano.a(libc_a-nano-vfscanf_i.o)
 .rodata.str1.1
                0x08008a5f        0x9 /opt/st/stm32cubeide_1.18.0/plugins/com.st.stm32cube.ide.mcu.externaltools.gnu-tools-for-stm32.13.3.rel1.linux64_1.0.0.202410170706/tools/bin/../lib/gcc/arm-none-eabi/13.3.1/../../../../arm-none-eabi/lib/thumb/v6-m/nofp/libc_nano.a(libc_a-nano-vfscanf_i.o)
                0x08008a84                        . = ALIGN (0x4)
 *fill*         0x08008a5f        0x1 

.ARM.extab      0x08008a60        0x0
                0x08008a60                        . = ALIGN (0x4)
 *(.ARM.extab* .gnu.linkonce.armextab.*)
                0x08008a60                        . = ALIGN (0x4)

.ARM            0x08008a60        0x0
                0x08008a60                        . = ALIGN (0x4)
                0x08008a60                        __exidx_start = .
 *(.ARM.exidx*)
                0x08008a60                        __exidx_end = .
                0x08008a60                        . = ALIGN (0x4)

.preinit_array  0x08008a60        0x0
                0x08008a60                        . = ALIGN (0x4)
                0x08008a60                        PROVIDE (__preinit_array_start = .)
 *(.preinit_array*)
                0x08008a60                        PROVIDE (__preinit_array_end = .)
                0x08008a60                        . = ALIGN (0x4)

.init_array     0x08008a60        0x4
                0x08008a60                        . = ALIGN (0x4)
                0x08008a60                        PROVIDE (__init_array_start = .)
 *(SORT_BY_NAME(.init_array.*))
 *(.init_array*)
 .init_array    0x08008a60        0x4 /opt/st/stm32cubeide_1.18.0/plugins/com.st.stm32cube.ide.mcu.externaltools.gnu-tools-for-stm32.13.3.rel1.linux64_1.0.0.202410170706/tools/bin/../lib/gcc/arm-none-eabi/13.3.1/thumb/v6-m/nofp/crtbegin.o
                0x08008a64                        PROVIDE (__init_array_end = .)
                0x08008a64                        . = ALIGN (0x4)

.fini_array     0x08008a64        0x4
                0x08008a64                        . = ALIGN (0x4)
                [!provide]                        PROVIDE (__fini_array_start = .)
 *(SORT_BY_NAME(.fini_array.*))
 *(.fini_array*)
 .fini_array    0x08008a64        0x4 /opt/st/stm32cubeide_1.18.0/plugins/com.st.stm32cube.ide.mcu.externaltools.gnu-tools-for-stm32.13.3.rel1.linux64_1.0.0.202410170706/tools/bin/../lib/gcc/arm-none-eabi/13.3.1/thumb/v6-m/nofp/crtbegin.o
                [!provide]                        PROVIDE (__fini_array_end = .)
                0x08008a68                        . = ALIGN (0x4)
                0x08008a68                        _sidata = LOADADDR (.data)

.rel.dyn        0x08008a68        0x0
 .rel.iplt      0x08008a68        0x0 /opt/st/stm32cubeide_1.18.0/plugins/com.st.stm32cube.ide.mcu.externaltools.gnu-tools-for-stm32.13.3.rel1.linux64_1.0.0.202410170706/tools/bin/../lib/gcc/arm-none-eabi/13.3.1/thumb/v6-m/nofp/crtbegin.o

.data           0x20000000       0xc4 load address 0x08008a68
                0x20000000                        . = ALIGN (0x4)
                0x20000000                        _sdata = .
 *(.data)
 *(.data*)
 .data.tx_frame
                0x20000000        0xc ./Core/Src/main.o
 .data.SystemCoreClock
                0x2000000c        0x4 ./Core/Src/system_stm32l0xx.o
                0x2000000c                SystemCoreClock
 .data.pdw1000local
                0x20000010        0x4 ./deca_driver/deca_device.o
 .data.ref_goldenval
                0x20000014       0x60 ./utils/tvc.o
 .data._impure_ptr
                0x20000074        0x4 /opt/st/stm32cubeide_1.18.0/plugins/com.st.stm32cube.ide.mcu.externaltools.gnu-tools-for-stm32.13.3.rel1.linux64_1.0.0.202410170706/tools/bin/../lib/gcc/arm-none-eabi/13.3.1/../../../../arm-none-eabi/lib/thumb/v6-m/nofp/libc_nano.a(libc_a-impure.o)
                0x20000074                _impure_ptr
 .data._impure_data
                0x20000078       0x4c /opt/st/stm32cubeide_1.18.0/plugins/com.st.stm32cube.ide.mcu.externaltools.gnu-tools-for-stm32.13.3.rel1.linux64_1.0.0.202410170706/tools/bin/../lib/gcc/arm-none-eabi/13.3.1/../../../../arm-none-eabi/lib/thumb/v6-m/nofp/libc_nano.a(libc_a-impure.o)
                0x20000078                _impure_data
 *(.RamFunc)
 *(.RamFunc*)
                0x200000c4                        . = ALIGN (0x4)
                0x200000c4                        _edata = .

.igot.plt       0x200000c4        0x0 load address 0x08008b2c
 .igot.plt      0x200000c4        0x0 /opt/st/stm32cubeide_1.18.0/plugins/com.st.stm32cube.ide.mcu.externaltools.gnu-tools-for-stm32.13.3.rel1.linux64_1.0.0.202410170706/tools/bin/../lib/gcc/arm-none-eabi/13.3.1/thumb/v6-m/nofp/crtbegin.o
                0x200000c4                        . = ALIGN (0x4)

.bss            0x20000100      0x4e0 load address 0x08008b2c
                0x20000100                        _sbss = .
                0x20000100                        __bss_start__ = _sbss
 *(.bss)
 .bss           0x20000100       0x1c /opt/st/stm32cubeide_1.18.0/plugins/com.st.stm32cube.ide.mcu.externaltools.gnu-tools-for-stm32.13.3.rel1.linux64_1.0.0.202410170706/tools/bin/../lib/gcc/arm-none-eabi/13.3.1/thumb/v6-m/nofp/crtbegin.o
 *(.bss*)
 .bss.app       0x2000011c       0x10 ./Core/Src/main.o
                0x2000011c                app
 .bss.__sbrk_heap_end
                0x2000012c        0x4 ./Core/Src/sysmem.o
 .bss.rx_buf    0x20000130      0x100 ./Port/deca_uart.o
 .bss.rx_buf_index
                0x20000230        0x4 ./Port/deca_uart.o
 .bss.uart_rx_data_ready
                0x20000234        0x1 ./Port/deca_uart.o
 .bss.gMotionDetInt
                0x20000235        0x1 ./Port/port_platform.o
 .bss.SerialData
                0x20000236        0x1 ./Port/port_platform.o
                0x20000236                SerialData
 *fill*         0x20000237        0x1 
 .bss.SysTickCount
                0x20000238        0x4 ./Port/port_platform.o
                0x20000238                SysTickCount
 .bss.local_buff
                0x2000023c       0x40 ./cmd/cmd_uart_rx.o
 .bss.local_buff_length
                0x2000027c        0x2 ./cmd/cmd_uart_rx.o
 .bss.cmdLen.1  0x2000027e        0x1 ./cmd/cmd_uart_rx.o
 *fill*         0x2000027f        0x1 
 .bss.cmdBuf.0  0x20000280       0x40 ./cmd/cmd_uart_rx.o
 *fill*         0x200002c0       0x40 
 .bss.tmpConfig
                0x20000300       0x67 ./config/config.o
 *fill*         0x20000367        0x1 
 .bss.dw1000local
                0x20000368       0x38 ./deca_driver/deca_device.o
 .bss.ref       0x200003a0       0x10 ./instance/instance.o
 .bss.instance_data
                0x200003b0       0x24 ./instance/instance.o
                0x200003b0                instance_data
 .bss.sensor    0x200003d4        0x4 ./mems/lis3dh.o
 .bss.mosi.2    0x200003d8       0x40 ./mems/lis3dh.o
 .bss.miso.1    0x20000418       0x40 ./mems/lis3dh.o
 .bss.mosi.0    0x20000458       0x40 ./mems/lis3dh.o
 .bss.__malloc_sbrk_start
                0x20000498        0x4 /opt/st/stm32cubeide_1.18.0/plugins/com.st.stm32cube.ide.mcu.externaltools.gnu-tools-for-stm32.13.3.rel1.linux64_1.0.0.202410170706/tools/bin/../lib/gcc/arm-none-eabi/13.3.1/../../../../arm-none-eabi/lib/thumb/v6-m/nofp/libc_nano.a(libc_a-mallocr.o)
                0x20000498                __malloc_sbrk_start
 .bss.__malloc_free_list
                0x2000049c        0x4 /opt/st/stm32cubeide_1.18.0/plugins/com.st.stm32cube.ide.mcu.externaltools.gnu-tools-for-stm32.13.3.rel1.linux64_1.0.0.202410170706/tools/bin/../lib/gcc/arm-none-eabi/13.3.1/../../../../arm-none-eabi/lib/thumb/v6-m/nofp/libc_nano.a(libc_a-mallocr.o)
                0x2000049c                __malloc_free_list
 .bss.__sf      0x200004a0      0x138 /opt/st/stm32cubeide_1.18.0/plugins/com.st.stm32cube.ide.mcu.externaltools.gnu-tools-for-stm32.13.3.rel1.linux64_1.0.0.202410170706/tools/bin/../lib/gcc/arm-none-eabi/13.3.1/../../../../arm-none-eabi/lib/thumb/v6-m/nofp/libc_nano.a(libc_a-findfp.o)
                0x200004a0                __sf
 .bss.errno     0x200005d8        0x4 /opt/st/stm32cubeide_1.18.0/plugins/com.st.stm32cube.ide.mcu.externaltools.gnu-tools-for-stm32.13.3.rel1.linux64_1.0.0.202410170706/tools/bin/../lib/gcc/arm-none-eabi/13.3.1/../../../../arm-none-eabi/lib/thumb/v6-m/nofp/libc_nano.a(libc_a-reent.o)
                0x200005d8                errno
 .bss.__lock___malloc_recursive_mutex
                0x200005dc        0x1 /opt/st/stm32cubeide_1.18.0/plugins/com.st.stm32cube.ide.mcu.externaltools.gnu-tools-for-stm32.13.3.rel1.linux64_1.0.0.202410170706/tools/bin/../lib/gcc/arm-none-eabi/13.3.1/../../../../arm-none-eabi/lib/thumb/v6-m/nofp/libc_nano.a(libc_a-lock.o)
                0x200005dc                __lock___malloc_recursive_mutex
 *(COMMON)
                0x200005e0                        . = ALIGN (0x4)
 *fill*         0x200005dd        0x3 
                0x200005e0                        _ebss = .
                0x200005e0                        __bss_end__ = _ebss

._user_heap_stack
                0x200005e0      0x600 load address 0x08008b2c
                0x200005e0                        . = ALIGN (0x8)
                [!provide]                        PROVIDE (end = .)
                0x200005e0                        PROVIDE (_end = .)
                0x200007e0                        . = (. + _Min_Heap_Size)
 *fill*         0x200005e0      0x200 
                0x20000be0                        . = (. + _Min_Stack_Size)
 *fill*         0x200007e0      0x400 
                0x20000be0                        . = ALIGN (0x8)

/DISCARD/
 libc.a(*)
 libm.a(*)
 libgcc.a(*)

.ARM.attributes
                0x00000000       0x28
 *(.ARM.attributes)
 .ARM.attributes
                0x00000000       0x1e /opt/st/stm32cubeide_1.18.0/plugins/com.st.stm32cube.ide.mcu.externaltools.gnu-tools-for-stm32.13.3.rel1.linux64_1.0.0.202410170706/tools/bin/../lib/gcc/arm-none-eabi/13.3.1/thumb/v6-m/nofp/crti.o
 .ARM.attributes
                0x0000001e       0x2c /opt/st/stm32cubeide_1.18.0/plugins/com.st.stm32cube.ide.mcu.externaltools.gnu-tools-for-stm32.13.3.rel1.linux64_1.0.0.202410170706/tools/bin/../lib/gcc/arm-none-eabi/13.3.1/thumb/v6-m/nofp/crtbegin.o
 .ARM.attributes
                0x0000004a       0x2c ./Core/Src/main.o
 .ARM.attributes
                0x00000076       0x2c ./Core/Src/stm32l0xx_it.o
 .ARM.attributes
                0x000000a2       0x2c ./Core/Src/sysmem.o
 .ARM.attributes
                0x000000ce       0x2c ./Core/Src/system_stm32l0xx.o
 .ARM.attributes
                0x000000fa       0x22 ./Core/Startup/startup_stm32l041g6uxs.o
 .ARM.attributes
                0x0000011c       0x2c ./Drivers/STM32L0xx_HAL_Driver/Src/stm32l0xx_ll_exti.o
 .ARM.attributes
                0x00000148       0x2c ./Drivers/STM32L0xx_HAL_Driver/Src/stm32l0xx_ll_gpio.o
 .ARM.attributes
                0x00000174       0x2c ./Drivers/STM32L0xx_HAL_Driver/Src/stm32l0xx_ll_i2c.o
 .ARM.attributes
                0x000001a0       0x2c ./Drivers/STM32L0xx_HAL_Driver/Src/stm32l0xx_ll_rcc.o
 .ARM.attributes
                0x000001cc       0x2c ./Drivers/STM32L0xx_HAL_Driver/Src/stm32l0xx_ll_rtc.o
 .ARM.attributes
                0x000001f8       0x2c ./Drivers/STM32L0xx_HAL_Driver/Src/stm32l0xx_ll_spi.o
 .ARM.attributes
                0x00000224       0x2c ./Drivers/STM32L0xx_HAL_Driver/Src/stm32l0xx_ll_usart.o
 .ARM.attributes
                0x00000250       0x2c ./Drivers/STM32L0xx_HAL_Driver/Src/stm32l0xx_ll_utils.o
 .ARM.attributes
                0x0000027c       0x2c ./Port/deca_sleep.o
 .ARM.attributes
                0x000002a8       0x2c ./Port/deca_spi.o
 .ARM.attributes
                0x000002d4       0x2c ./Port/deca_uart.o
 .ARM.attributes
                0x00000300       0x2c ./Port/port_platform.o
 .ARM.attributes
                0x0000032c       0x2c ./cmd/cmd.o
 .ARM.attributes
                0x00000358       0x2c ./cmd/cmd_fn.o
 .ARM.attributes
                0x00000384       0x2c ./cmd/cmd_uart_rx.o
 .ARM.attributes
                0x000003b0       0x2c ./config/config.o
 .ARM.attributes
                0x000003dc       0x2c ./deca_driver/deca_device.o
 .ARM.attributes
                0x00000408       0x2c ./deca_driver/deca_params_init.o
 .ARM.attributes
                0x00000434       0x2c ./instance/instance.o
 .ARM.attributes
                0x00000460       0x2c ./mems/lis3dh.o
 .ARM.attributes
                0x0000048c       0x2c ./utils/translate.o
 .ARM.attributes
                0x000004b8       0x2c ./utils/tvc.o
 .ARM.attributes
                0x000004e4       0x2c /opt/st/stm32cubeide_1.18.0/plugins/com.st.stm32cube.ide.mcu.externaltools.gnu-tools-for-stm32.13.3.rel1.linux64_1.0.0.202410170706/tools/bin/../lib/gcc/arm-none-eabi/13.3.1/../../../../arm-none-eabi/lib/thumb/v6-m/nofp/libc_nano.a(libc_a-malloc.o)
 .ARM.attributes
                0x00000510       0x2c /opt/st/stm32cubeide_1.18.0/plugins/com.st.stm32cube.ide.mcu.externaltools.gnu-tools-for-stm32.13.3.rel1.linux64_1.0.0.202410170706/tools/bin/../lib/gcc/arm-none-eabi/13.3.1/../../../../arm-none-eabi/lib/thumb/v6-m/nofp/libc_nano.a(libc_a-mallocr.o)
 .ARM.attributes
                0x0000053c       0x2c /opt/st/stm32cubeide_1.18.0/plugins/com.st.stm32cube.ide.mcu.externaltools.gnu-tools-for-stm32.13.3.rel1.linux64_1.0.0.202410170706/tools/bin/../lib/gcc/arm-none-eabi/13.3.1/../../../../arm-none-eabi/lib/thumb/v6-m/nofp/libc_nano.a(libc_a-mlock.o)
 .ARM.attributes
                0x00000568       0x2c /opt/st/stm32cubeide_1.18.0/plugins/com.st.stm32cube.ide.mcu.externaltools.gnu-tools-for-stm32.13.3.rel1.linux64_1.0.0.202410170706/tools/bin/../lib/gcc/arm-none-eabi/13.3.1/../../../../arm-none-eabi/lib/thumb/v6-m/nofp/libc_nano.a(libc_a-ctype_.o)
 .ARM.attributes
                0x00000594       0x2c /opt/st/stm32cubeide_1.18.0/plugins/com.st.stm32cube.ide.mcu.externaltools.gnu-tools-for-stm32.13.3.rel1.linux64_1.0.0.202410170706/tools/bin/../lib/gcc/arm-none-eabi/13.3.1/../../../../arm-none-eabi/lib/thumb/v6-m/nofp/libc_nano.a(libc_a-findfp.o)
 .ARM.attributes
                0x000005c0       0x2c /opt/st/stm32cubeide_1.18.0/plugins/com.st.stm32cube.ide.mcu.externaltools.gnu-tools-for-stm32.13.3.rel1.linux64_1.0.0.202410170706/tools/bin/../lib/gcc/arm-none-eabi/13.3.1/../../../../arm-none-eabi/lib/thumb/v6-m/nofp/libc_nano.a(libc_a-sprintf.o)
 .ARM.attributes
                0x000005ec       0x2c /opt/st/stm32cubeide_1.18.0/plugins/com.st.stm32cube.ide.mcu.externaltools.gnu-tools-for-stm32.13.3.rel1.linux64_1.0.0.202410170706/tools/bin/../lib/gcc/arm-none-eabi/13.3.1/../../../../arm-none-eabi/lib/thumb/v6-m/nofp/libc_nano.a(libc_a-sscanf.o)
 .ARM.attributes
                0x00000618       0x2c /opt/st/stm32cubeide_1.18.0/plugins/com.st.stm32cube.ide.mcu.externaltools.gnu-tools-for-stm32.13.3.rel1.linux64_1.0.0.202410170706/tools/bin/../lib/gcc/arm-none-eabi/13.3.1/../../../../arm-none-eabi/lib/thumb/v6-m/nofp/libc_nano.a(libc_a-stdio.o)
 .ARM.attributes
                0x00000644       0x2c /opt/st/stm32cubeide_1.18.0/plugins/com.st.stm32cube.ide.mcu.externaltools.gnu-tools-for-stm32.13.3.rel1.linux64_1.0.0.202410170706/tools/bin/../lib/gcc/arm-none-eabi/13.3.1/../../../../arm-none-eabi/lib/thumb/v6-m/nofp/libc_nano.a(libc_a-memset.o)
 .ARM.attributes
                0x00000670       0x2c /opt/st/stm32cubeide_1.18.0/plugins/com.st.stm32cube.ide.mcu.externaltools.gnu-tools-for-stm32.13.3.rel1.linux64_1.0.0.202410170706/tools/bin/../lib/gcc/arm-none-eabi/13.3.1/../../../../arm-none-eabi/lib/thumb/v6-m/nofp/libc_nano.a(libc_a-reent.o)
 .ARM.attributes
                0x0000069c       0x2c /opt/st/stm32cubeide_1.18.0/plugins/com.st.stm32cube.ide.mcu.externaltools.gnu-tools-for-stm32.13.3.rel1.linux64_1.0.0.202410170706/tools/bin/../lib/gcc/arm-none-eabi/13.3.1/../../../../arm-none-eabi/lib/thumb/v6-m/nofp/libc_nano.a(libc_a-impure.o)
 .ARM.attributes
                0x000006c8       0x2c /opt/st/stm32cubeide_1.18.0/plugins/com.st.stm32cube.ide.mcu.externaltools.gnu-tools-for-stm32.13.3.rel1.linux64_1.0.0.202410170706/tools/bin/../lib/gcc/arm-none-eabi/13.3.1/../../../../arm-none-eabi/lib/thumb/v6-m/nofp/libc_nano.a(libc_a-sbrkr.o)
 .ARM.attributes
                0x000006f4       0x2c /opt/st/stm32cubeide_1.18.0/plugins/com.st.stm32cube.ide.mcu.externaltools.gnu-tools-for-stm32.13.3.rel1.linux64_1.0.0.202410170706/tools/bin/../lib/gcc/arm-none-eabi/13.3.1/../../../../arm-none-eabi/lib/thumb/v6-m/nofp/libc_nano.a(libc_a-errno.o)
 .ARM.attributes
                0x00000720       0x2c /opt/st/stm32cubeide_1.18.0/plugins/com.st.stm32cube.ide.mcu.externaltools.gnu-tools-for-stm32.13.3.rel1.linux64_1.0.0.202410170706/tools/bin/../lib/gcc/arm-none-eabi/13.3.1/../../../../arm-none-eabi/lib/thumb/v6-m/nofp/libc_nano.a(libc_a-init.o)
 .ARM.attributes
                0x0000074c       0x2c /opt/st/stm32cubeide_1.18.0/plugins/com.st.stm32cube.ide.mcu.externaltools.gnu-tools-for-stm32.13.3.rel1.linux64_1.0.0.202410170706/tools/bin/../lib/gcc/arm-none-eabi/13.3.1/../../../../arm-none-eabi/lib/thumb/v6-m/nofp/libc_nano.a(libc_a-lock.o)
 .ARM.attributes
                0x00000778       0x1c /opt/st/stm32cubeide_1.18.0/plugins/com.st.stm32cube.ide.mcu.externaltools.gnu-tools-for-stm32.13.3.rel1.linux64_1.0.0.202410170706/tools/bin/../lib/gcc/arm-none-eabi/13.3.1/../../../../arm-none-eabi/lib/thumb/v6-m/nofp/libc_nano.a(libc_a-strcmp.o)
 .ARM.attributes
                0x00000794       0x2c /opt/st/stm32cubeide_1.18.0/plugins/com.st.stm32cube.ide.mcu.externaltools.gnu-tools-for-stm32.13.3.rel1.linux64_1.0.0.202410170706/tools/bin/../lib/gcc/arm-none-eabi/13.3.1/../../../../arm-none-eabi/lib/thumb/v6-m/nofp/libc_nano.a(libc_a-strcpy.o)
 .ARM.attributes
                0x000007c0       0x2c /opt/st/stm32cubeide_1.18.0/plugins/com.st.stm32cube.ide.mcu.externaltools.gnu-tools-for-stm32.13.3.rel1.linux64_1.0.0.202410170706/tools/bin/../lib/gcc/arm-none-eabi/13.3.1/../../../../arm-none-eabi/lib/thumb/v6-m/nofp/libc_nano.a(libc_a-memcpy-stub.o)
 .ARM.attributes
                0x000007ec       0x1c /opt/st/stm32cubeide_1.18.0/plugins/com.st.stm32cube.ide.mcu.externaltools.gnu-tools-for-stm32.13.3.rel1.linux64_1.0.0.202410170706/tools/bin/../lib/gcc/arm-none-eabi/13.3.1/../../../../arm-none-eabi/lib/thumb/v6-m/nofp/libc_nano.a(libc_a-strlen.o)
 .ARM.attributes
                0x00000808       0x2c /opt/st/stm32cubeide_1.18.0/plugins/com.st.stm32cube.ide.mcu.externaltools.gnu-tools-for-stm32.13.3.rel1.linux64_1.0.0.202410170706/tools/bin/../lib/gcc/arm-none-eabi/13.3.1/../../../../arm-none-eabi/lib/thumb/v6-m/nofp/libc_nano.a(libc_a-freer.o)
 .ARM.attributes
                0x00000834       0x2c /opt/st/stm32cubeide_1.18.0/plugins/com.st.stm32cube.ide.mcu.externaltools.gnu-tools-for-stm32.13.3.rel1.linux64_1.0.0.202410170706/tools/bin/../lib/gcc/arm-none-eabi/13.3.1/../../../../arm-none-eabi/lib/thumb/v6-m/nofp/libc_nano.a(libc_a-nano-svfprintf.o)
 .ARM.attributes
                0x00000860       0x2c /opt/st/stm32cubeide_1.18.0/plugins/com.st.stm32cube.ide.mcu.externaltools.gnu-tools-for-stm32.13.3.rel1.linux64_1.0.0.202410170706/tools/bin/../lib/gcc/arm-none-eabi/13.3.1/../../../../arm-none-eabi/lib/thumb/v6-m/nofp/libc_nano.a(libc_a-nano-svfscanf.o)
 .ARM.attributes
                0x0000088c       0x2c /opt/st/stm32cubeide_1.18.0/plugins/com.st.stm32cube.ide.mcu.externaltools.gnu-tools-for-stm32.13.3.rel1.linux64_1.0.0.202410170706/tools/bin/../lib/gcc/arm-none-eabi/13.3.1/../../../../arm-none-eabi/lib/thumb/v6-m/nofp/libc_nano.a(libc_a-nano-vfprintf_i.o)
 .ARM.attributes
                0x000008b8       0x2c /opt/st/stm32cubeide_1.18.0/plugins/com.st.stm32cube.ide.mcu.externaltools.gnu-tools-for-stm32.13.3.rel1.linux64_1.0.0.202410170706/tools/bin/../lib/gcc/arm-none-eabi/13.3.1/../../../../arm-none-eabi/lib/thumb/v6-m/nofp/libc_nano.a(libc_a-nano-vfscanf_i.o)
 .ARM.attributes
                0x000008e4       0x2c /opt/st/stm32cubeide_1.18.0/plugins/com.st.stm32cube.ide.mcu.externaltools.gnu-tools-for-stm32.13.3.rel1.linux64_1.0.0.202410170706/tools/bin/../lib/gcc/arm-none-eabi/13.3.1/../../../../arm-none-eabi/lib/thumb/v6-m/nofp/libc_nano.a(libc_a-sccl.o)
 .ARM.attributes
                0x00000910       0x2c /opt/st/stm32cubeide_1.18.0/plugins/com.st.stm32cube.ide.mcu.externaltools.gnu-tools-for-stm32.13.3.rel1.linux64_1.0.0.202410170706/tools/bin/../lib/gcc/arm-none-eabi/13.3.1/../../../../arm-none-eabi/lib/thumb/v6-m/nofp/libc_nano.a(libc_a-ungetc.o)
 .ARM.attributes
                0x0000093c       0x2c /opt/st/stm32cubeide_1.18.0/plugins/com.st.stm32cube.ide.mcu.externaltools.gnu-tools-for-stm32.13.3.rel1.linux64_1.0.0.202410170706/tools/bin/../lib/gcc/arm-none-eabi/13.3.1/../../../../arm-none-eabi/lib/thumb/v6-m/nofp/libc_nano.a(libc_a-memmove.o)
 .ARM.attributes
                0x00000968       0x2c /opt/st/stm32cubeide_1.18.0/plugins/com.st.stm32cube.ide.mcu.externaltools.gnu-tools-for-stm32.13.3.rel1.linux64_1.0.0.202410170706/tools/bin/../lib/gcc/arm-none-eabi/13.3.1/../../../../arm-none-eabi/lib/thumb/v6-m/nofp/libc_nano.a(libc_a-memchr-stub.o)
 .ARM.attributes
                0x00000994       0x2c /opt/st/stm32cubeide_1.18.0/plugins/com.st.stm32cube.ide.mcu.externaltools.gnu-tools-for-stm32.13.3.rel1.linux64_1.0.0.202410170706/tools/bin/../lib/gcc/arm-none-eabi/13.3.1/../../../../arm-none-eabi/lib/thumb/v6-m/nofp/libc_nano.a(libc_a-reallocr.o)
 .ARM.attributes
                0x000009c0       0x2c /opt/st/stm32cubeide_1.18.0/plugins/com.st.stm32cube.ide.mcu.externaltools.gnu-tools-for-stm32.13.3.rel1.linux64_1.0.0.202410170706/tools/bin/../lib/gcc/arm-none-eabi/13.3.1/../../../../arm-none-eabi/lib/thumb/v6-m/nofp/libc_nano.a(libc_a-strtol.o)
 .ARM.attributes
                0x000009ec       0x2c /opt/st/stm32cubeide_1.18.0/plugins/com.st.stm32cube.ide.mcu.externaltools.gnu-tools-for-stm32.13.3.rel1.linux64_1.0.0.202410170706/tools/bin/../lib/gcc/arm-none-eabi/13.3.1/../../../../arm-none-eabi/lib/thumb/v6-m/nofp/libc_nano.a(libc_a-strtoul.o)
 .ARM.attributes
                0x00000a18       0x2c /opt/st/stm32cubeide_1.18.0/plugins/com.st.stm32cube.ide.mcu.externaltools.gnu-tools-for-stm32.13.3.rel1.linux64_1.0.0.202410170706/tools/bin/../lib/gcc/arm-none-eabi/13.3.1/../../../../arm-none-eabi/lib/thumb/v6-m/nofp/libc_nano.a(libc_a-msizer.o)
 .ARM.attributes
                0x00000a44       0x1e /opt/st/stm32cubeide_1.18.0/plugins/com.st.stm32cube.ide.mcu.externaltools.gnu-tools-for-stm32.13.3.rel1.linux64_1.0.0.202410170706/tools/bin/../lib/gcc/arm-none-eabi/13.3.1/thumb/v6-m/nofp/libgcc.a(_thumb1_case_shi.o)
 .ARM.attributes
                0x00000a62       0x1e /opt/st/stm32cubeide_1.18.0/plugins/com.st.stm32cube.ide.mcu.externaltools.gnu-tools-for-stm32.13.3.rel1.linux64_1.0.0.202410170706/tools/bin/../lib/gcc/arm-none-eabi/13.3.1/thumb/v6-m/nofp/libgcc.a(_udivsi3.o)
 .ARM.attributes
                0x00000a80       0x1e /opt/st/stm32cubeide_1.18.0/plugins/com.st.stm32cube.ide.mcu.externaltools.gnu-tools-for-stm32.13.3.rel1.linux64_1.0.0.202410170706/tools/bin/../lib/gcc/arm-none-eabi/13.3.1/thumb/v6-m/nofp/libgcc.a(_dvmd_tls.o)
 .ARM.attributes
                0x00000a9e       0x1e /opt/st/stm32cubeide_1.18.0/plugins/com.st.stm32cube.ide.mcu.externaltools.gnu-tools-for-stm32.13.3.rel1.linux64_1.0.0.202410170706/tools/bin/../lib/gcc/arm-none-eabi/13.3.1/thumb/v6-m/nofp/crtn.o
OUTPUT(my1004c.elf elf32-littlearm)
LOAD linker stubs
LOAD /opt/st/stm32cubeide_1.18.0/plugins/com.st.stm32cube.ide.mcu.externaltools.gnu-tools-for-stm32.13.3.rel1.linux64_1.0.0.202410170706/tools/bin/../lib/gcc/arm-none-eabi/13.3.1/../../../../arm-none-eabi/lib/thumb/v6-m/nofp/libc.a
LOAD /opt/st/stm32cubeide_1.18.0/plugins/com.st.stm32cube.ide.mcu.externaltools.gnu-tools-for-stm32.13.3.rel1.linux64_1.0.0.202410170706/tools/bin/../lib/gcc/arm-none-eabi/13.3.1/../../../../arm-none-eabi/lib/thumb/v6-m/nofp/libm.a
LOAD /opt/st/stm32cubeide_1.18.0/plugins/com.st.stm32cube.ide.mcu.externaltools.gnu-tools-for-stm32.13.3.rel1.linux64_1.0.0.202410170706/tools/bin/../lib/gcc/arm-none-eabi/13.3.1/thumb/v6-m/nofp/libgcc.a

.comment        0x00000000       0x43
 .comment       0x00000000       0x43 ./Core/Src/main.o
                                 0x44 (size before relaxing)
 .comment       0x00000043       0x44 ./Core/Src/stm32l0xx_it.o
 .comment       0x00000043       0x44 ./Core/Src/sysmem.o
 .comment       0x00000043       0x44 ./Core/Src/system_stm32l0xx.o
 .comment       0x00000043       0x44 ./Drivers/STM32L0xx_HAL_Driver/Src/stm32l0xx_ll_exti.o
 .comment       0x00000043       0x44 ./Drivers/STM32L0xx_HAL_Driver/Src/stm32l0xx_ll_gpio.o
 .comment       0x00000043       0x44 ./Drivers/STM32L0xx_HAL_Driver/Src/stm32l0xx_ll_i2c.o
 .comment       0x00000043       0x44 ./Drivers/STM32L0xx_HAL_Driver/Src/stm32l0xx_ll_rcc.o
 .comment       0x00000043       0x44 ./Drivers/STM32L0xx_HAL_Driver/Src/stm32l0xx_ll_rtc.o
 .comment       0x00000043       0x44 ./Drivers/STM32L0xx_HAL_Driver/Src/stm32l0xx_ll_spi.o
 .comment       0x00000043       0x44 ./Drivers/STM32L0xx_HAL_Driver/Src/stm32l0xx_ll_usart.o
 .comment       0x00000043       0x44 ./Drivers/STM32L0xx_HAL_Driver/Src/stm32l0xx_ll_utils.o
 .comment       0x00000043       0x44 ./Port/deca_sleep.o
 .comment       0x00000043       0x44 ./Port/deca_spi.o
 .comment       0x00000043       0x44 ./Port/deca_uart.o
 .comment       0x00000043       0x44 ./Port/port_platform.o
 .comment       0x00000043       0x44 ./cmd/cmd.o
 .comment       0x00000043       0x44 ./cmd/cmd_fn.o
 .comment       0x00000043       0x44 ./cmd/cmd_uart_rx.o
 .comment       0x00000043       0x44 ./config/config.o