../Drivers/STM32L0xx_HAL_Driver/Inc/stm32l0xx_ll_usart.h:2624:26:LL_USART_IsActiveFlag_TC	16	static
../Drivers/STM32L0xx_HAL_Driver/Inc/stm32l0xx_ll_usart.h:2635:26:LL_USART_IsActiveFlag_TXE	16	static
../Drivers/STM32L0xx_HAL_Driver/Inc/stm32l0xx_ll_usart.h:3632:22:LL_USART_TransmitData8	16	static
../Port/deca_uart.c:35:5:__io_putchar	16	static
../Port/deca_uart.c:44:5:_write	32	static
../Port/deca_uart.c:54:6:deca_uart_rx_data_ready	8	static
../Port/deca_uart.c:61:6:UART_RxCpltCallback	16	static
../Port/deca_uart.c:105:6:port_tx_msg	16	static
../Port/deca_uart.c:117:10:deca_uart_receive	24	static,ignoring_inline_asm
