../Drivers/STM32L0xx_HAL_Driver/Inc/stm32l0xx_ll_i2c.h:1565:26:LL_I2C_IsActiveFlag_TXIS	16	static
../Drivers/STM32L0xx_HAL_Driver/Inc/stm32l0xx_ll_i2c.h:1578:26:LL_I2C_IsActiveFlag_RXNE	16	static
../Drivers/STM32L0xx_HAL_Driver/Inc/stm32l0xx_ll_i2c.h:1617:26:LL_I2C_IsActiveFlag_STOP	16	static
../Drivers/STM32L0xx_HAL_Driver/Inc/stm32l0xx_ll_i2c.h:1774:22:LL_I2C_ClearFlag_STOP	16	static
../Drivers/STM32L0xx_HAL_Driver/Inc/stm32l0xx_ll_i2c.h:2133:22:LL_I2C_HandleTransfer	32	static
../Drivers/STM32L0xx_HAL_Driver/Inc/stm32l0xx_ll_i2c.h:2225:25:LL_I2C_ReceiveData8	16	static
../Drivers/STM32L0xx_HAL_Driver/Inc/stm32l0xx_ll_i2c.h:2237:22:LL_I2C_TransmitData8	16	static
../Drivers/STM32L0xx_HAL_Driver/Inc/stm32l0xx_ll_iwdg.h:141:22:LL_IWDG_Enable	16	static
../Drivers/STM32L0xx_HAL_Driver/Inc/stm32l0xx_ll_iwdg.h:152:22:LL_IWDG_ReloadCounter	16	static
../Drivers/STM32L0xx_HAL_Driver/Inc/stm32l0xx_ll_iwdg.h:163:22:LL_IWDG_EnableWriteAccess	16	static
../Drivers/STM32L0xx_HAL_Driver/Inc/stm32l0xx_ll_iwdg.h:193:22:LL_IWDG_SetPrescaler	16	static
../Drivers/STM32L0xx_HAL_Driver/Inc/stm32l0xx_ll_iwdg.h:223:22:LL_IWDG_SetReloadCounter	16	static
../Drivers/STM32L0xx_HAL_Driver/Inc/stm32l0xx_ll_iwdg.h:246:22:LL_IWDG_SetWindow	16	static
../Drivers/STM32L0xx_HAL_Driver/Inc/stm32l0xx_ll_iwdg.h:311:26:LL_IWDG_IsReady	16	static
../Drivers/STM32L0xx_HAL_Driver/Inc/stm32l0xx_ll_rtc.h:988:22:LL_RTC_EnableWriteProtection	16	static
../Drivers/STM32L0xx_HAL_Driver/Inc/stm32l0xx_ll_rtc.h:999:22:LL_RTC_DisableWriteProtection	16	static
../Drivers/STM32L0xx_HAL_Driver/Inc/stm32l0xx_ll_rtc.h:2836:22:LL_RTC_WAKEUP_Enable	16	static
../Drivers/STM32L0xx_HAL_Driver/Inc/stm32l0xx_ll_rtc.h:2848:22:LL_RTC_WAKEUP_Disable	16	static
../Drivers/STM32L0xx_HAL_Driver/Inc/stm32l0xx_ll_rtc.h:2859:26:LL_RTC_WAKEUP_IsEnabled	16	static
../Drivers/STM32L0xx_HAL_Driver/Inc/stm32l0xx_ll_rtc.h:3283:22:LL_RTC_ClearFlag_WUT	16	static
../Drivers/STM32L0xx_HAL_Driver/Inc/stm32l0xx_ll_rtc.h:3371:26:LL_RTC_IsActiveFlag_WUTW	16	static
../Drivers/STM32L0xx_HAL_Driver/Inc/stm32l0xx_ll_rtc.h:3437:22:LL_RTC_EnableIT_WUT	16	static
../Drivers/STM32L0xx_HAL_Driver/Inc/stm32l0xx_ll_rtc.h:3449:22:LL_RTC_DisableIT_WUT	16	static
../Drivers/STM32L0xx_HAL_Driver/Inc/stm32l0xx_ll_spi.h:310:22:LL_SPI_Enable	16	static
../Drivers/STM32L0xx_HAL_Driver/Inc/stm32l0xx_ll_spi.h:322:22:LL_SPI_Disable	16	static
../Drivers/STM32L0xx_HAL_Driver/Inc/stm32l0xx_ll_spi.h:470:22:LL_SPI_SetBaudRatePrescaler	16	static
../Drivers/STM32L0xx_HAL_Driver/Inc/stm32l0xx_ll_spi.h:744:26:LL_SPI_IsActiveFlag_RXNE	16	static
../Drivers/STM32L0xx_HAL_Driver/Inc/stm32l0xx_ll_spi.h:806:26:LL_SPI_IsActiveFlag_BSY	16	static
../Drivers/STM32L0xx_HAL_Driver/Inc/stm32l0xx_ll_spi.h:1090:25:LL_SPI_ReceiveData8	16	static
../Drivers/STM32L0xx_HAL_Driver/Inc/stm32l0xx_ll_usart.h:541:22:LL_USART_Enable	16	static
../Drivers/STM32L0xx_HAL_Driver/Inc/stm32l0xx_ll_usart.h:555:22:LL_USART_Disable	16	static
../Drivers/STM32L0xx_HAL_Driver/Inc/stm32l0xx_ll_usart.h:581:22:LL_USART_EnableInStopMode	32	static,ignoring_inline_asm
../Drivers/STM32L0xx_HAL_Driver/Inc/stm32l0xx_ll_usart.h:595:22:LL_USART_DisableInStopMode	32	static,ignoring_inline_asm
../Drivers/STM32L0xx_HAL_Driver/Inc/stm32l0xx_ll_usart.h:1592:26:LL_USART_GetWKUPType	16	static
../Drivers/STM32L0xx_HAL_Driver/Inc/stm32l0xx_ll_usart.h:2624:26:LL_USART_IsActiveFlag_TC	16	static
../Drivers/STM32L0xx_HAL_Driver/Inc/stm32l0xx_ll_usart.h:2735:26:LL_USART_IsActiveFlag_BUSY	16	static
../Drivers/STM32L0xx_HAL_Driver/Inc/stm32l0xx_ll_usart.h:2803:26:LL_USART_IsActiveFlag_REACK	16	static
../Drivers/STM32L0xx_HAL_Driver/Inc/stm32l0xx_ll_usart.h:2828:22:LL_USART_ClearFlag_PE	16	static
../Drivers/STM32L0xx_HAL_Driver/Inc/stm32l0xx_ll_usart.h:2839:22:LL_USART_ClearFlag_FE	16	static
../Drivers/STM32L0xx_HAL_Driver/Inc/stm32l0xx_ll_usart.h:2850:22:LL_USART_ClearFlag_NE	16	static
../Drivers/STM32L0xx_HAL_Driver/Inc/stm32l0xx_ll_usart.h:2861:22:LL_USART_ClearFlag_ORE	16	static
../Drivers/STM32L0xx_HAL_Driver/Inc/stm32l0xx_ll_usart.h:2971:22:LL_USART_ClearFlag_WKUP	16	static
../Drivers/STM32L0xx_HAL_Driver/Inc/stm32l0xx_ll_usart.h:3034:22:LL_USART_EnableIT_PE	32	static,ignoring_inline_asm
../Drivers/STM32L0xx_HAL_Driver/Inc/stm32l0xx_ll_usart.h:3097:22:LL_USART_EnableIT_ERROR	32	static,ignoring_inline_asm
../Drivers/STM32L0xx_HAL_Driver/Inc/stm32l0xx_ll_usart.h:3172:22:LL_USART_DisableIT_TC	32	static,ignoring_inline_asm
../Drivers/STM32L0xx_HAL_Driver/Inc/stm32l0xx_ll_usart.h:3609:25:LL_USART_ReceiveData8	16	static
../Drivers/STM32L0xx_HAL_Driver/Inc/stm32l0xx_ll_gpio.h:843:22:LL_GPIO_SetOutputPin	16	static
../Drivers/STM32L0xx_HAL_Driver/Inc/stm32l0xx_ll_gpio.h:872:22:LL_GPIO_ResetOutputPin	16	static
../Drivers/STM32L0xx_HAL_Driver/Inc/stm32l0xx_ll_gpio.h:901:22:LL_GPIO_TogglePin	24	static
../Port/port_platform.c:59:6:IncSysTick	8	static
../Port/port_platform.c:70:1:portGetTickCount	8	static
../Port/port_platform.c:75:6:HAL_AdjustTickCount	16	static,ignoring_inline_asm
../Port/port_platform.c:87:6:start_timer	16	static
../Port/port_platform.c:100:6:check_timer	24	static
../Port/port_platform.c:143:6:port_set_dw1000_slowrate	8	static
../Port/port_platform.c:164:6:port_set_dw1000_fastrate	8	static
../Port/port_platform.c:198:17:decamutexon	8	static
../Port/port_platform.c:217:6:decamutexoff	16	static
../Port/port_platform.c:233:6:reset_DW1000	32	static
../Port/port_platform.c:259:6:port_wakeup_dw1000	8	static
../Port/port_platform.c:283:6:LEDS_INVERT	16	static
../Port/port_platform.c:297:6:LEDS_ON	16	static
../Port/port_platform.c:314:6:LEDS_OFF	16	static
../Port/port_platform.c:342:6:lis3dh_power_ON	32	static
../Port/port_platform.c:361:6:lis3dh_power_OFF	32	static
../Port/port_platform.c:375:6:spi_device_init	16	static
../Port/port_platform.c:383:6:spi_transfer_pf	24	static
../Port/port_platform.c:390:6:i2c_slave_read	32	static
../Port/port_platform.c:419:6:lis3dh_configure_int	40	static
../Port/port_platform.c:465:6:GPIO_EXTI3_Callback	8	static
../Port/port_platform.c:471:6:GPIO_EXTI0_Callback	8	static
../Port/port_platform.c:475:6:GPIO_EXTI4_15_Callback	8	static
../Port/port_platform.c:486:6:i2c_slave_write	32	static
../Port/port_platform.c:505:6:Config_SysClk_HSI16	8	static
../Port/port_platform.c:522:6:Config_SysClk_MSI_131	8	static
../Port/port_platform.c:540:6:RTC_DeactivateWakeUpTimer	16	static
../Port/port_platform.c:570:6:RTC_SetWakeUpTimer_IT	24	static
../Port/port_platform.c:644:5:UARTE_StopModeWakeUpSourceConfig	32	static
../Port/port_platform.c:692:6:SystemPower_Config	8	static
../Port/port_platform.c:726:6:PWR_EnterSTOPMode	16	static,ignoring_inline_asm
../Port/port_platform.c:761:6:low_power	24	static
../Port/port_platform.c:824:17:HAL_UART_ErrorCallback	8	static
../Port/port_platform.c:835:13:UART2_EndRxTransfer	8	static
../Port/port_platform.c:846:6:UART2_IRQHandler	32	static
../Port/port_platform.c:983:6:vTestModeMotionDetect	16	static,ignoring_inline_asm
../Port/port_platform.c:1016:6:Restart	8	static,ignoring_inline_asm
../Port/port_platform.c:1036:6:SendButton	8	static
