../Drivers/STM32L0xx_HAL_Driver/Inc/stm32l0xx_ll_crc.h:156:22:LL_CRC_ResetCRCCalculationUnit	16	static
../Drivers/STM32L0xx_HAL_Driver/Inc/stm32l0xx_ll_crc.h:351:22:LL_CRC_FeedData8	16	static
../Drivers/STM32L0xx_HAL_Driver/Inc/stm32l0xx_ll_crc.h:386:25:LL_CRC_ReadData8	16	static
../config/config.c:38:13:LockEeprom	8	static
../config/config.c:63:13:UnlockEeprom	8	static
../config/config.c:84:13:EepromProgram	16	static,ignoring_inline_asm
../config/config.c:94:16:CRC8_Calculate	16	static
../config/config.c:110:6:save_bssConfig	296	static,ignoring_inline_asm
../config/config.c:137:6:load_bssConfig	24	static
../config/config.c:149:16:get_pbssConfig	8	static
../config/config.c:158:6:restore_nvm_fconfig	8	static
